CLIENT_HANDSHAKE_TRAFFIC_SECRET 9843e01cccfca5bf481ca97bec10111c9f628ae68bae7308bffc6420c906c1cf 9605ca8f0297ef778e4bf552ca283f9968a84e0fa578856b2129d9f787916f30
SERVER_HANDSHAKE_TRAFFIC_SECRET 9843e01cccfca5bf481ca97bec10111c9f628ae68bae7308bffc6420c906c1cf 23521c823f68a526e5aede0f3d66e5a0b8ec9e367e0a35ea52a3c965427ffc81
CLIENT_TRAFFIC_SECRET_0 9843e01cccfca5bf481ca97bec10111c9f628ae68bae7308bffc6420c906c1cf 6350ae33e6ad6fbd8a26b2e76d349292d71bc4ee0073ea44fd3e7f3c44c49735
SERVER_TRAFFIC_SECRET_0 9843e01cccfca5bf481ca97bec10111c9f628ae68bae7308bffc6420c906c1cf 469514b3a934c3529134be1ee700febcdfa2dedd7e69e3f15e4dd3b1d3164c34
EXPORTER_SECRET 9843e01cccfca5bf481ca97bec10111c9f628ae68bae7308bffc6420c906c1cf 4b2d6d6887f64bf38a7abcddf2b55b53141a5f37697ce3db30105a2f28577223
CLIENT_HANDSHAKE_TRAFFIC_SECRET 487bfd2e99c881d21f9c79716a93c9d861c0ae5602e8f6ccfb0b497d634f0820 e2dda86973bd5073acfbdd531dbeda890257ca03b09483a84ef4e64b90a72a1e
SERVER_HANDSHAKE_TRAFFIC_SECRET 487bfd2e99c881d21f9c79716a93c9d861c0ae5602e8f6ccfb0b497d634f0820 129c0f2430b775a9301cd7eb6ba236fef636726dc8a03f8195bddc505c93d725
CLIENT_TRAFFIC_SECRET_0 487bfd2e99c881d21f9c79716a93c9d861c0ae5602e8f6ccfb0b497d634f0820 c0814c457d54eaa7fcd2ade08a48299a16a1b6e3e386ba7e78c41dca96a8e618
SERVER_TRAFFIC_SECRET_0 487bfd2e99c881d21f9c79716a93c9d861c0ae5602e8f6ccfb0b497d634f0820 5c130df4eb0038475e376eec3ce1b742c1893218d8c6039dc0539914e09e294f
EXPORTER_SECRET 487bfd2e99c881d21f9c79716a93c9d861c0ae5602e8f6ccfb0b497d634f0820 a1ec55bcdad06b8afac486fd9d74e92348091fb9449c387050750d7178219fab
CLIENT_HANDSHAKE_TRAFFIC_SECRET a9d0ba0be8d7fd82cba1b24228b3c06cf7125b4648a355afe04a31f12d1be84a e42d02c3ed90179fa45d70d7185481a2db720064cde70753ec9bca73f5b98096
SERVER_HANDSHAKE_TRAFFIC_SECRET a9d0ba0be8d7fd82cba1b24228b3c06cf7125b4648a355afe04a31f12d1be84a 752c611d22d472ae13afc80d1670a5cef831a89f5f73d4048532da3cd0faf79e
CLIENT_TRAFFIC_SECRET_0 a9d0ba0be8d7fd82cba1b24228b3c06cf7125b4648a355afe04a31f12d1be84a 421282cc929e2da28f5f741edb85a4bdf3634ba82f5ded33e8e80419e429248b
SERVER_TRAFFIC_SECRET_0 a9d0ba0be8d7fd82cba1b24228b3c06cf7125b4648a355afe04a31f12d1be84a bf653ca7dc61d586ad6ce8f198a6ee50500771ed1ffc368c8e0c0baad436e4cb
EXPORTER_SECRET a9d0ba0be8d7fd82cba1b24228b3c06cf7125b4648a355afe04a31f12d1be84a 5460a7c0f0fc815274134b0d16675cece57d4e6e1ae8bf85b646ab1d5cff0c70
CLIENT_HANDSHAKE_TRAFFIC_SECRET f37a775669610ccbb1297c9d181ea08b5434f1acbc7eda333520e3f15bc48d9b b1717c0772ee1d940ddf40b4cd12221bcfdd41a098b18e1eedf0bade778764d9
SERVER_HANDSHAKE_TRAFFIC_SECRET f37a775669610ccbb1297c9d181ea08b5434f1acbc7eda333520e3f15bc48d9b b41e8b915f721a8adce6e399491e489913df72f4d97af89ee8d6e0c176340dbe
CLIENT_TRAFFIC_SECRET_0 f37a775669610ccbb1297c9d181ea08b5434f1acbc7eda333520e3f15bc48d9b 28b3e8804f141487668fd7cc76931c04277ac9c8db888e1eec14f06a4f3b9127
SERVER_TRAFFIC_SECRET_0 f37a775669610ccbb1297c9d181ea08b5434f1acbc7eda333520e3f15bc48d9b cd7597f90abd40971f5be6a6dc6a25c66dc62b4a48463788a4b3623fa410d9bf
EXPORTER_SECRET f37a775669610ccbb1297c9d181ea08b5434f1acbc7eda333520e3f15bc48d9b 26745afc9cb83c5a393a18fee237c2604691db62ffb7d3f0148a3cb357c3ddad
CLIENT_HANDSHAKE_TRAFFIC_SECRET 4a81aa1ff125f813a70f4981b6489e690763e8704f0043c653b92a303b492095 f125944d1001c01bd19f9eaa97d38fb2601d5b5cc4f2ff82e452e37f549e611f
SERVER_HANDSHAKE_TRAFFIC_SECRET 4a81aa1ff125f813a70f4981b6489e690763e8704f0043c653b92a303b492095 0e81804123a6c9ccd42163f27a55421d81a0d9b8549b65aa101a0ef858b0f2d7
CLIENT_TRAFFIC_SECRET_0 4a81aa1ff125f813a70f4981b6489e690763e8704f0043c653b92a303b492095 ffd288f71ef8ce19ffcb7d8b2aad786698ed2306bca1e3bb7f8ae388233ee4de
SERVER_TRAFFIC_SECRET_0 4a81aa1ff125f813a70f4981b6489e690763e8704f0043c653b92a303b492095 407076b61a73731baa9870b7d93e408cda61cf3196f7bf5d9129080da6b9980c
EXPORTER_SECRET 4a81aa1ff125f813a70f4981b6489e690763e8704f0043c653b92a303b492095 7288cb2325397e9d8fcfdab9b3835e167dc8ce2c19f9cbed3b46fd92a0239625
CLIENT_HANDSHAKE_TRAFFIC_SECRET 2efb9a23f58ebe903e6a7e4ec8529d5c3a9d4ba293ed8419cfb9d776d068159b 63327dc1446ee600d777758a503cebb3a8e4f3c2865a597517d441b51ad0b00f
SERVER_HANDSHAKE_TRAFFIC_SECRET 2efb9a23f58ebe903e6a7e4ec8529d5c3a9d4ba293ed8419cfb9d776d068159b 881ec6463b54fd9fca7d3273819649082a5b8b31d8f9893b9ae93e42b67a0563
CLIENT_TRAFFIC_SECRET_0 2efb9a23f58ebe903e6a7e4ec8529d5c3a9d4ba293ed8419cfb9d776d068159b 7734489fe8d81e1779caac8af11801e23aaab915a5b1726176d2a68d0ac98f1a
SERVER_TRAFFIC_SECRET_0 2efb9a23f58ebe903e6a7e4ec8529d5c3a9d4ba293ed8419cfb9d776d068159b b34da3ee969095275d55c7394c7d9c0ca42e9424d277db4fe8a36195b33988ae
EXPORTER_SECRET 2efb9a23f58ebe903e6a7e4ec8529d5c3a9d4ba293ed8419cfb9d776d068159b 8ed139f54a6557c915378fcdd4db5d65649540afbe7c54548ee9f4cda5e3fd14
CLIENT_HANDSHAKE_TRAFFIC_SECRET 545bddc1ae3fad11952521f4e3bf6b17015825e04f165d3a0731eea72f53c378 aeb17ea16aba802a2ed7ca728de4a4c0a90b17113022e31b257a16de4f1a98d1
SERVER_HANDSHAKE_TRAFFIC_SECRET 545bddc1ae3fad11952521f4e3bf6b17015825e04f165d3a0731eea72f53c378 ee95e758f11cc99563f1e5dfb36a76fd9b8a8da1e93cc97c79a9f7989fbc41c4
CLIENT_TRAFFIC_SECRET_0 545bddc1ae3fad11952521f4e3bf6b17015825e04f165d3a0731eea72f53c378 9e7c39a4db9fc51351719485757f2ac9dc8e4ab8c83fecb3fb679df869ec7a96
SERVER_TRAFFIC_SECRET_0 545bddc1ae3fad11952521f4e3bf6b17015825e04f165d3a0731eea72f53c378 23fd690f5dc7b927a2741e1dc81003d70ff73a1e7c4ad71a1455e642e1c25a9c
EXPORTER_SECRET 545bddc1ae3fad11952521f4e3bf6b17015825e04f165d3a0731eea72f53c378 f4808f3e2c256b76ca2b1ce66693f45fcc544210de00d5527d386c7e72b0ab59
CLIENT_HANDSHAKE_TRAFFIC_SECRET bca65ee637e3eb23f538f4b72dff6f2d0f0ac1b29fd264eac7593681b80dc414 61f687c0dcf957f8b7cc716bbfcee9ecbff6289ea3580d44bf997f1b5c34a2dc
SERVER_HANDSHAKE_TRAFFIC_SECRET bca65ee637e3eb23f538f4b72dff6f2d0f0ac1b29fd264eac7593681b80dc414 d62c84aee27018fa65ed70d3d8aa46728b88b9525bef059a70768db0ceaaee15
CLIENT_TRAFFIC_SECRET_0 bca65ee637e3eb23f538f4b72dff6f2d0f0ac1b29fd264eac7593681b80dc414 a56778367d76afa693d22c97f643d604f975eb2daa6dd0c390933ef727255e60
SERVER_TRAFFIC_SECRET_0 bca65ee637e3eb23f538f4b72dff6f2d0f0ac1b29fd264eac7593681b80dc414 9db7ac8a08cb3f489fa99e7ce87da70bb56e48f7bde31d6d2755e7a04c6818c2
EXPORTER_SECRET bca65ee637e3eb23f538f4b72dff6f2d0f0ac1b29fd264eac7593681b80dc414 18ed976f96433916b22e8417234887c6d86a276931c0e85ae5920606865bb394
CLIENT_HANDSHAKE_TRAFFIC_SECRET f4baaf513a6c23b7bdaf8a8a15ae13711b86635270469c3ec8a7110eaaae0c9b 1e8fc99e0225be08cf5db7a2d48c5dc40ae7e78a3fc9737cfbaf3ac33f37eaed
SERVER_HANDSHAKE_TRAFFIC_SECRET f4baaf513a6c23b7bdaf8a8a15ae13711b86635270469c3ec8a7110eaaae0c9b 7b9b679173fc08156d94693df3d260acb000c11509e8e08d6118832c83731d68
CLIENT_TRAFFIC_SECRET_0 f4baaf513a6c23b7bdaf8a8a15ae13711b86635270469c3ec8a7110eaaae0c9b 35592eb2a12edf646fb98273411c12e15b0fc90d3114d65ad74d115dfa2e340a
SERVER_TRAFFIC_SECRET_0 f4baaf513a6c23b7bdaf8a8a15ae13711b86635270469c3ec8a7110eaaae0c9b 765a5f78f06486075e5a344b50b6162b23a6621072729fa82dfa504c380fad2f
EXPORTER_SECRET f4baaf513a6c23b7bdaf8a8a15ae13711b86635270469c3ec8a7110eaaae0c9b a143201ed0aff2318b02510c88e30829a3b52b0eb7652c4ef3449310a94ab650
CLIENT_HANDSHAKE_TRAFFIC_SECRET 4a8477d3c80a433c85dce177872ae1c53a5b3e4b869b1c5fff8ce12f572f9144 6ec10fbaeed187ba022d55165a424a18fd491e6efcdd0a4b0d097ab49e86688b
SERVER_HANDSHAKE_TRAFFIC_SECRET 4a8477d3c80a433c85dce177872ae1c53a5b3e4b869b1c5fff8ce12f572f9144 937a478f7db798cb7a3a5596731af5663855150802843d013bcdd2e73692c690
CLIENT_TRAFFIC_SECRET_0 4a8477d3c80a433c85dce177872ae1c53a5b3e4b869b1c5fff8ce12f572f9144 19cfb6af5310c3f17a066ca9b67eb2716578d1159db4588ba1951a1b69c2cf76
SERVER_TRAFFIC_SECRET_0 4a8477d3c80a433c85dce177872ae1c53a5b3e4b869b1c5fff8ce12f572f9144 09fe3ea2e3a4302a634bcebcd83fcc4087b955fc3b3151f824dffb3e1c921a2e
EXPORTER_SECRET 4a8477d3c80a433c85dce177872ae1c53a5b3e4b869b1c5fff8ce12f572f9144 6e828d02b746a2eddbae0748fbf27bd8903a999b854ef183c7d54520c988afe6
CLIENT_HANDSHAKE_TRAFFIC_SECRET df3fde27d75f29558151168ab05ba74d19ec8be34ddcaf8cb3b27f42028743c6 a78488173a8ca9dc3474981703916b2ec92b6de1b50f6d654bf634d6c1cf547f
SERVER_HANDSHAKE_TRAFFIC_SECRET df3fde27d75f29558151168ab05ba74d19ec8be34ddcaf8cb3b27f42028743c6 d090a6bb17ed79e58eb1c0aae9a3c0256b64ceffcb6b305061a525c4fc451cb5
CLIENT_TRAFFIC_SECRET_0 df3fde27d75f29558151168ab05ba74d19ec8be34ddcaf8cb3b27f42028743c6 58e1826b648aee7f896866bacf7863612ae31f897b1160a53212b6fbe4cb0cb5
SERVER_TRAFFIC_SECRET_0 df3fde27d75f29558151168ab05ba74d19ec8be34ddcaf8cb3b27f42028743c6 14797e0fa2d1200c763af71af7c2397ee012cf8fe2a1b74cb405f2f4bd71de90
EXPORTER_SECRET df3fde27d75f29558151168ab05ba74d19ec8be34ddcaf8cb3b27f42028743c6 0e9f12e5fcd5fc9c19bfe2942ba9098174d6c8299902c98eaef4ddd19ef8c81e
CLIENT_HANDSHAKE_TRAFFIC_SECRET d700013f067885c50ebb842278ff6c39638ea207f0945681d5253c775fedf2dd 39afcaf44174055a086d13dfb6b2e077fd24ec65bc7cabe5430a17e97611d485
SERVER_HANDSHAKE_TRAFFIC_SECRET d700013f067885c50ebb842278ff6c39638ea207f0945681d5253c775fedf2dd 4534cb20b1f312b90286d497227f70816a5c5f26d0a61159fe319d29d4c579b5
CLIENT_TRAFFIC_SECRET_0 d700013f067885c50ebb842278ff6c39638ea207f0945681d5253c775fedf2dd e2eb7d3d2bdbceba792308da337fbea226c7814a9bdd3f03eafeb887b51a6802
SERVER_TRAFFIC_SECRET_0 d700013f067885c50ebb842278ff6c39638ea207f0945681d5253c775fedf2dd 0b158fbfa235632cbedf5be581282416156d66956217713d0425f737ce0c1efd
EXPORTER_SECRET d700013f067885c50ebb842278ff6c39638ea207f0945681d5253c775fedf2dd 5b471df43bcd9db0001c6cb02bce602e335cc58cd7ab33dd8ba4d1d300b438c9
CLIENT_HANDSHAKE_TRAFFIC_SECRET 524f482ed39fa6f10fd1e8ff285832b02af9d95fc21ff69b54c00ef00498b81a 7ae6502fcde0216e76ffca2616e5444f3d2de25cbebe84d7bcd892b679ea5c0e
SERVER_HANDSHAKE_TRAFFIC_SECRET 524f482ed39fa6f10fd1e8ff285832b02af9d95fc21ff69b54c00ef00498b81a 8a97ffcf33ba7ac48bc0c5bb19e8d9f09f848784c24c664871529fb793acb762
CLIENT_TRAFFIC_SECRET_0 524f482ed39fa6f10fd1e8ff285832b02af9d95fc21ff69b54c00ef00498b81a 5bc61ee23c6f669758d3e6084c66030bd396b8c0487f13218f2fa4f5b60c5544
SERVER_TRAFFIC_SECRET_0 524f482ed39fa6f10fd1e8ff285832b02af9d95fc21ff69b54c00ef00498b81a 4d1317220fc7b83bcd59af93ab1af5847c96c35190c0024679d0a1d68f6c21c2
EXPORTER_SECRET 524f482ed39fa6f10fd1e8ff285832b02af9d95fc21ff69b54c00ef00498b81a 5a3a2cfc11f056dd1c437ef3f744d4871c844d9f05879921d844b5b93da34b18
CLIENT_HANDSHAKE_TRAFFIC_SECRET 74255f0c7af81fa2a0eca05e692a2c5e92d984c7124f60f548c7e3df473751e7 1b2d0e862512966830f799a6df9aff76ed7df77e8b1a77a92584d52322e2dff8
SERVER_HANDSHAKE_TRAFFIC_SECRET 74255f0c7af81fa2a0eca05e692a2c5e92d984c7124f60f548c7e3df473751e7 6d15e8f26cee56d4253c63a9c70d12fbd110eb846fb79a8dd84840ccb3e4ab1b
CLIENT_TRAFFIC_SECRET_0 74255f0c7af81fa2a0eca05e692a2c5e92d984c7124f60f548c7e3df473751e7 47db907184a423a418d1ad6e3b1ee21fed9393f2e98e7c9be7174629588841f6
SERVER_TRAFFIC_SECRET_0 74255f0c7af81fa2a0eca05e692a2c5e92d984c7124f60f548c7e3df473751e7 81ff70aacfd05404b275f3ff6e9bcec4dfddea25fca9e6a53e56128567e87eb3
EXPORTER_SECRET 74255f0c7af81fa2a0eca05e692a2c5e92d984c7124f60f548c7e3df473751e7 edb30416340fa4afa6030c1e6c7cfd31a84399855cbb85ba77685859703a4697
CLIENT_HANDSHAKE_TRAFFIC_SECRET c65537da9f983423f46cc892f64766bc2754e73b294ad76bb09480d904f64db5 8667858e3e95219c6aed2fa10a93e78ae52e12db666468857e8ec3a74ed09766
SERVER_HANDSHAKE_TRAFFIC_SECRET c65537da9f983423f46cc892f64766bc2754e73b294ad76bb09480d904f64db5 3430e75e8227162148a4a49255f992c690f85d50574c41e31c1907bbec7f2667
CLIENT_TRAFFIC_SECRET_0 c65537da9f983423f46cc892f64766bc2754e73b294ad76bb09480d904f64db5 a40f1d9f2a0dc165232732b37bc3f87323c1cadad9da0e9c468a71790111c15c
SERVER_TRAFFIC_SECRET_0 c65537da9f983423f46cc892f64766bc2754e73b294ad76bb09480d904f64db5 b7bf5af56f2dc0792c9f186f4cb18b520a5d88f5357045b5f34a1f4c583ac570
EXPORTER_SECRET c65537da9f983423f46cc892f64766bc2754e73b294ad76bb09480d904f64db5 e7e8b2b79f3a9e2c1d6278c2ee3e791d2895afbab84e277f956924115bbf6436
CLIENT_HANDSHAKE_TRAFFIC_SECRET 6eec8dc929c785f6a5d69f68bc9685a79fd8fd5517a78a76185fea6a22520d90 a7809385b12bfca58187f401ae4814a59c66cb0faa5227752e87af86d6bb8628
SERVER_HANDSHAKE_TRAFFIC_SECRET 6eec8dc929c785f6a5d69f68bc9685a79fd8fd5517a78a76185fea6a22520d90 67294d41074c2ba33885a5288781c17e04136974fbb511796af6c324f0a41e66
CLIENT_TRAFFIC_SECRET_0 6eec8dc929c785f6a5d69f68bc9685a79fd8fd5517a78a76185fea6a22520d90 168f4a3deb9cd6de4712f079f486f979a8406a171ba96d3f7bc9b72520941fff
SERVER_TRAFFIC_SECRET_0 6eec8dc929c785f6a5d69f68bc9685a79fd8fd5517a78a76185fea6a22520d90 0d593e03e23f2e812c316f4216fb2db8de4eb96a808809fb056fad16240a861f
EXPORTER_SECRET 6eec8dc929c785f6a5d69f68bc9685a79fd8fd5517a78a76185fea6a22520d90 c54362689212f7ad2ab824cdd2a3535d6897913f261f581a27b367e08dd762aa
CLIENT_HANDSHAKE_TRAFFIC_SECRET 06e4b10089ac56a725310f6d937e2be7b4e8860c2e5b0b038562348bc169cd24 1884b5c77c4632bd8ee32c18b19f6eb610c40fd2315c06fd5b9c9ecf11f6892c
SERVER_HANDSHAKE_TRAFFIC_SECRET 06e4b10089ac56a725310f6d937e2be7b4e8860c2e5b0b038562348bc169cd24 58302acb46e1d9383348093b7e7cb391023d24916816ee08e88caac726d7b489
CLIENT_TRAFFIC_SECRET_0 06e4b10089ac56a725310f6d937e2be7b4e8860c2e5b0b038562348bc169cd24 25bf7acb3f1793ba042ebc2c55280e74e550504cbf9f55422735438985e42fb2
SERVER_TRAFFIC_SECRET_0 06e4b10089ac56a725310f6d937e2be7b4e8860c2e5b0b038562348bc169cd24 8683e193b26df060e41bb71e4e996474b273acc8dbc8ce0e25ae577924b0552f
EXPORTER_SECRET 06e4b10089ac56a725310f6d937e2be7b4e8860c2e5b0b038562348bc169cd24 39f1af6b7129633e5e51dae0ad8af2a27ab2b6bc9198e69ddb4132860f9e5134
CLIENT_HANDSHAKE_TRAFFIC_SECRET dc8abde8c30029c07d3be6dadb1ba9670891cf9670d798a2f86d31f43b0ba642 dc2a629bfb051a7dc5e1f1e2137ee3a0860da906b4a9215935f5574d656eaa3b
SERVER_HANDSHAKE_TRAFFIC_SECRET dc8abde8c30029c07d3be6dadb1ba9670891cf9670d798a2f86d31f43b0ba642 c2ca7ddb3aa864e8212b33de29094d6d5ea915e5640e2d53535de86f42c289f2
CLIENT_TRAFFIC_SECRET_0 dc8abde8c30029c07d3be6dadb1ba9670891cf9670d798a2f86d31f43b0ba642 e7c9e672797bc7496d4bf20d2986c2cf376ad36dfc3901f5a7d92a99e077031a
SERVER_TRAFFIC_SECRET_0 dc8abde8c30029c07d3be6dadb1ba9670891cf9670d798a2f86d31f43b0ba642 a494d4f622898c3a7bf78c9000bda269bef99c1972110db8db0154677364ea9f
EXPORTER_SECRET dc8abde8c30029c07d3be6dadb1ba9670891cf9670d798a2f86d31f43b0ba642 35a555670ab540d4dff40498b6dab2e495a9debb20ec8d6ddeff6878fdc55390
CLIENT_HANDSHAKE_TRAFFIC_SECRET 52bc660bf43e98c551a8284bc7a983dc88ef05227c33fb65c2054f7e8477c439 e32d60273b9e2e18310e1bf3a04931d27585101328c896de5383b8e60ac98b15
SERVER_HANDSHAKE_TRAFFIC_SECRET 52bc660bf43e98c551a8284bc7a983dc88ef05227c33fb65c2054f7e8477c439 cfe41f2cf76bedbc0bc7ade54ff807483dad0b4f1c1a30ad6e940584b5c399e1
CLIENT_TRAFFIC_SECRET_0 52bc660bf43e98c551a8284bc7a983dc88ef05227c33fb65c2054f7e8477c439 f13cc1d0a943900c89257ad8113cc3083379994032762b993d27f94c69e7456a
SERVER_TRAFFIC_SECRET_0 52bc660bf43e98c551a8284bc7a983dc88ef05227c33fb65c2054f7e8477c439 742945a1a69e86d3912ddab474be472ea8f54e17a0694f4044331fe4ac47e3ed
EXPORTER_SECRET 52bc660bf43e98c551a8284bc7a983dc88ef05227c33fb65c2054f7e8477c439 ca35ec6bce1567eb35ae6e176653105910aeaaf20af4f3976fb49dae766bf2a7
CLIENT_HANDSHAKE_TRAFFIC_SECRET 12dfc1444fe06efafb6f821fdc64e36a40c60e7ed26d8571541f300d4f268584 fc8bc7e6720359c94fa5aa2fc451725f101dbeef159f07d8daf41608af7e8bc6
SERVER_HANDSHAKE_TRAFFIC_SECRET 12dfc1444fe06efafb6f821fdc64e36a40c60e7ed26d8571541f300d4f268584 1b9eb532bc189e9f592a4dbe45e9feebb4efe931427e862be763a57b93286ba0
CLIENT_TRAFFIC_SECRET_0 12dfc1444fe06efafb6f821fdc64e36a40c60e7ed26d8571541f300d4f268584 7150b06a75aef8093c87e08e32b43af6439359120f661c80a1ebfc285d6eedb7
SERVER_TRAFFIC_SECRET_0 12dfc1444fe06efafb6f821fdc64e36a40c60e7ed26d8571541f300d4f268584 07e0c92ee960d1b58019336ed20cf14743a0c19254a8cf223d00426d7789b32c
EXPORTER_SECRET 12dfc1444fe06efafb6f821fdc64e36a40c60e7ed26d8571541f300d4f268584 a65e6fe813bc4f3311e48a8b00f2b59993071e99fac138cded4e1e3e42bab9db
CLIENT_HANDSHAKE_TRAFFIC_SECRET 817b276ce2bcdc8618dca69217b9853cb64adb418dc9de469755541e8daeb016 e24be568926109b00f961d3e8adc46b7982bde9200942b0d65c075db9efe9115
SERVER_HANDSHAKE_TRAFFIC_SECRET 817b276ce2bcdc8618dca69217b9853cb64adb418dc9de469755541e8daeb016 c776bb7c872ceb8f780aaa24c0d560f9722513d0e69a77739a0816d93ae7f707
CLIENT_TRAFFIC_SECRET_0 817b276ce2bcdc8618dca69217b9853cb64adb418dc9de469755541e8daeb016 b54c939d871c34137ed81ad66f9d9f94291eb2a99ce76b64184c7fa0d978b85b
SERVER_TRAFFIC_SECRET_0 817b276ce2bcdc8618dca69217b9853cb64adb418dc9de469755541e8daeb016 2e4f1d51007374220eee7fd269a7b45af82e065f8d5ff9a9c19731c1bf1e1498
EXPORTER_SECRET 817b276ce2bcdc8618dca69217b9853cb64adb418dc9de469755541e8daeb016 27b4e59e8c1132d95dea8739940a7cd20654480b334ef5466457529445456e91
CLIENT_HANDSHAKE_TRAFFIC_SECRET baa5e304a7d9d08fb05b30677d58bb57c60e51d1b45b0443a03e172cc2bcdf8a d9e7d0fff0f65de22ea3840ebc92c2233bd0e3b8d261d989e57abecfa5b756b0
SERVER_HANDSHAKE_TRAFFIC_SECRET baa5e304a7d9d08fb05b30677d58bb57c60e51d1b45b0443a03e172cc2bcdf8a da125959321c2277cdf11527d0fa10dce87e3cd132a60b05d05ca559d3999cc4
CLIENT_TRAFFIC_SECRET_0 baa5e304a7d9d08fb05b30677d58bb57c60e51d1b45b0443a03e172cc2bcdf8a b0b1a4d1697f36fb74f46f0d130d4df24686213a9ae8531a94cec2753b6816d2
SERVER_TRAFFIC_SECRET_0 baa5e304a7d9d08fb05b30677d58bb57c60e51d1b45b0443a03e172cc2bcdf8a 11da542c31fd21da23449b71901f32a27f13d6333d98e2e3a3cd4ea0d306491c
EXPORTER_SECRET baa5e304a7d9d08fb05b30677d58bb57c60e51d1b45b0443a03e172cc2bcdf8a e12e4645598ce4492495ba055c0d5b95c98a5bfd7e6cddca32ff06c97536341a
CLIENT_HANDSHAKE_TRAFFIC_SECRET 94a62350c15a3ffdae8671e53991a40dc0e2dda97882fc4a2c946c133a2a25a3 95754c912fe828726e448864b8d38265d67a7a02190406eb8c817c7667f819d5
SERVER_HANDSHAKE_TRAFFIC_SECRET 94a62350c15a3ffdae8671e53991a40dc0e2dda97882fc4a2c946c133a2a25a3 e30ce39f22b8042a28e153e14f31956ad2b6146e79bbd00617a2ca051096c9d4
CLIENT_TRAFFIC_SECRET_0 94a62350c15a3ffdae8671e53991a40dc0e2dda97882fc4a2c946c133a2a25a3 2d6d632fd4b53c49735a1227637852c20e6226d87b59b76262cf0a4283a8f9fc
SERVER_TRAFFIC_SECRET_0 94a62350c15a3ffdae8671e53991a40dc0e2dda97882fc4a2c946c133a2a25a3 5ca74e88dcd90284720269f9ae816e7844a2c934cf98b981d96a681e0890c5c5
EXPORTER_SECRET 94a62350c15a3ffdae8671e53991a40dc0e2dda97882fc4a2c946c133a2a25a3 dfe387b0a6931ce52941826f9a8fb64a5a81eb314833c7c8fc87fe920c64e4f7
CLIENT_HANDSHAKE_TRAFFIC_SECRET 999710ac324ed92f0de9e134e44c4c7778b24e9f0e277db842cda8174ad05285 29dee475b3138ff7a62011c80a001725f31c29ae59c8dd1908794458385a0363
SERVER_HANDSHAKE_TRAFFIC_SECRET 999710ac324ed92f0de9e134e44c4c7778b24e9f0e277db842cda8174ad05285 0bb1936ad9a3b56e10f065834a4b533299fea1f20deee14bcb07ebc341fd0bcb
CLIENT_TRAFFIC_SECRET_0 999710ac324ed92f0de9e134e44c4c7778b24e9f0e277db842cda8174ad05285 98a836a8b9770f8f08975181f03e7bd792ef26fbe8f8ebff354926e7b4f13d19
SERVER_TRAFFIC_SECRET_0 999710ac324ed92f0de9e134e44c4c7778b24e9f0e277db842cda8174ad05285 3450a3591cde75c33b59a62648a67095f2ea73dcbb40d3332b6b51475cb48782
EXPORTER_SECRET 999710ac324ed92f0de9e134e44c4c7778b24e9f0e277db842cda8174ad05285 f75df69d99f48f1ab7ba60d4bdb26726455194a38910ef0802b5b81819df2a4e
CLIENT_HANDSHAKE_TRAFFIC_SECRET 39fa3a53a952d1042ae148fa0814c6b96ce652d142362d0717b63a102a5fb36a 85e6cfc1725170aa48091d7d54163e675c5e9186b63a64a3f23c89f939fdbdde
SERVER_HANDSHAKE_TRAFFIC_SECRET 39fa3a53a952d1042ae148fa0814c6b96ce652d142362d0717b63a102a5fb36a f2caaf7079f0368254edaa7abaeeb70ccf23348fcb225f9c7630d61ff9b74fb4
CLIENT_TRAFFIC_SECRET_0 39fa3a53a952d1042ae148fa0814c6b96ce652d142362d0717b63a102a5fb36a 4e1c1c00026be2fbbb89d8adfcc4f51b0a1f4403c783c55fc47dc82b1b29c8a6
SERVER_TRAFFIC_SECRET_0 39fa3a53a952d1042ae148fa0814c6b96ce652d142362d0717b63a102a5fb36a 163cbfcdd78f6851edfaad9af8c0d7770fcef1874e6c856771c5fa348c3295a9
EXPORTER_SECRET 39fa3a53a952d1042ae148fa0814c6b96ce652d142362d0717b63a102a5fb36a e563e28747c18feab877d8b972c7e1b37fa6109cd0d08d814aa2dd3a51685774
CLIENT_HANDSHAKE_TRAFFIC_SECRET a956c4d923e8f36a5c28d00d99d43073a60f9dabb62114f0448a0be6340060bd 36a18b41604563f2f56e2e95e9245b2ce5ceb15b9d908664cf6f5abe4bd73663
SERVER_HANDSHAKE_TRAFFIC_SECRET a956c4d923e8f36a5c28d00d99d43073a60f9dabb62114f0448a0be6340060bd b9b9ee9dfbc9f8ee5aaf49189b603b033cd6db868a9aa9e4122e72758a1cd560
CLIENT_TRAFFIC_SECRET_0 a956c4d923e8f36a5c28d00d99d43073a60f9dabb62114f0448a0be6340060bd 7a2d6f30ce78eb38e989cda1beca2d2edaf3e05c882776eb4a2e934d9bc7d85e
SERVER_TRAFFIC_SECRET_0 a956c4d923e8f36a5c28d00d99d43073a60f9dabb62114f0448a0be6340060bd 6885f27bae8ce730dc7ff065be23fb9083d776d95185088cb096682bfa20ccc2
EXPORTER_SECRET a956c4d923e8f36a5c28d00d99d43073a60f9dabb62114f0448a0be6340060bd ecf62fec30c537b7f9150bdbc25c07535a8403bf99c35ecee132736f244a1d14
CLIENT_HANDSHAKE_TRAFFIC_SECRET e458841c99e9b8def27d468f3f25e5e2d337ed6410407fd774e7d81805a3d348 16c146a08bed09c3eb232a28da0a750b981eebd95a0e505de19ad18ad4ec59ea
SERVER_HANDSHAKE_TRAFFIC_SECRET e458841c99e9b8def27d468f3f25e5e2d337ed6410407fd774e7d81805a3d348 655d3d257964de9058706d3cc5fccfca6c6a69268597d0497db5a83b45460457
CLIENT_TRAFFIC_SECRET_0 e458841c99e9b8def27d468f3f25e5e2d337ed6410407fd774e7d81805a3d348 9c26a9d5e583c1b21ecd6a473ff2a60f33e9bab894c49480db297cb5cbef4bf7
SERVER_TRAFFIC_SECRET_0 e458841c99e9b8def27d468f3f25e5e2d337ed6410407fd774e7d81805a3d348 56ae7b77985fd973321c3525d092967e4be71a58ff57df852adb8a06566e552e
EXPORTER_SECRET e458841c99e9b8def27d468f3f25e5e2d337ed6410407fd774e7d81805a3d348 3ee7c357a7e27a2572ce42bd6df094a14dd70fa67cfc835d0eea54518ec515ab
CLIENT_HANDSHAKE_TRAFFIC_SECRET 26278a9af276c042909bc2026275fc184788368a75b1d3f75f3813ccf09d225d a7cdf41acde4d8eaeca9b6dc9f8572544689f807b22bf4e5c56888a72872e913
SERVER_HANDSHAKE_TRAFFIC_SECRET 26278a9af276c042909bc2026275fc184788368a75b1d3f75f3813ccf09d225d c8c5d4ae1a3664497adb326b986dbf347b8d1bd51ea45c6bbb858f63d09d09c4
CLIENT_TRAFFIC_SECRET_0 26278a9af276c042909bc2026275fc184788368a75b1d3f75f3813ccf09d225d 404e8cc146141e1641cc9016118af50f6c7b81950dcdd86ebb2b0ac591a26d54
SERVER_TRAFFIC_SECRET_0 26278a9af276c042909bc2026275fc184788368a75b1d3f75f3813ccf09d225d 8c1a505d96516b99baa799b91d883fe6d3bb559d89c7df33e8d903e16b540560
EXPORTER_SECRET 26278a9af276c042909bc2026275fc184788368a75b1d3f75f3813ccf09d225d 414b1d9b815b0a2319377bf1e5841024dfebac3a3296b1607c9520d871d2d921
CLIENT_HANDSHAKE_TRAFFIC_SECRET f53a1370a9a2dc9e24125f91920b70b2e576cb42d7536681dfcfaa2302b9a048 3c39ea73457a983a42a2585056134c2d6754268535600201e1e851a673bc913f
SERVER_HANDSHAKE_TRAFFIC_SECRET f53a1370a9a2dc9e24125f91920b70b2e576cb42d7536681dfcfaa2302b9a048 636c0e689f1132dd6ef5b68519a4cf77bfc44dde1bcf0796eee2fe886b5f47f9
CLIENT_TRAFFIC_SECRET_0 f53a1370a9a2dc9e24125f91920b70b2e576cb42d7536681dfcfaa2302b9a048 3eb1c33e11d9c727f87b136e32d241b77adf08b12761c4e90ef8c3b8e05ff6c7
SERVER_TRAFFIC_SECRET_0 f53a1370a9a2dc9e24125f91920b70b2e576cb42d7536681dfcfaa2302b9a048 ca5594359e1fc72ef1e334d2dc9d4847732e3fdc74533a27b6a329c30758a072
EXPORTER_SECRET f53a1370a9a2dc9e24125f91920b70b2e576cb42d7536681dfcfaa2302b9a048 fe918a6757a7c06954017c096abd4b87eecc0c40532fd52b6212ea5be5010ebe
CLIENT_HANDSHAKE_TRAFFIC_SECRET e39d256c59b495e4f8ed6ed64c5cfa8d739dd700e82d44bad66a61ed91712888 7d75f137a41c7bef2a8bb9a26bf29d10c28fac959fb4283e8dcd63837af79084
SERVER_HANDSHAKE_TRAFFIC_SECRET e39d256c59b495e4f8ed6ed64c5cfa8d739dd700e82d44bad66a61ed91712888 8ba7475a6e8ff98f6896d01d56a64ea0f838af7e1ee90128d19107296f599363
CLIENT_TRAFFIC_SECRET_0 e39d256c59b495e4f8ed6ed64c5cfa8d739dd700e82d44bad66a61ed91712888 508f9a35f8d84dae22e7aab4c4dda473a9f998369c0587931f148830bdd6a1b6
SERVER_TRAFFIC_SECRET_0 e39d256c59b495e4f8ed6ed64c5cfa8d739dd700e82d44bad66a61ed91712888 270303a275687fc0bcfc497d81c20f737263e7f78063d1d596b6672e9e539f65
EXPORTER_SECRET e39d256c59b495e4f8ed6ed64c5cfa8d739dd700e82d44bad66a61ed91712888 7b700d4ebf6221318a730cf7bb93aae18d1da2418d7caf3429a79a98e80fda6e
CLIENT_HANDSHAKE_TRAFFIC_SECRET 2e52118536cb8fdbb50e9303a8a811e5d4265907ee76bc434123f1e307aaf2f8 742d7e5f1e21392779a611eccf31805436ce6e0aa26a101a81d42c0f32c8d30c
SERVER_HANDSHAKE_TRAFFIC_SECRET 2e52118536cb8fdbb50e9303a8a811e5d4265907ee76bc434123f1e307aaf2f8 70f05b8eb523fa717768ceb9603a049638a4f526f6319564a76850ea1a4f77a2
CLIENT_TRAFFIC_SECRET_0 2e52118536cb8fdbb50e9303a8a811e5d4265907ee76bc434123f1e307aaf2f8 ea33cf442e1bb841b4d83d27250dfa10a48eb59deaaa5cf80d6c60b758cf69e2
SERVER_TRAFFIC_SECRET_0 2e52118536cb8fdbb50e9303a8a811e5d4265907ee76bc434123f1e307aaf2f8 02f748f5673e9c0e2f0e057ea63969d78a47627dc0399a0305a5dc1b5029228c
EXPORTER_SECRET 2e52118536cb8fdbb50e9303a8a811e5d4265907ee76bc434123f1e307aaf2f8 cad7bbf5c0046771dd6cb1a8ada1ef3c222e6058a1ef8d760ab4b3d9e5d8dd60
CLIENT_HANDSHAKE_TRAFFIC_SECRET 268ecf7fec1ee979a43fcb784c06371a655498e05712647b2d0617eac0a91949 f30a13094669aae06ea44d623c0b6a77dbba2d727519c7f7b64b8464d08fd0f6
SERVER_HANDSHAKE_TRAFFIC_SECRET 268ecf7fec1ee979a43fcb784c06371a655498e05712647b2d0617eac0a91949 8fcf79aaf6347f94bc27e1ac90b15d1c9429df3822f03de1a42186b8ba11d83f
CLIENT_TRAFFIC_SECRET_0 268ecf7fec1ee979a43fcb784c06371a655498e05712647b2d0617eac0a91949 0af2cfb35d325d89e5e699cc75fee22ce79af85a3afef1e692933eb18a7f951d
SERVER_TRAFFIC_SECRET_0 268ecf7fec1ee979a43fcb784c06371a655498e05712647b2d0617eac0a91949 1469c37c1513a31e6f5d32e8e4cb6857331c423967f6740a438805fa26fb5c6a
EXPORTER_SECRET 268ecf7fec1ee979a43fcb784c06371a655498e05712647b2d0617eac0a91949 e56be3b04422b1398699e2e49318999af80d4e1fc4d7b0639130cf2c4fe12438
CLIENT_HANDSHAKE_TRAFFIC_SECRET a974acf2d9bf67c4139a6f22f220057f2b6efc3fb88bb1708215d2b4a19758d0 e90d1748b13c8639401588fc5eff938409e097920791d547e5bf2042ab17464d
SERVER_HANDSHAKE_TRAFFIC_SECRET a974acf2d9bf67c4139a6f22f220057f2b6efc3fb88bb1708215d2b4a19758d0 37783ae29f0a2eadda7ffcefbfb05eaada38d4ae49072e12ef4eba5521a94c10
CLIENT_TRAFFIC_SECRET_0 a974acf2d9bf67c4139a6f22f220057f2b6efc3fb88bb1708215d2b4a19758d0 bf82a76884bc00e9b1a1c910617c85da6a0229c14219e35796de9db796c9fd78
SERVER_TRAFFIC_SECRET_0 a974acf2d9bf67c4139a6f22f220057f2b6efc3fb88bb1708215d2b4a19758d0 5db87f5ce44e323d3e688f18d95b48eb50194baf58d9c04e228cd4bd0d191557
EXPORTER_SECRET a974acf2d9bf67c4139a6f22f220057f2b6efc3fb88bb1708215d2b4a19758d0 d6d0bc696550d27db8256fe055c3a053f4744656dd45ec28c97c2b966681b600
CLIENT_HANDSHAKE_TRAFFIC_SECRET d692bf192b0361cacc7fc46a4f0e72b4ab2bbf5597d28e5b98e11ef40a431692 55d65e07d9a31a693a0cb3c8c7a68bfffed8b46f5a7b323ad5c2c6abe0f66386
SERVER_HANDSHAKE_TRAFFIC_SECRET d692bf192b0361cacc7fc46a4f0e72b4ab2bbf5597d28e5b98e11ef40a431692 a77b291a87b5e7afb2c11df875f072d8ca27943f904b70e752888398937a5c06
CLIENT_TRAFFIC_SECRET_0 d692bf192b0361cacc7fc46a4f0e72b4ab2bbf5597d28e5b98e11ef40a431692 2ee664d01d15de333e643188aa18da56cec68cda962aa90c7c96d42a80334d31
SERVER_TRAFFIC_SECRET_0 d692bf192b0361cacc7fc46a4f0e72b4ab2bbf5597d28e5b98e11ef40a431692 fba9042f9df4e5b287cfe3fa7c04828082cf8ffa39d5ade43580f5cdc7f172be
EXPORTER_SECRET d692bf192b0361cacc7fc46a4f0e72b4ab2bbf5597d28e5b98e11ef40a431692 4447b3475d5b1e382f2b4daeb85ec1f223de2984f4da2ffbaff3376c729fd9dd
CLIENT_HANDSHAKE_TRAFFIC_SECRET 71aa0a74e7808c2fce04ce0f001cc00c5980df37973343ecdf0deaf773465818 be85c40e0331a84e6b835e9a23fee7396ede5f473996bf50e860cab54cf68077
SERVER_HANDSHAKE_TRAFFIC_SECRET 71aa0a74e7808c2fce04ce0f001cc00c5980df37973343ecdf0deaf773465818 f433653c076a8796e55ea7e2cd275b4d9bc9684da03c681563255bf6c2e0173f
CLIENT_TRAFFIC_SECRET_0 71aa0a74e7808c2fce04ce0f001cc00c5980df37973343ecdf0deaf773465818 83c0ec7a5d394f7f0c3e034980968ed98c05303a6a901621889ab89806e6f69b
SERVER_TRAFFIC_SECRET_0 71aa0a74e7808c2fce04ce0f001cc00c5980df37973343ecdf0deaf773465818 24b21febd22ae96a004a870d7627ccf779f2430fda7366a4f051d8f1663dd88e
EXPORTER_SECRET 71aa0a74e7808c2fce04ce0f001cc00c5980df37973343ecdf0deaf773465818 52e73dea11792a83b4d4b52e760de954a0bd4b333405b91562e36ddeb62c591d
CLIENT_HANDSHAKE_TRAFFIC_SECRET e462dd074e8ccffec2d7e977ba26df7e57516cb04cccf7afb1ee139dd685a03c 5101489b57c14654cef63143700ce62c5c849a343bc7eea58ec4e050b741f205
SERVER_HANDSHAKE_TRAFFIC_SECRET e462dd074e8ccffec2d7e977ba26df7e57516cb04cccf7afb1ee139dd685a03c d45572e86937849d9e87025f537a84ea1dd9ce16963df97bc65c0aad25e3c042
CLIENT_TRAFFIC_SECRET_0 e462dd074e8ccffec2d7e977ba26df7e57516cb04cccf7afb1ee139dd685a03c abd15d7d6d9785bf7a0c445b45c416a40b1c3a050f87d7644d9f4e385f021655
SERVER_TRAFFIC_SECRET_0 e462dd074e8ccffec2d7e977ba26df7e57516cb04cccf7afb1ee139dd685a03c a2a1604a0c584d2cb99e012614d6c971ec6fd861490fdce3072b9169a0d67914
EXPORTER_SECRET e462dd074e8ccffec2d7e977ba26df7e57516cb04cccf7afb1ee139dd685a03c badd95ec265e2a4bb7a395ebe0aef3772559f4933026f0acbc526a7d8a8f9d57
CLIENT_HANDSHAKE_TRAFFIC_SECRET e5831bf0f3bc8183b8fe537b9b42f5dd1cd3f36e4a38d70f79dd0e8153ba7a42 7983edcbb19418a9888056342435ca1bbbf64364c2ae20e5edc094cea950d3ed
SERVER_HANDSHAKE_TRAFFIC_SECRET e5831bf0f3bc8183b8fe537b9b42f5dd1cd3f36e4a38d70f79dd0e8153ba7a42 2e321f8d558a2bd64bebc91d9e7716749dfeb9f3d8b61eba592f336508d8f20f
CLIENT_TRAFFIC_SECRET_0 e5831bf0f3bc8183b8fe537b9b42f5dd1cd3f36e4a38d70f79dd0e8153ba7a42 3d89db57e30568adf94c620b5233939adc26b4fc2c7f0aa1db2ca5d43ee25220
SERVER_TRAFFIC_SECRET_0 e5831bf0f3bc8183b8fe537b9b42f5dd1cd3f36e4a38d70f79dd0e8153ba7a42 651d1045aa63d0e0c7a3bb3eaa81a9f6ddfce074bfd62531b08758aed69fb15c
EXPORTER_SECRET e5831bf0f3bc8183b8fe537b9b42f5dd1cd3f36e4a38d70f79dd0e8153ba7a42 2008060f7729c100c6ce7d5e3c5ec8486e0f737b4042da86e217f8ad283e01cd
CLIENT_HANDSHAKE_TRAFFIC_SECRET c794cb4b0d8447ff154f089f51945196a3e5749834fcb536a4554053d12ecc3f 10a4f7aee4a62eb9f6d4ab7327cd836b4773eb640020537b2e49e40305b01f2b
SERVER_HANDSHAKE_TRAFFIC_SECRET c794cb4b0d8447ff154f089f51945196a3e5749834fcb536a4554053d12ecc3f 0486dd2734f69c241526bfdef5fdf7e2ff4674124c0560b5d741a61df4d3af41
CLIENT_TRAFFIC_SECRET_0 c794cb4b0d8447ff154f089f51945196a3e5749834fcb536a4554053d12ecc3f 08d88eeafd21a213789e8746bc0f812d89e1897b9ecec2f0383a84961b0309a5
SERVER_TRAFFIC_SECRET_0 c794cb4b0d8447ff154f089f51945196a3e5749834fcb536a4554053d12ecc3f 18e5684af80d95d2644d27568d3a30b066694ddb38f98f67b59ea56d89e5efe6
EXPORTER_SECRET c794cb4b0d8447ff154f089f51945196a3e5749834fcb536a4554053d12ecc3f 2f977f12b95b55f1653843b1f8b6cdaefd601ff655905e1233d00c2d80f0bd63
CLIENT_HANDSHAKE_TRAFFIC_SECRET 2b5b6332c761793a1f1702104b0a351ef6520132be0e61adb3e770f10d9b2f91 b934ea980d8f73519220f2bdc283ed845f1127bd4d5c539d452b6024ab0a3945
SERVER_HANDSHAKE_TRAFFIC_SECRET 2b5b6332c761793a1f1702104b0a351ef6520132be0e61adb3e770f10d9b2f91 4bace975ade57d279117ac283cc9363b9cfbe35376486780158e93c2832e198e
CLIENT_TRAFFIC_SECRET_0 2b5b6332c761793a1f1702104b0a351ef6520132be0e61adb3e770f10d9b2f91 70453173858460cf01276bd04b5a755e05841d7b484f0f914dd804e302e6f69d
SERVER_TRAFFIC_SECRET_0 2b5b6332c761793a1f1702104b0a351ef6520132be0e61adb3e770f10d9b2f91 f3e7f72959465e2179c36befb60c1ecd8278fe0dbb8505a45e2d921fa0d532b1
EXPORTER_SECRET 2b5b6332c761793a1f1702104b0a351ef6520132be0e61adb3e770f10d9b2f91 d1c20155275ae3523322c961de1093aca4587e932c0d7fb03f29d3e65d46fc2e
CLIENT_HANDSHAKE_TRAFFIC_SECRET dfff9a685ea76a17ba19300e5f5ac92bdb79aef55ede087c40ad18fc5c57b22e 6f8a41cf90f7dd73e44cfd084fd7b4ad4af042277f6779cb18476a4c36c971fd
SERVER_HANDSHAKE_TRAFFIC_SECRET dfff9a685ea76a17ba19300e5f5ac92bdb79aef55ede087c40ad18fc5c57b22e dc63371620d3a54710be4e359140419532c34a54b292aceefc1f993aca36006c
CLIENT_TRAFFIC_SECRET_0 dfff9a685ea76a17ba19300e5f5ac92bdb79aef55ede087c40ad18fc5c57b22e 928951503e9217a0154e2acf3850f56cb0290e980bbcd2e90a74cf219c0faa4c
SERVER_TRAFFIC_SECRET_0 dfff9a685ea76a17ba19300e5f5ac92bdb79aef55ede087c40ad18fc5c57b22e e204c5c938570bfe42bc60d6f427046345604ff6fdcb961f11733c220f77f880
EXPORTER_SECRET dfff9a685ea76a17ba19300e5f5ac92bdb79aef55ede087c40ad18fc5c57b22e 683568bfe2436848366becc9227a8d746b1f5f4886b7902d5f577013a82cd73b
CLIENT_HANDSHAKE_TRAFFIC_SECRET b531dc47c49ee14780a76676f3d85420fa6a690d91efc3c5bdb5189f94e4f2ed a0539944768cbf2a69230c19878ffd7c4800ec619dfad585ed8db59b22954381
SERVER_HANDSHAKE_TRAFFIC_SECRET b531dc47c49ee14780a76676f3d85420fa6a690d91efc3c5bdb5189f94e4f2ed 57e379a01905f0580adcfd6a769190d70c25b0b54c2666f7fef0c3df0a7bb88b
CLIENT_TRAFFIC_SECRET_0 b531dc47c49ee14780a76676f3d85420fa6a690d91efc3c5bdb5189f94e4f2ed 331470ee870b8a6d760d6be68bec1d8c78bee9a07cc1e27a16e54a0c54c2f57a
SERVER_TRAFFIC_SECRET_0 b531dc47c49ee14780a76676f3d85420fa6a690d91efc3c5bdb5189f94e4f2ed d167518b9b2bdb1596e3f5aee745f0092ddabbf8d31633352bac21177486d453
EXPORTER_SECRET b531dc47c49ee14780a76676f3d85420fa6a690d91efc3c5bdb5189f94e4f2ed 2e22091d863009475f936db526d2e189703f7ff58ba34f4237e5785e271604fc
CLIENT_HANDSHAKE_TRAFFIC_SECRET e510af86662c36a4568b74c2d212d06fd032be68f901d6aeb238779c9d51a51d f02a2d0da86164c04667b9b859bed4fe7f35570fb73996830138c1a264018740
SERVER_HANDSHAKE_TRAFFIC_SECRET e510af86662c36a4568b74c2d212d06fd032be68f901d6aeb238779c9d51a51d 04324e3199e7d6094c4e7cd900956c9c58e88b99e0ec8c91c3797501de590846
CLIENT_TRAFFIC_SECRET_0 e510af86662c36a4568b74c2d212d06fd032be68f901d6aeb238779c9d51a51d dd28b7dae8e1e37ed30c4adcc9536e56a310bfbf4c67f521d62e6e40d99be644
SERVER_TRAFFIC_SECRET_0 e510af86662c36a4568b74c2d212d06fd032be68f901d6aeb238779c9d51a51d 201dfcdc6ec97ee7c3b17400697a0a79df90f77f203a860272798687a58642b9
EXPORTER_SECRET e510af86662c36a4568b74c2d212d06fd032be68f901d6aeb238779c9d51a51d 398a5c1efe7ade0dfcfaa8f895a9c45d5dccd2fea324fe1f8f35718e2f7eecdf
CLIENT_HANDSHAKE_TRAFFIC_SECRET da774e87d9adef5152e12930c4fb420c51c47ee35e1d9f7f90245b9d27efb152 858aef2ef9ee453aab9ad19c307054e83374641a88bad53422616b228291ca20
SERVER_HANDSHAKE_TRAFFIC_SECRET da774e87d9adef5152e12930c4fb420c51c47ee35e1d9f7f90245b9d27efb152 d3e04ce9359b97b1efe9fc8bfa12d7eec2d409d21eb829375649071a2b0fd074
CLIENT_TRAFFIC_SECRET_0 da774e87d9adef5152e12930c4fb420c51c47ee35e1d9f7f90245b9d27efb152 99779730b75c07449877f985d7243f7d4f2bfc5cc59d09145060331f27d5a5b4
SERVER_TRAFFIC_SECRET_0 da774e87d9adef5152e12930c4fb420c51c47ee35e1d9f7f90245b9d27efb152 70b77599521e450bb2633d088bea29f41d5878d86af37401f56d72b41595572c
EXPORTER_SECRET da774e87d9adef5152e12930c4fb420c51c47ee35e1d9f7f90245b9d27efb152 cc337ca1d3d409171a98735cb68abb8668014f13ebdd9b75a03482f072fb9878
CLIENT_HANDSHAKE_TRAFFIC_SECRET c8cd0d2471cf8b6b4cbddc5e63472dab9e4249658e4b3b51265f0e5e8468507b 0822e001cf8771ea0f06af65980da96fb4fe0f6adbc4bfff4fa89add2ea00205
SERVER_HANDSHAKE_TRAFFIC_SECRET c8cd0d2471cf8b6b4cbddc5e63472dab9e4249658e4b3b51265f0e5e8468507b ca751d9e5003bd10ac92b1a24afa5e8e7768c3a3e6731c018acdc38ec8efaa60
CLIENT_TRAFFIC_SECRET_0 c8cd0d2471cf8b6b4cbddc5e63472dab9e4249658e4b3b51265f0e5e8468507b ad32c1370ae290d6e5a2e32289aa00f853359a11b9a17f92b1f93fd0b77836ed
SERVER_TRAFFIC_SECRET_0 c8cd0d2471cf8b6b4cbddc5e63472dab9e4249658e4b3b51265f0e5e8468507b 70c693e5fc26ed0ea0f84c72af9516a1f36cc6a45d48006c404ee8943812cc90
EXPORTER_SECRET c8cd0d2471cf8b6b4cbddc5e63472dab9e4249658e4b3b51265f0e5e8468507b 1450f84f25d203f6c68058b2655916cf6a399018f57234d41ad89160228c5a54
CLIENT_HANDSHAKE_TRAFFIC_SECRET fe9dc163e21aefb46205efdecce3125074718e5bda669410e6e19630c0c1d030 2ec336b88d8cc54b2e605f9085352968f0d55a0d153576102278750fcce6e5fa
SERVER_HANDSHAKE_TRAFFIC_SECRET fe9dc163e21aefb46205efdecce3125074718e5bda669410e6e19630c0c1d030 280fd7d629dd19484fb380388ef832f716723a816e9f6494ae8fc90d5b1f14ef
CLIENT_TRAFFIC_SECRET_0 fe9dc163e21aefb46205efdecce3125074718e5bda669410e6e19630c0c1d030 ee4f33afb5449bcac60a1e06c97d28a95b6543d2115b4ed2b548a4df75085514
SERVER_TRAFFIC_SECRET_0 fe9dc163e21aefb46205efdecce3125074718e5bda669410e6e19630c0c1d030 e3299e7110c3728c87f274ba3ac897f4852c8f1f0fe22bc0764f134e3027641a
EXPORTER_SECRET fe9dc163e21aefb46205efdecce3125074718e5bda669410e6e19630c0c1d030 64c8371cc94d904dbc25a681f6f46a47c4eef63cb0c06c3d6a4666f4c2d2bc70
CLIENT_HANDSHAKE_TRAFFIC_SECRET eaf44c18a1c0334bad9ae19f6733af911f810931439f30258ab2b886f22765f2 7f5cf93fb609f7d3c478edecff5ecb87007eb34f3d68b3e2f176d2bb0dc03579
SERVER_HANDSHAKE_TRAFFIC_SECRET eaf44c18a1c0334bad9ae19f6733af911f810931439f30258ab2b886f22765f2 d4779a78e5495435caeabc4a4a0ff4ebd375dda82578e8337e33c282d9bedc54
CLIENT_TRAFFIC_SECRET_0 eaf44c18a1c0334bad9ae19f6733af911f810931439f30258ab2b886f22765f2 e1a82e4714876df2971800a8b2e1a074e5704d7502e46b21b31f12c73627bff2
SERVER_TRAFFIC_SECRET_0 eaf44c18a1c0334bad9ae19f6733af911f810931439f30258ab2b886f22765f2 8c9e5c1937b5f327e36404b418592a3374eceb468baa7566cc4271137986d2d7
EXPORTER_SECRET eaf44c18a1c0334bad9ae19f6733af911f810931439f30258ab2b886f22765f2 438eaaea26736e8afda30d6481e8cb1682dc1a6c136b231edaadb1392c6b54fe
CLIENT_HANDSHAKE_TRAFFIC_SECRET 4448bfbeb30cb0685c2dba06f425c415ddc69e52aa71bb97de64a85cd682dfa0 6741519f602a1e3453354e7645b30928f74293d41964b086b96000f0799656c7
SERVER_HANDSHAKE_TRAFFIC_SECRET 4448bfbeb30cb0685c2dba06f425c415ddc69e52aa71bb97de64a85cd682dfa0 f59e3fb0cc8e953fc1e92c289a58b096b950895196e6e6af3324383079c7cd28
CLIENT_TRAFFIC_SECRET_0 4448bfbeb30cb0685c2dba06f425c415ddc69e52aa71bb97de64a85cd682dfa0 8315fa1b9e9a6859905500a16587f90794adf8e1601119d333fe6451d64af324
SERVER_TRAFFIC_SECRET_0 4448bfbeb30cb0685c2dba06f425c415ddc69e52aa71bb97de64a85cd682dfa0 c174996610854604e489e0ff4ed337e1a6fef74b8999da3fbdce8e016a255894
EXPORTER_SECRET 4448bfbeb30cb0685c2dba06f425c415ddc69e52aa71bb97de64a85cd682dfa0 1fa7445bde438cea59c645ca719102e22784b340e9960505656d8d734615275d
CLIENT_HANDSHAKE_TRAFFIC_SECRET eebd10b50a3a1f849417f644c1a9339e9f1269258fc8d45ee279fefaed53bc89 3fdb20b77013c4cafb9bd344bcef6164c0ff9b241af5c5899a74ea2685665eb8
SERVER_HANDSHAKE_TRAFFIC_SECRET eebd10b50a3a1f849417f644c1a9339e9f1269258fc8d45ee279fefaed53bc89 e634367a47d3a24cbdcc174eb763272c08eee4b2ea547e78e7720e73cf077a26
CLIENT_TRAFFIC_SECRET_0 eebd10b50a3a1f849417f644c1a9339e9f1269258fc8d45ee279fefaed53bc89 03f85e3988eb1deb15a1a68a9ea06797d25be70973768df914ca8e853464a725
SERVER_TRAFFIC_SECRET_0 eebd10b50a3a1f849417f644c1a9339e9f1269258fc8d45ee279fefaed53bc89 4e6034dbded374eeae4ff60b7a24d8703598da72b8707f2b348e9a0f3d2bcf5d
EXPORTER_SECRET eebd10b50a3a1f849417f644c1a9339e9f1269258fc8d45ee279fefaed53bc89 27af0734fff4cd02c7fa89a3da5df821f1941a0bbaced4d31c924bf647402b3a
CLIENT_HANDSHAKE_TRAFFIC_SECRET d17e38a0251c79b8c9a3698c509f6a70c5d5aa14726c93f5e7338a4fb3338ef7 1d8ebe4c08d23c8a8e98e35d37ec8e885c3db4f04028c69c36e445884b5381fa
SERVER_HANDSHAKE_TRAFFIC_SECRET d17e38a0251c79b8c9a3698c509f6a70c5d5aa14726c93f5e7338a4fb3338ef7 f4209bdac54c98e0d989335e1b7a5cb7703cdbae8064a50a42cad6c8cdd293a0
CLIENT_TRAFFIC_SECRET_0 d17e38a0251c79b8c9a3698c509f6a70c5d5aa14726c93f5e7338a4fb3338ef7 25f6b4186471f09e56d885e06a1f7c515e5634216724dfa48b199981bcd17a36
SERVER_TRAFFIC_SECRET_0 d17e38a0251c79b8c9a3698c509f6a70c5d5aa14726c93f5e7338a4fb3338ef7 208a98aa27339a57806413784b3646e582f3f89c45f2ae31ee98a01c2b86047a
EXPORTER_SECRET d17e38a0251c79b8c9a3698c509f6a70c5d5aa14726c93f5e7338a4fb3338ef7 243cfed9d6582c77c2f97778ab7705ebca30de703c9576d10772544db7787d82
CLIENT_HANDSHAKE_TRAFFIC_SECRET 08aaea2244a904e1bd21a762658a9a310ca32ab4c09131b4b2f7111c9149e356 2b9079b74841dde5a15540406fa95056c62eadda06fdbe912f1f233d2ad96056
SERVER_HANDSHAKE_TRAFFIC_SECRET 08aaea2244a904e1bd21a762658a9a310ca32ab4c09131b4b2f7111c9149e356 efcce2d8a280b9e72cb05cb8afe951bb164fd718380656b15f46c475cce9f5b8
CLIENT_TRAFFIC_SECRET_0 08aaea2244a904e1bd21a762658a9a310ca32ab4c09131b4b2f7111c9149e356 13f50c0392e0322578a97748154c0631fd0696e1b35f0a1c2f99af684da8d1c9
SERVER_TRAFFIC_SECRET_0 08aaea2244a904e1bd21a762658a9a310ca32ab4c09131b4b2f7111c9149e356 ed14c6eb6809dad0e133c321dcb36cee15a004678627e5f5621f1df91947a179
EXPORTER_SECRET 08aaea2244a904e1bd21a762658a9a310ca32ab4c09131b4b2f7111c9149e356 a052d36447dbf9942d0233872f4b45dcfa194c75c3820b9259360e863378cada
CLIENT_HANDSHAKE_TRAFFIC_SECRET 00a43df43f5f60b001760a88f95a321c2c1d62d8c811949ac67fa1292398a53d 33d4ea2c7de6e18fe7864c48e943f8877720daf6e44b5fd13148f1c39281337f
SERVER_HANDSHAKE_TRAFFIC_SECRET 00a43df43f5f60b001760a88f95a321c2c1d62d8c811949ac67fa1292398a53d e67682706cd68329ab2ff084368619fa7747ec69f021e1ef28f86aca179b75ed
CLIENT_TRAFFIC_SECRET_0 00a43df43f5f60b001760a88f95a321c2c1d62d8c811949ac67fa1292398a53d fbc4b49c74d18d8e4e583cf4a2d4519f42ecc96295b523ab1b97a8a7393ab591
SERVER_TRAFFIC_SECRET_0 00a43df43f5f60b001760a88f95a321c2c1d62d8c811949ac67fa1292398a53d a1cfe09a20c77c5a0c4c8c9a202eaa91fe292e23dd9d3b840c6bfa9d3eec337e
EXPORTER_SECRET 00a43df43f5f60b001760a88f95a321c2c1d62d8c811949ac67fa1292398a53d cc6caae2adc908213d31450132f7a73979dd76e20c9621fbde7eb2c74540f1d7
CLIENT_HANDSHAKE_TRAFFIC_SECRET 6b37abc42ad00b4ecc3815dbb9f88b7b548d065fa50a37af0ece492790116fe4 83fd69facca59661a8719695cfe8c3e7e5fbe5ee0ad7cae46b11fe347799a997
SERVER_HANDSHAKE_TRAFFIC_SECRET 6b37abc42ad00b4ecc3815dbb9f88b7b548d065fa50a37af0ece492790116fe4 6fe844186028bb874fe5f4104c8e4fe17d3b331b6dbb0474faac8538c5edfabd
CLIENT_TRAFFIC_SECRET_0 6b37abc42ad00b4ecc3815dbb9f88b7b548d065fa50a37af0ece492790116fe4 f14e707c9f279eb46de88ad83f5d899976eb69683fb6f40d7cfd2c6aa0d22b63
SERVER_TRAFFIC_SECRET_0 6b37abc42ad00b4ecc3815dbb9f88b7b548d065fa50a37af0ece492790116fe4 f3cde1077e4b781e786e03a0b453e124deaa388d8f9e5fbaa3d48f7889d31a6c
EXPORTER_SECRET 6b37abc42ad00b4ecc3815dbb9f88b7b548d065fa50a37af0ece492790116fe4 eda09118b4bf7cbc2ede26a73604417fa726779f40e0712aac7051b368475dc8
CLIENT_HANDSHAKE_TRAFFIC_SECRET 674f8cf3d0c1c0f5a18eb1dc5f245ba72afec4c0e0bf10d2b0a5735f066a2797 2c272078e9306afe40acc547080ba7a3e9adf903b658d72aaaa4aeebe2d2149a
SERVER_HANDSHAKE_TRAFFIC_SECRET 674f8cf3d0c1c0f5a18eb1dc5f245ba72afec4c0e0bf10d2b0a5735f066a2797 7c2c805b4841847b5bfd8d77fcd9a4f2670ef0b82c40bc76a27c40daaf6a8af7
CLIENT_TRAFFIC_SECRET_0 674f8cf3d0c1c0f5a18eb1dc5f245ba72afec4c0e0bf10d2b0a5735f066a2797 750cecc90a2669995472610b760992d5d0d1d4ebf899e9456c0b16f00e57367c
SERVER_TRAFFIC_SECRET_0 674f8cf3d0c1c0f5a18eb1dc5f245ba72afec4c0e0bf10d2b0a5735f066a2797 315268f89e69d93fa11143a06f1666d1e8d5521c645f95fcaa9fafd78889db09
EXPORTER_SECRET 674f8cf3d0c1c0f5a18eb1dc5f245ba72afec4c0e0bf10d2b0a5735f066a2797 ff7d6e9094a8bb4aac4c784186991c051865b15054e1a44cbea8d6ee9ad028f5
CLIENT_HANDSHAKE_TRAFFIC_SECRET f2d761ec97dc29078cc96438be74bc3464272153a919fe2a34808df77d5b39ae 146ed9319ebc52c42118363ad1280e7ef6dafac861300bb004f13fb86a947168
SERVER_HANDSHAKE_TRAFFIC_SECRET f2d761ec97dc29078cc96438be74bc3464272153a919fe2a34808df77d5b39ae 9961625466b6264cdfbf15ee86b87409b198814f037219dc25cffd9f8e09dddc
CLIENT_TRAFFIC_SECRET_0 f2d761ec97dc29078cc96438be74bc3464272153a919fe2a34808df77d5b39ae 5b085e7d881c3f193c1f3851af22a2158074df5406bc8ff5fa2b6f64e3cab5d4
SERVER_TRAFFIC_SECRET_0 f2d761ec97dc29078cc96438be74bc3464272153a919fe2a34808df77d5b39ae d242ebc2e1bf9b394d37917543c9b261ab7dc9ec24f1f30770f26cd9f4397543
EXPORTER_SECRET f2d761ec97dc29078cc96438be74bc3464272153a919fe2a34808df77d5b39ae 16053e205c0b47bff25b281e9115843a3d5e1e20112df59879fe173283ad064a
CLIENT_HANDSHAKE_TRAFFIC_SECRET c5a1a955b31707c112f7051f91aac22622c26f4bdb0d8e62061f113d566be9c1 cab7b0155501f0dceae3ee6536bbea1f5f8381d2ec66c07d94d38198c1b561dc
SERVER_HANDSHAKE_TRAFFIC_SECRET c5a1a955b31707c112f7051f91aac22622c26f4bdb0d8e62061f113d566be9c1 89fde98dd32c5054baa240cd773ab93e7078f68e8b50d0542ac5458da63ac772
CLIENT_TRAFFIC_SECRET_0 c5a1a955b31707c112f7051f91aac22622c26f4bdb0d8e62061f113d566be9c1 87e03ce4eec14ccacb39155d8fcafd792e9c321c1e97ed498513a1d76e304944
SERVER_TRAFFIC_SECRET_0 c5a1a955b31707c112f7051f91aac22622c26f4bdb0d8e62061f113d566be9c1 f8a94d3e05fd1c03d0f5a734969ffba95a6a5f54150699129690d40a1a224a4a
EXPORTER_SECRET c5a1a955b31707c112f7051f91aac22622c26f4bdb0d8e62061f113d566be9c1 2f08492c92dc8ce08c4810692e3d17b2c91ed30ea3118e8655d1cfdab2c4ea25
CLIENT_HANDSHAKE_TRAFFIC_SECRET 10f7c036c7ce1576eb40360c71fd648a6e37abbdec3b939a3b239fa397718ad2 c6a9bb17c977cd6102b9226f276b33ec83cc196e030680cb22d00cb33edf7392
SERVER_HANDSHAKE_TRAFFIC_SECRET 10f7c036c7ce1576eb40360c71fd648a6e37abbdec3b939a3b239fa397718ad2 5d4c8e2375176a59193b173276263296b703a10ec55a1bd229f406da1791af95
CLIENT_TRAFFIC_SECRET_0 10f7c036c7ce1576eb40360c71fd648a6e37abbdec3b939a3b239fa397718ad2 d0cce5d8838a5f239dcd0e645127d632e5420d4854e2100781a0130dbacff8a6
SERVER_TRAFFIC_SECRET_0 10f7c036c7ce1576eb40360c71fd648a6e37abbdec3b939a3b239fa397718ad2 ab971353cbe9fa55704a9131ce33831edc5e6d8c0f0d18518ea223e6d524460b
EXPORTER_SECRET 10f7c036c7ce1576eb40360c71fd648a6e37abbdec3b939a3b239fa397718ad2 ba49f56989a4782a689e0c717bc52b47afd048891952cf1b2dc53e769aa02444
CLIENT_HANDSHAKE_TRAFFIC_SECRET d92d236ad9bc4dbf5aecbf4a88b54858231aaab7708f8fd80f0bf6fbac6e19ef 5ad5031871fb2b69f8e154418ec51fbfc7c9162d1910c061a941495eec22f191
SERVER_HANDSHAKE_TRAFFIC_SECRET d92d236ad9bc4dbf5aecbf4a88b54858231aaab7708f8fd80f0bf6fbac6e19ef a66a443f7d2927d42a99303828adb0e70f6f64dc2b818bdc186d00ea3fc7beb3
CLIENT_TRAFFIC_SECRET_0 d92d236ad9bc4dbf5aecbf4a88b54858231aaab7708f8fd80f0bf6fbac6e19ef 7be7eb4560cada601aebdd51a7c56748fa3f6848490d2f267476a748ced2d034
SERVER_TRAFFIC_SECRET_0 d92d236ad9bc4dbf5aecbf4a88b54858231aaab7708f8fd80f0bf6fbac6e19ef d653fa37fc41e22c60523ce4ca789f78235f03841aff41fa07881e4c050af7fd
EXPORTER_SECRET d92d236ad9bc4dbf5aecbf4a88b54858231aaab7708f8fd80f0bf6fbac6e19ef c3eeef5b2db10e2fcceb2591a54cca0ebf962a54c7b376e162379f9cbf78c72f
CLIENT_HANDSHAKE_TRAFFIC_SECRET 6fd060d7d41347e48d047ce071ab2496bf7a03b3b25ec88eeea00ca9eea02b4f 4c0a37e176a66815504670170db7dce273121ef2771fda3f812d1b94a37e3269
SERVER_HANDSHAKE_TRAFFIC_SECRET 6fd060d7d41347e48d047ce071ab2496bf7a03b3b25ec88eeea00ca9eea02b4f efaf59809925b483873ed122a2462cc68e7f704de58671901c5c868243d1f39b
CLIENT_TRAFFIC_SECRET_0 6fd060d7d41347e48d047ce071ab2496bf7a03b3b25ec88eeea00ca9eea02b4f f3786d4bbc5465e04e0232641fe3f312c0feccf433f7b5b44d6e35247204b758
SERVER_TRAFFIC_SECRET_0 6fd060d7d41347e48d047ce071ab2496bf7a03b3b25ec88eeea00ca9eea02b4f 5530532ffbb9bf19b2379e551e2e16c992ee744164b3950df2716f1b7b1dbf61
EXPORTER_SECRET 6fd060d7d41347e48d047ce071ab2496bf7a03b3b25ec88eeea00ca9eea02b4f 66d4dbaf46a94a7b3f9b27895e08ddc60405c82ee04646b19869bca75169ad88
CLIENT_HANDSHAKE_TRAFFIC_SECRET d5cad02eb01a543031e6853d3942713d972a313e0266b8ad77286f326b9370ce d344bd3b287fca46e545db3a516bbded44f536ee373682ca288e484b8b1dd384
SERVER_HANDSHAKE_TRAFFIC_SECRET d5cad02eb01a543031e6853d3942713d972a313e0266b8ad77286f326b9370ce 80303f6d69dbc27db607a4f1d44ab8633461069ad413cb4874cf6cfb71c46801
CLIENT_TRAFFIC_SECRET_0 d5cad02eb01a543031e6853d3942713d972a313e0266b8ad77286f326b9370ce faad3b1a2c56d0c2f62c9a966cd1a5bab15391e6438a78b3b5028d1e1e0e8875
SERVER_TRAFFIC_SECRET_0 d5cad02eb01a543031e6853d3942713d972a313e0266b8ad77286f326b9370ce 10ecb04d98fab9da98bb5aea92aa4645a1e0a785926537ef89e94129cc924a44
EXPORTER_SECRET d5cad02eb01a543031e6853d3942713d972a313e0266b8ad77286f326b9370ce 58142dac057db10f1b295b55b66d232c7cfeed83f64ae7d4336a1bad27b7d34b
CLIENT_HANDSHAKE_TRAFFIC_SECRET af0b644e1642ad8f06b4bd224e12276c6b762279f61b36698f9e3c067defafbd 31613a8a408bec672863fe4f691df9f4df13fe2a16a23a3ef900131d610dde23
SERVER_HANDSHAKE_TRAFFIC_SECRET af0b644e1642ad8f06b4bd224e12276c6b762279f61b36698f9e3c067defafbd 845424e65026987ef45c20b51bea5cd727ed04399333e5ce70601cd171f7b543
CLIENT_TRAFFIC_SECRET_0 af0b644e1642ad8f06b4bd224e12276c6b762279f61b36698f9e3c067defafbd 5c498f39b18b2c1b1cb512a834e53facd0b1025f8d83853d6dc2cbe92f1873e6
SERVER_TRAFFIC_SECRET_0 af0b644e1642ad8f06b4bd224e12276c6b762279f61b36698f9e3c067defafbd ef652edd77b3f96dff59ef30d787f9d3fffbbdf6e3e797f3b6a5c6b1c64953c6
EXPORTER_SECRET af0b644e1642ad8f06b4bd224e12276c6b762279f61b36698f9e3c067defafbd 5ba3cd7fd8d9b37c92b8608e735b585c025822b5765522593b9d1e2511552a24
CLIENT_HANDSHAKE_TRAFFIC_SECRET bae026c61f9b036f67e89e8a40a0175be5230c5b36ae76d4926c39708a5d5e56 d7a2c3d416f6736b549fabd12c9651952c115660ed4dc12496c4967aa90b69e9
SERVER_HANDSHAKE_TRAFFIC_SECRET bae026c61f9b036f67e89e8a40a0175be5230c5b36ae76d4926c39708a5d5e56 8435d7bdca001a93fcccc3bb9030bc780c66771c291a6af995ceed1fa0a45caf
CLIENT_TRAFFIC_SECRET_0 bae026c61f9b036f67e89e8a40a0175be5230c5b36ae76d4926c39708a5d5e56 981c37eee6bcb25592338edcc908eb98567b50ba25c06a732d245efd6550eb9b
SERVER_TRAFFIC_SECRET_0 bae026c61f9b036f67e89e8a40a0175be5230c5b36ae76d4926c39708a5d5e56 785967ae1b95d558200463683e7ee21b7ccab1d1f6f5e54644311fbe22aaa7e5
EXPORTER_SECRET bae026c61f9b036f67e89e8a40a0175be5230c5b36ae76d4926c39708a5d5e56 8f3b3c2406cdf9702619b2121ca984c7e9ee765041ddc1dac2aa06df09005249
CLIENT_HANDSHAKE_TRAFFIC_SECRET de03fd37b85968cdc22480d354b4d74178c757bfee6139117ef7a33fb69b7a10 16a3be7205087102bfc72d04989e65aab7ef1270fc9c1501233a798f5974c01d
SERVER_HANDSHAKE_TRAFFIC_SECRET de03fd37b85968cdc22480d354b4d74178c757bfee6139117ef7a33fb69b7a10 79b2ba0bcdaa9f565c46d2b86967afbefad0c1e90463e3df1631f36b2831a8cb
CLIENT_TRAFFIC_SECRET_0 de03fd37b85968cdc22480d354b4d74178c757bfee6139117ef7a33fb69b7a10 8c4380a6753e0f5473c8e51c4f0bdb5272ef14dab0c7024f4e23235d959509eb
SERVER_TRAFFIC_SECRET_0 de03fd37b85968cdc22480d354b4d74178c757bfee6139117ef7a33fb69b7a10 f59915560e72aa297bf953df021f9c6548b4047e69ba133ca2e9608f293354da
EXPORTER_SECRET de03fd37b85968cdc22480d354b4d74178c757bfee6139117ef7a33fb69b7a10 e787ddc170d4fff7556580452a21a251b1adb852f663a8c010798d9411366858
CLIENT_HANDSHAKE_TRAFFIC_SECRET 7437264c560691d374906189babff43b9a2fad6855f792a4defce2cc5cb4f45a 70535e76558b33939e50717d69c2d52970c953c453f22747f2179d46d770449f
SERVER_HANDSHAKE_TRAFFIC_SECRET 7437264c560691d374906189babff43b9a2fad6855f792a4defce2cc5cb4f45a a4603364da930e32e6bee14dfa59938b0b25f972ca3b9d99201a4900dd8c17a8
CLIENT_TRAFFIC_SECRET_0 7437264c560691d374906189babff43b9a2fad6855f792a4defce2cc5cb4f45a fb2936c175793a5427321e31018b7572209f81d4f7e4eecb43ff05321b5273af
SERVER_TRAFFIC_SECRET_0 7437264c560691d374906189babff43b9a2fad6855f792a4defce2cc5cb4f45a 381d3af8dc7bece0a23b91de505ec97d82f7edc32b0399981089797621ec3a49
EXPORTER_SECRET 7437264c560691d374906189babff43b9a2fad6855f792a4defce2cc5cb4f45a 9f9a38bfd9cf82485013bdee9a4e4f632471121c920e0c6dbfcb51130b0949ab
CLIENT_HANDSHAKE_TRAFFIC_SECRET fe1dae4f86afd2bc906b6530d8c475779f589ae7f4001a178d7450b6ecad7b83 8a7c27a10261060bcb87b1f0c89bd5b2558b4f4d05207af4e3818946ec4d2c3a
SERVER_HANDSHAKE_TRAFFIC_SECRET fe1dae4f86afd2bc906b6530d8c475779f589ae7f4001a178d7450b6ecad7b83 fa189196f559ce85a7c3ba856937ac3d1b2680e9ee3c637598540ef73402cb6e
CLIENT_TRAFFIC_SECRET_0 fe1dae4f86afd2bc906b6530d8c475779f589ae7f4001a178d7450b6ecad7b83 3efe72b013860a9ae83376f1e54cfeb62d7e829e8c534799489e4a49fe8c1b5b
SERVER_TRAFFIC_SECRET_0 fe1dae4f86afd2bc906b6530d8c475779f589ae7f4001a178d7450b6ecad7b83 716e6a42b1e1bc1fc99435f9a82f0fade00099c23a8965254d0873d4e16a3c94
EXPORTER_SECRET fe1dae4f86afd2bc906b6530d8c475779f589ae7f4001a178d7450b6ecad7b83 6daceb76b29a6652a55f3a5f63fc4a48d35696bb13852898cbba8eafea232bbe
CLIENT_HANDSHAKE_TRAFFIC_SECRET da4a7b06d90367c8fcced5b2e9013dbfffd28343c2069b8f338cb53b656be323 7b896c7989d02ed9842661280f1aa76053e35d3790073846a78adc4229e9f40c
SERVER_HANDSHAKE_TRAFFIC_SECRET da4a7b06d90367c8fcced5b2e9013dbfffd28343c2069b8f338cb53b656be323 fac9e21510a22d54df084d820fa06fbae8f256e68f0923f4397ef6d41793eff0
CLIENT_TRAFFIC_SECRET_0 da4a7b06d90367c8fcced5b2e9013dbfffd28343c2069b8f338cb53b656be323 aa55f37b73f0a53e92f202354a0e9427b559d31ad5ad6f4937c64e9915633ea0
SERVER_TRAFFIC_SECRET_0 da4a7b06d90367c8fcced5b2e9013dbfffd28343c2069b8f338cb53b656be323 4a91c04220ee3f153f0437b8ebac70802ffd986b5247ad717f8a735ba7318291
EXPORTER_SECRET da4a7b06d90367c8fcced5b2e9013dbfffd28343c2069b8f338cb53b656be323 9c20fad377050cf219b3e8c91f7f7ebd3351f3595e58908dc3e84439a4aeeb44
CLIENT_HANDSHAKE_TRAFFIC_SECRET b2f2db15db495bc82d4f3688be56584c5b13b670a60a271c414d820c27deadc4 488be2e907fddb3b4c1799d5e80ffb991b52543c9fed41bf97a1fee63d6c689b
SERVER_HANDSHAKE_TRAFFIC_SECRET b2f2db15db495bc82d4f3688be56584c5b13b670a60a271c414d820c27deadc4 930fec080787680ea22f09b3a37c5c90cab702bc236ce8db5b1bcae3b19ca460
CLIENT_TRAFFIC_SECRET_0 b2f2db15db495bc82d4f3688be56584c5b13b670a60a271c414d820c27deadc4 7000d3fbcbc46a7a398855397a87fc101b68eb44816ab8b048a7ac5d4ba056a3
SERVER_TRAFFIC_SECRET_0 b2f2db15db495bc82d4f3688be56584c5b13b670a60a271c414d820c27deadc4 06fc17b380b5890fa4fde82ae874cdd7a4799970be9c2f14538a243a978baf04
EXPORTER_SECRET b2f2db15db495bc82d4f3688be56584c5b13b670a60a271c414d820c27deadc4 30ec628bb9c4d762eddda7a324cf72e888850982257592d3aab10cffa1c2266a
CLIENT_HANDSHAKE_TRAFFIC_SECRET 9b8eb375864720bf10921070576d2b79cad202887cdb760b039e82788f5045ee 4b8dda2b9254b31355f7a94384d13239c38b69177338dd6e69a78a4fd9e0a5ae
SERVER_HANDSHAKE_TRAFFIC_SECRET 9b8eb375864720bf10921070576d2b79cad202887cdb760b039e82788f5045ee 4791565f975e362cede16808b3ac912bf63eadb9de0c2da3fa9a6214a205e193
CLIENT_TRAFFIC_SECRET_0 9b8eb375864720bf10921070576d2b79cad202887cdb760b039e82788f5045ee 17cfc0dc7d0e0e41e96fd03fb17a08ca11fb8a1a1846b5eb4689d8d49083d7a0
SERVER_TRAFFIC_SECRET_0 9b8eb375864720bf10921070576d2b79cad202887cdb760b039e82788f5045ee 19d414a38ae1b3a9db2904e9209112af8a567d8aac288d9e90b3e07b5962bcf8
EXPORTER_SECRET 9b8eb375864720bf10921070576d2b79cad202887cdb760b039e82788f5045ee 7dfe63228dd777ac8eb444547bf87e6bd244b4f21394610cd52fcaa35d0b3ccc
CLIENT_HANDSHAKE_TRAFFIC_SECRET 73f159299bbfef93ee6f725e3d1b2dff656fb90c0347b2ca14c0f451451116b0 8d1c3f9fdd641a6f070d42bdc0d7c087abc5b1e85e6f39100a336e0835e042c2
SERVER_HANDSHAKE_TRAFFIC_SECRET 73f159299bbfef93ee6f725e3d1b2dff656fb90c0347b2ca14c0f451451116b0 2ae13691eaba3fbc8582c1bc36a40f6bb31f222a33af72d83859b4a07474ab2c
CLIENT_TRAFFIC_SECRET_0 73f159299bbfef93ee6f725e3d1b2dff656fb90c0347b2ca14c0f451451116b0 c4fabdf6fda335b1c670308c83d1f4612690ca91fd218ed76088bf2d9c925209
SERVER_TRAFFIC_SECRET_0 73f159299bbfef93ee6f725e3d1b2dff656fb90c0347b2ca14c0f451451116b0 2a49f10d5364853cc94cd165954c977bd8da2b3e8290e2b95087315b091a1387
EXPORTER_SECRET 73f159299bbfef93ee6f725e3d1b2dff656fb90c0347b2ca14c0f451451116b0 fcc224ca0a25388be88c018700a520d8ea857adbf6f2a5676116b42f5450273d
CLIENT_HANDSHAKE_TRAFFIC_SECRET 56325acf842ac16a2c70a7cafc87c958d2db172a9ebad7686666e62ed826dc6a cf807d80916216a55765afb97362c53b69d401086f77c439233bddcf608feaa5
SERVER_HANDSHAKE_TRAFFIC_SECRET 56325acf842ac16a2c70a7cafc87c958d2db172a9ebad7686666e62ed826dc6a 4eabce796bc9c36785debd97de6930fff3ef5d59e57271dbfced18f4bf356a31
CLIENT_TRAFFIC_SECRET_0 56325acf842ac16a2c70a7cafc87c958d2db172a9ebad7686666e62ed826dc6a 3ba6c2f7845c5b9aed3f116f0bd28eaa3bcb038318671dfd2c12501adc840081
SERVER_TRAFFIC_SECRET_0 56325acf842ac16a2c70a7cafc87c958d2db172a9ebad7686666e62ed826dc6a cfa247277bc79546a78c87a2ed44f48d6eb373fe22364ba13494d8973c1af3a6
EXPORTER_SECRET 56325acf842ac16a2c70a7cafc87c958d2db172a9ebad7686666e62ed826dc6a 0c709f93911dda82fedc9cb3900aa87a38c1fef53ac7a7fcb3890fe3edb390b3
CLIENT_HANDSHAKE_TRAFFIC_SECRET 5aa678a4d27376f09e70df682c6279f7b22aa6c877da8d93b2d5b18563a7f2ef deeb3878ec45d50d6c388247748312e0c70a92e027609a18fad3b99d052e43b9
SERVER_HANDSHAKE_TRAFFIC_SECRET 5aa678a4d27376f09e70df682c6279f7b22aa6c877da8d93b2d5b18563a7f2ef 46d1bc5a5fc0baff28a621bda858083d558361ef734f818fb137de5c26a26dbf
CLIENT_TRAFFIC_SECRET_0 5aa678a4d27376f09e70df682c6279f7b22aa6c877da8d93b2d5b18563a7f2ef 360d6fbd0642c5809fd9a2a923193a2620aed2f37a4b7bf069a6c5de50f74651
SERVER_TRAFFIC_SECRET_0 5aa678a4d27376f09e70df682c6279f7b22aa6c877da8d93b2d5b18563a7f2ef 2971e290c584d4c3b2da5d0654f8356689213f20895e3b23a135b142606f1061
EXPORTER_SECRET 5aa678a4d27376f09e70df682c6279f7b22aa6c877da8d93b2d5b18563a7f2ef b2a197aa00cba214518f4b50121e4b111e8f7d8865aed6aa8dbd6f0f08c53d52
CLIENT_HANDSHAKE_TRAFFIC_SECRET c63bfb4dca66513dc04e74ec5ced8ffa264fbbce83b9144c098d6e3e4c33c9fc e348162ced82078982382a34fe120007781e4d5c813728f72b023b773521eae1
SERVER_HANDSHAKE_TRAFFIC_SECRET c63bfb4dca66513dc04e74ec5ced8ffa264fbbce83b9144c098d6e3e4c33c9fc db2cff71c62ec1c33e0b43013bfad47be0c90887c3c852c9b475d987d3ffb9b6
CLIENT_TRAFFIC_SECRET_0 c63bfb4dca66513dc04e74ec5ced8ffa264fbbce83b9144c098d6e3e4c33c9fc 9d8fea7612b4e49558ba9b80d2f17fc9f3c4016dd3aacdb6a5b273d037fb0c54
SERVER_TRAFFIC_SECRET_0 c63bfb4dca66513dc04e74ec5ced8ffa264fbbce83b9144c098d6e3e4c33c9fc 532e189a4668ed7349dc911bd523265b8c07e064fce3e6ad77d8f824531591a1
EXPORTER_SECRET c63bfb4dca66513dc04e74ec5ced8ffa264fbbce83b9144c098d6e3e4c33c9fc 0ebd1c3dcbf0b3c6466870b8b7643c4d293b81b845f24b3bdd9488c3aa3551d2
CLIENT_HANDSHAKE_TRAFFIC_SECRET dd95cf7ddddca842ef68095537964dfe6a16664f7f480d1cbde6dff161621bf8 99f335a8461db4a4c83e515e98e86be82f4c95cf54d8fe14e9fbafa23e576ea6
SERVER_HANDSHAKE_TRAFFIC_SECRET dd95cf7ddddca842ef68095537964dfe6a16664f7f480d1cbde6dff161621bf8 9f73331a5eaa1cac97f3d4ae81ca05a66e4ef22828e043ad69216059a873305c
CLIENT_TRAFFIC_SECRET_0 dd95cf7ddddca842ef68095537964dfe6a16664f7f480d1cbde6dff161621bf8 873942dccd07666ddbc467c818a05bc1cfdf0a335baddd2de9aa7d98e8dee370
SERVER_TRAFFIC_SECRET_0 dd95cf7ddddca842ef68095537964dfe6a16664f7f480d1cbde6dff161621bf8 e46490535de53d3adcaf1e028593865458e8deb1e8c1fbde61404bdf16cdd249
EXPORTER_SECRET dd95cf7ddddca842ef68095537964dfe6a16664f7f480d1cbde6dff161621bf8 acacb166cfe28eeca4e09e4ff66ec54c010029d4db5c5228dc416baa9ec60742
CLIENT_HANDSHAKE_TRAFFIC_SECRET 125f4ac815a225239b2a43d7332b028642c093cb2bab58c87b175fa3e1e03ca3 05e2400c4566f1664ade4db5349a097ab27c874d80977154408268a22813606d
SERVER_HANDSHAKE_TRAFFIC_SECRET 125f4ac815a225239b2a43d7332b028642c093cb2bab58c87b175fa3e1e03ca3 36ce023b43a1d617362410adccd91bd98f2888d3e44d33284a9fa43bcde4d26f
CLIENT_TRAFFIC_SECRET_0 125f4ac815a225239b2a43d7332b028642c093cb2bab58c87b175fa3e1e03ca3 ef33eede0aeff7527771712d66494dffda496f339c1462a12acbc987e51adfdb
SERVER_TRAFFIC_SECRET_0 125f4ac815a225239b2a43d7332b028642c093cb2bab58c87b175fa3e1e03ca3 0f14f63dcf92e58b58084ead9240c39d47b875e6017ea6111a65743ca9889eaf
EXPORTER_SECRET 125f4ac815a225239b2a43d7332b028642c093cb2bab58c87b175fa3e1e03ca3 c7fdc2a1c12a2f3ac7fcb80352ab5fe3d5db6972e23e4555b496c51c52d61477
CLIENT_HANDSHAKE_TRAFFIC_SECRET 79f626aad6953ce2972473ad5c792ce30ff7a3af72820a3291bfb1998537eb8b e3cdda0383d6b72bf64a5a4b77c544b7031d258349ea82c35d89dd6cfdd89621
SERVER_HANDSHAKE_TRAFFIC_SECRET 79f626aad6953ce2972473ad5c792ce30ff7a3af72820a3291bfb1998537eb8b 47cb28e5618be3e9fb8560f7c28d22b31a147d68b1ae6d5ad1faa2d605b1ceb2
CLIENT_TRAFFIC_SECRET_0 79f626aad6953ce2972473ad5c792ce30ff7a3af72820a3291bfb1998537eb8b 62f424002b41dce6d366fbd4082f0bc1250fc54f176115e54ac908ac06e57761
SERVER_TRAFFIC_SECRET_0 79f626aad6953ce2972473ad5c792ce30ff7a3af72820a3291bfb1998537eb8b 8d8bbc1a3cd3f4ea955c970fa751e979718b99f50930a27eba22205f062e2231
EXPORTER_SECRET 79f626aad6953ce2972473ad5c792ce30ff7a3af72820a3291bfb1998537eb8b f49ccbd55023e1f1a19c45a21688c2f42251f1f6f9b8c2cd0fd10ad293c0b71e
CLIENT_HANDSHAKE_TRAFFIC_SECRET 516cfabaa5c4561e1b0cf6f46969f283327617b0dfd9367fdded5c52e74686d9 1b2498a4783840470b653f335032c0eeeaa33dbb2dd6dcc0acbe40bab4019dbf
SERVER_HANDSHAKE_TRAFFIC_SECRET 516cfabaa5c4561e1b0cf6f46969f283327617b0dfd9367fdded5c52e74686d9 e65631313855c950937c64b95be20df39ad64fb3f0b65c623369f31eff3ad454
CLIENT_TRAFFIC_SECRET_0 516cfabaa5c4561e1b0cf6f46969f283327617b0dfd9367fdded5c52e74686d9 7efa3bb27ca5f821f1a6ad22200515e999b166bfb50826800470f98315aa32ba
SERVER_TRAFFIC_SECRET_0 516cfabaa5c4561e1b0cf6f46969f283327617b0dfd9367fdded5c52e74686d9 f474d81820aa4a00c44305abc4431ab2c25e37327b5b75d8cd9383b616bd4eb2
EXPORTER_SECRET 516cfabaa5c4561e1b0cf6f46969f283327617b0dfd9367fdded5c52e74686d9 e4206d9905082d8693b2bfcb46eea242f94af248b6a2a8249e6994ff29b4e824
CLIENT_HANDSHAKE_TRAFFIC_SECRET 5598fc5be2cdb0398982547b3bdfcbc82835c87bbda3b3b85c6b88cd14d46e25 6045cf179b0f3c603593ef7322d5f27a9f0cf3b0f7cab0ae6c92272cf418fda9
SERVER_HANDSHAKE_TRAFFIC_SECRET 5598fc5be2cdb0398982547b3bdfcbc82835c87bbda3b3b85c6b88cd14d46e25 6287fba7fff7ec2b50fc7a94ebab31c848aa75e70758e35174756f8bf46ff7be
CLIENT_TRAFFIC_SECRET_0 5598fc5be2cdb0398982547b3bdfcbc82835c87bbda3b3b85c6b88cd14d46e25 f23458766d7614c447a00c5326b864b22b28090ab25a3e283230f68becac9434
SERVER_TRAFFIC_SECRET_0 5598fc5be2cdb0398982547b3bdfcbc82835c87bbda3b3b85c6b88cd14d46e25 01596f92edf015ee0ddc451867b25525429f3a5fd815c84000f2179ab8546af9
EXPORTER_SECRET 5598fc5be2cdb0398982547b3bdfcbc82835c87bbda3b3b85c6b88cd14d46e25 1988670d906177b12e0f4e8f46d6eb79b2261f91f36f8bd89d740d3e359d9471
CLIENT_HANDSHAKE_TRAFFIC_SECRET a573562c996f1be8c760a2bb7d790309b8ed7ed4088222becd57a39782be096f bf3d16d32d493a0781d3703970c732087a527bb20806b414d68b0bb87ed7bacb
SERVER_HANDSHAKE_TRAFFIC_SECRET a573562c996f1be8c760a2bb7d790309b8ed7ed4088222becd57a39782be096f e3d1d965ef2ae2ebf654d7d1de7e5d68a78fda445ede7ef8a838851df068431d
CLIENT_TRAFFIC_SECRET_0 a573562c996f1be8c760a2bb7d790309b8ed7ed4088222becd57a39782be096f be46cc239dec98ce3c5862af8aa8ea12d450ef5eb7742ec2e0f63b0ebb4f3a16
SERVER_TRAFFIC_SECRET_0 a573562c996f1be8c760a2bb7d790309b8ed7ed4088222becd57a39782be096f 28b5e302e9011b9622bc3a9e9ccbdd3980d40f5d4f69b2c643aa42afbd61d069
EXPORTER_SECRET a573562c996f1be8c760a2bb7d790309b8ed7ed4088222becd57a39782be096f 3eeb84581aeb1d48b9408ac24d843f666267e472e3b2f3d40f7a94db27bb477f
CLIENT_HANDSHAKE_TRAFFIC_SECRET e13553b92e826920095245dfedae87c795b9c7f6d6cef206782b99c17650a44f c218d7278226778ceb16dd3c0b5905520b688cb29fa595148bf4c68cfc2e2c82
SERVER_HANDSHAKE_TRAFFIC_SECRET e13553b92e826920095245dfedae87c795b9c7f6d6cef206782b99c17650a44f f0c50c81a03f108a3927d6f2d6216ace7c5453a13c358f6058ccea6d4d8de18f
CLIENT_TRAFFIC_SECRET_0 e13553b92e826920095245dfedae87c795b9c7f6d6cef206782b99c17650a44f 7ecd1913c387b4b7efbcf81f80580ea97968e924818d3dbeafce92f2733d17c9
SERVER_TRAFFIC_SECRET_0 e13553b92e826920095245dfedae87c795b9c7f6d6cef206782b99c17650a44f 1f2c134d37f41b992711c4b25f4864a12a164049973fa0b97e7887f8daacfbbd
EXPORTER_SECRET e13553b92e826920095245dfedae87c795b9c7f6d6cef206782b99c17650a44f a37cc6bff1e36a675e0b1acabc97b4afa6df49a7cc371cae85d8f19c5d88d84d
CLIENT_HANDSHAKE_TRAFFIC_SECRET dde4de441b7a2277b7e469bc6fa4506e615e5803e238f658ac168543f13b09f9 c85ff0534d430e66013cc64575eb7ee98cc1ed4808a537085fdfe998dcaef541
SERVER_HANDSHAKE_TRAFFIC_SECRET dde4de441b7a2277b7e469bc6fa4506e615e5803e238f658ac168543f13b09f9 75d7ae0ae582bf3e6874612570bd95d17918a3e429fe87a32837b28fcaa31d60
CLIENT_TRAFFIC_SECRET_0 dde4de441b7a2277b7e469bc6fa4506e615e5803e238f658ac168543f13b09f9 8c7631561740abf4d083368ec38ada07cbed5181e99ca40e872bf2a807b50ace
SERVER_TRAFFIC_SECRET_0 dde4de441b7a2277b7e469bc6fa4506e615e5803e238f658ac168543f13b09f9 5a8640d0ed170307d637fd4dbd818e94eeaff2c85fd226f31934a1425ff3cd8b
EXPORTER_SECRET dde4de441b7a2277b7e469bc6fa4506e615e5803e238f658ac168543f13b09f9 4fc486de5278409bef741daea569747597e29b044f27310f9335cb0efb093961
CLIENT_HANDSHAKE_TRAFFIC_SECRET a0442f85162f10d05d916dc8ba4f1828e895d61b7254068d81f92558c028a946 0b14c2987d0692dc82b8e28c7c2bcfb48db6c7fb1995ab25a0f3da2a205aa601
SERVER_HANDSHAKE_TRAFFIC_SECRET a0442f85162f10d05d916dc8ba4f1828e895d61b7254068d81f92558c028a946 4a1b8dc1bbae2f9a0a1ac8d8e966fd2edf9df1a39724e4e8c47332d7982ca273
CLIENT_TRAFFIC_SECRET_0 a0442f85162f10d05d916dc8ba4f1828e895d61b7254068d81f92558c028a946 f8e0b2a2a310fd441b92298b3f129a4ead1f726ff3308f042343bf19d70fe759
SERVER_TRAFFIC_SECRET_0 a0442f85162f10d05d916dc8ba4f1828e895d61b7254068d81f92558c028a946 b206e28b5e76d9c5d9d3600479e0115ff1be78d5fb0a6283c7ac34ee40e72e15
EXPORTER_SECRET a0442f85162f10d05d916dc8ba4f1828e895d61b7254068d81f92558c028a946 07be3fa9f52e2cccdda8be1e7268157dddc96da222226887559a7d99c355cf35
CLIENT_HANDSHAKE_TRAFFIC_SECRET 0d79721614477b625d91d589a306dafb8ea93173ff6b931582ed84eca24465a4 279c0e61d8e454299e5d8b31a2507593fdcdc52110a95324f0307eb46f2853e6
SERVER_HANDSHAKE_TRAFFIC_SECRET 0d79721614477b625d91d589a306dafb8ea93173ff6b931582ed84eca24465a4 3991d6e9940b109569e491b04a1b6a32bf033c86efb8ba717fad151cad8739df
CLIENT_TRAFFIC_SECRET_0 0d79721614477b625d91d589a306dafb8ea93173ff6b931582ed84eca24465a4 98ce01322453672562c7dbb84622b1afb0c53fab29b4e5d3140900e5cf5962d5
SERVER_TRAFFIC_SECRET_0 0d79721614477b625d91d589a306dafb8ea93173ff6b931582ed84eca24465a4 4fdd2b850480ea45eebea606bd1b3bc06516e98f02d84ab6fff4c2ff2a7cf72a
EXPORTER_SECRET 0d79721614477b625d91d589a306dafb8ea93173ff6b931582ed84eca24465a4 deb649c04c1d5b7be706db8e62c2ebc32c4e498dcbd64dbe68a77c5995a3f9fd
CLIENT_HANDSHAKE_TRAFFIC_SECRET 1638b876a83f5dc2020795fb9f2cbfd2f62850fc90eae89f87409087a111b7c1 96c6d06dcc8fbdeb09d894d9c2a6a14611baa7fccd9f6040574566255c408360
SERVER_HANDSHAKE_TRAFFIC_SECRET 1638b876a83f5dc2020795fb9f2cbfd2f62850fc90eae89f87409087a111b7c1 dcd960517a57aa2e239af3a43fcc63798e36059fc7a37417536917bf46c7f277
CLIENT_TRAFFIC_SECRET_0 1638b876a83f5dc2020795fb9f2cbfd2f62850fc90eae89f87409087a111b7c1 df82ab4e52fb347e91c0c967897fdbb7302032f22b8d7107de0d5ed4766913cf
SERVER_TRAFFIC_SECRET_0 1638b876a83f5dc2020795fb9f2cbfd2f62850fc90eae89f87409087a111b7c1 4deef0cb51f0a7c2e80d4eaf5ee41637bf60c3a5c3e66b9a87a8d6f819ee09dd
EXPORTER_SECRET 1638b876a83f5dc2020795fb9f2cbfd2f62850fc90eae89f87409087a111b7c1 412ddffc1c8359ffe54d81aa4612fc4d40be499631b7c5a4a14d8e42a01bb9c2
CLIENT_HANDSHAKE_TRAFFIC_SECRET 06099e05d27ec19b2fa51ff47e0fbf23e6093b816c7c4bcceac865c686fa44a1 391c1fea6c986e8cdbd78fc2da6f7832c37dd9ac3918cb2ea591107a7ac05306
SERVER_HANDSHAKE_TRAFFIC_SECRET 06099e05d27ec19b2fa51ff47e0fbf23e6093b816c7c4bcceac865c686fa44a1 20be554e03e16d6d2afd1e6486044fc66637702f81b3cdef9ac84a8d40138fb1
CLIENT_TRAFFIC_SECRET_0 06099e05d27ec19b2fa51ff47e0fbf23e6093b816c7c4bcceac865c686fa44a1 553e36c1eda3e39514da54a5f34893749f5bc90299410523d5c6254dbe27bca7
SERVER_TRAFFIC_SECRET_0 06099e05d27ec19b2fa51ff47e0fbf23e6093b816c7c4bcceac865c686fa44a1 84abb759ca2b38e1126a171a623994e6fb0a0e20fa53c40d5178a1bdacae9ebb
EXPORTER_SECRET 06099e05d27ec19b2fa51ff47e0fbf23e6093b816c7c4bcceac865c686fa44a1 f550db2081d59ced7ade31e0026737f9af58d63e1c53fd73579106ab2a552b05
CLIENT_HANDSHAKE_TRAFFIC_SECRET 041aa7d188787dde648f3fb989143ee702d8a6f6bb8b55af5a7fae974728d978 a303daf641c5022c0602feb39079ae7c1fb275336a34cb86c844017dfd1d5fda
SERVER_HANDSHAKE_TRAFFIC_SECRET 041aa7d188787dde648f3fb989143ee702d8a6f6bb8b55af5a7fae974728d978 031db89fa5bc932361dcdf835156aef64eb651fc6cd7135465e5dd37bbd86651
CLIENT_TRAFFIC_SECRET_0 041aa7d188787dde648f3fb989143ee702d8a6f6bb8b55af5a7fae974728d978 1acd763a226a7c0e0a0f28129df3abe8cb615f6a35f46e4fe2c16dd4c385dc90
SERVER_TRAFFIC_SECRET_0 041aa7d188787dde648f3fb989143ee702d8a6f6bb8b55af5a7fae974728d978 8da858f68abc76fb6c05ea64081e0b28dded6cd5566f7c3d369986e1905de256
EXPORTER_SECRET 041aa7d188787dde648f3fb989143ee702d8a6f6bb8b55af5a7fae974728d978 acff19940e391b50261c4929fed689856c888650be8be7a74e7e2cd754a33944
CLIENT_HANDSHAKE_TRAFFIC_SECRET 0375a84994059c9828fade88a6694172c8b497e6df6abbd2447e0b055f50fd83 97f43a7a63213d3216282043decb34dfe02a7a6454df360a96639983b145064f
SERVER_HANDSHAKE_TRAFFIC_SECRET 0375a84994059c9828fade88a6694172c8b497e6df6abbd2447e0b055f50fd83 2d7c667ee663828707048b2eee6bf71c1f7e15473e62858a7cee55bfddf63edf
CLIENT_TRAFFIC_SECRET_0 0375a84994059c9828fade88a6694172c8b497e6df6abbd2447e0b055f50fd83 ca58a5bc68ee438648ceb07890753b9059b8edd2743d7449d5b5feb1f6c2bda0
SERVER_TRAFFIC_SECRET_0 0375a84994059c9828fade88a6694172c8b497e6df6abbd2447e0b055f50fd83 dff42c644b7c105b3aa8cef901477488a29910dc5244cb7d4b145d2d588937c5
EXPORTER_SECRET 0375a84994059c9828fade88a6694172c8b497e6df6abbd2447e0b055f50fd83 818217b51f16565f946b6ef3752918067badf07cd65c7ba82293398ff5816e08
CLIENT_HANDSHAKE_TRAFFIC_SECRET 3a7f88f1056c640eb245e78014e8b3bd36c9cf6e3ab5bdc34a1e94da6db04526 7bbe992ed82b967922a72c272ce62d2d6380667abe5207c78c504971f4b4986f
SERVER_HANDSHAKE_TRAFFIC_SECRET 3a7f88f1056c640eb245e78014e8b3bd36c9cf6e3ab5bdc34a1e94da6db04526 06b3291c9efe2a5c94cdec60112d25f074ce3a8d7730be9e92372241ff13ce61
CLIENT_TRAFFIC_SECRET_0 3a7f88f1056c640eb245e78014e8b3bd36c9cf6e3ab5bdc34a1e94da6db04526 238e755e7bbbd63974dff930794f9a59d1dec8cf20ea198f5ebda72f859e7b8e
SERVER_TRAFFIC_SECRET_0 3a7f88f1056c640eb245e78014e8b3bd36c9cf6e3ab5bdc34a1e94da6db04526 a3ff2872513800b997a2e24b6fbe556c05d457ac9354c27b0da97da19c76ad38
EXPORTER_SECRET 3a7f88f1056c640eb245e78014e8b3bd36c9cf6e3ab5bdc34a1e94da6db04526 b0d5a5fbf51550da4282796429628c68e26e9ef0247ea039815502cfca810620
CLIENT_HANDSHAKE_TRAFFIC_SECRET a55a1dd1efda31749b1e7b418d6769eb860a4b1322175a0c39b3b99b338d08d1 aab82a8919fe555f8f97eb5b17d12ddc5054b4fd11de1c79c45f5498ca74fc02
SERVER_HANDSHAKE_TRAFFIC_SECRET a55a1dd1efda31749b1e7b418d6769eb860a4b1322175a0c39b3b99b338d08d1 7e0c75751e78eef1f642754456359aaa2d07358a0a30ac65dc1b04f9294259a9
CLIENT_TRAFFIC_SECRET_0 a55a1dd1efda31749b1e7b418d6769eb860a4b1322175a0c39b3b99b338d08d1 c96d296653633f2e939957374625d6cc032f003ab3a4d2f6970cede9c43940e1
SERVER_TRAFFIC_SECRET_0 a55a1dd1efda31749b1e7b418d6769eb860a4b1322175a0c39b3b99b338d08d1 1d2f2ade42f4964b63dafbfe11a271e7f6695f112cc3f010c1e398041ce6c1f7
EXPORTER_SECRET a55a1dd1efda31749b1e7b418d6769eb860a4b1322175a0c39b3b99b338d08d1 7ef46b14dd7e10fc0a3d485a5523e6d04ed7d211c859b2ac8ac9d6f6c3073a74
CLIENT_HANDSHAKE_TRAFFIC_SECRET 581ca2f542be9dec38143df27373c0a451307f41fccf3435dbfa4af27591bf8a 3421c80c8eb4004876503e276571418deb2b3c3d2fdf10fe3966149a700aac67
SERVER_HANDSHAKE_TRAFFIC_SECRET 581ca2f542be9dec38143df27373c0a451307f41fccf3435dbfa4af27591bf8a 4b96eb8f26184d581b016152f89c8b0be79b84ea939041eb81b79da070f56d00
CLIENT_TRAFFIC_SECRET_0 581ca2f542be9dec38143df27373c0a451307f41fccf3435dbfa4af27591bf8a 10e683e11055f9d71d2abe9b1bf28f85fcdfaf3fdfb9cfa58e706ec8ffcb1201
SERVER_TRAFFIC_SECRET_0 581ca2f542be9dec38143df27373c0a451307f41fccf3435dbfa4af27591bf8a 27d68400f04d7b556d9d736a50597a12f8a71ab2d1c554bfb24755715feb0764
EXPORTER_SECRET 581ca2f542be9dec38143df27373c0a451307f41fccf3435dbfa4af27591bf8a 88af41e4cfef79a7fc693530f42c7528677b603a4d16a78761e283c1d7ebef2c
CLIENT_HANDSHAKE_TRAFFIC_SECRET 2d3b9444e72342e286e141c9d1174bc8b9f030beac96f81064e159ec01d76da4 b51353dc703bb866e079679b35f88001fe6585d4aabc910afe429804d329674e
SERVER_HANDSHAKE_TRAFFIC_SECRET 2d3b9444e72342e286e141c9d1174bc8b9f030beac96f81064e159ec01d76da4 abba0399c8e1b32103e2372245670efdd515782f93e29c17e2fee7d5823aea6e
CLIENT_TRAFFIC_SECRET_0 2d3b9444e72342e286e141c9d1174bc8b9f030beac96f81064e159ec01d76da4 eb34b9e91debd5041f681e57b01714e25e7fb8ba3edf13fa6f10071c4f4f7bd8
SERVER_TRAFFIC_SECRET_0 2d3b9444e72342e286e141c9d1174bc8b9f030beac96f81064e159ec01d76da4 a324754bad45e287116b77c3d987f620b6415e180b0d9db79867fd838bfc5c9e
EXPORTER_SECRET 2d3b9444e72342e286e141c9d1174bc8b9f030beac96f81064e159ec01d76da4 76f6db14e43ed60c64969602e867670d6e8555f625932043d719923a5c75511c
CLIENT_HANDSHAKE_TRAFFIC_SECRET 647a209b424cd18dfd5f018a4e1f9edf08be191fe67ade8c1758fef74007fb4a 168f7f1072164e437876f0e3ae3b4df416b4abe95d9ef0a9346ce11ca101d608
SERVER_HANDSHAKE_TRAFFIC_SECRET 647a209b424cd18dfd5f018a4e1f9edf08be191fe67ade8c1758fef74007fb4a ec79a0268b509e07a91a1232e3be6bcfe8d3c8bd498ae31cc8e145a430154aab
CLIENT_TRAFFIC_SECRET_0 647a209b424cd18dfd5f018a4e1f9edf08be191fe67ade8c1758fef74007fb4a 1987c2d9524738116137e0d798f66d738748f2ffbc04956be2fac561d71eee1b
SERVER_TRAFFIC_SECRET_0 647a209b424cd18dfd5f018a4e1f9edf08be191fe67ade8c1758fef74007fb4a 6772bbea75214e9ff9e9d2a474a01cc07f8774c7eaaa6e7a08caa9988f027ae1
EXPORTER_SECRET 647a209b424cd18dfd5f018a4e1f9edf08be191fe67ade8c1758fef74007fb4a b9117a3ad33aa91edc8f88ca72b584e75ec5649584029d06ea9624927afac739
CLIENT_HANDSHAKE_TRAFFIC_SECRET b019888ccecf1d2d23b5562b9c760dcfc8f1ceb595075f26ef89050348bf8024 77190048bd830a2a18e0e7366b3397abe4dbe1c04ba8edeb7f02d8d5fe3208b8
SERVER_HANDSHAKE_TRAFFIC_SECRET b019888ccecf1d2d23b5562b9c760dcfc8f1ceb595075f26ef89050348bf8024 01d40b8cbce9fad71aaa79c9e49d85d1c0461e18d110c49ff556cd444cb30701
CLIENT_TRAFFIC_SECRET_0 b019888ccecf1d2d23b5562b9c760dcfc8f1ceb595075f26ef89050348bf8024 43f280a6f1b346512ab41507472f8d495185956c826c86cd32cdfd5f60f942e2
SERVER_TRAFFIC_SECRET_0 b019888ccecf1d2d23b5562b9c760dcfc8f1ceb595075f26ef89050348bf8024 52ee3f20935b01ad375ae1e421aa035116f6814717137ab56c7add148f995a31
EXPORTER_SECRET b019888ccecf1d2d23b5562b9c760dcfc8f1ceb595075f26ef89050348bf8024 a7450a416ab9cbc0ee3b85e3a06cb224e239c433b66f3a9d050ec00fc1793312
