CLIENT_HANDSHAKE_TRAFFIC_SECRET 4753136106f0a0e5b8ba1137f4486a8816e1a18b793e330b112ec6c71977d08c c741dd0c890dcf7ff76ed9e248de635bec480c3ce14f71ffefe39df8ef2e1211
SERVER_HANDSHAKE_TRAFFIC_SECRET 4753136106f0a0e5b8ba1137f4486a8816e1a18b793e330b112ec6c71977d08c 9c6ce1cce25d1580c2a3b8e576735814dadfc371e41bd9453cec25e0d2e68211
CLIENT_TRAFFIC_SECRET_0 4753136106f0a0e5b8ba1137f4486a8816e1a18b793e330b112ec6c71977d08c bf71ad02f7d92f97dd51d4b87e8be82263a13191955717dc3acd74f1223d4dd5
SERVER_TRAFFIC_SECRET_0 4753136106f0a0e5b8ba1137f4486a8816e1a18b793e330b112ec6c71977d08c 741d216cf0f07ecb0c5cc85cd668bc90788248639107e58ebb7cfadb15601e9e
EXPORTER_SECRET 4753136106f0a0e5b8ba1137f4486a8816e1a18b793e330b112ec6c71977d08c 8da4ef5ef8758ef873b48fb823b24f108c12d4c2b99cd8d0ac151ce8486cdb26
CLIENT_HANDSHAKE_TRAFFIC_SECRET 2c8302557309ead356075e4fe3917cbb6ae8e1e3fcebc03c40670dfc247335a8 f80b67ce5168621ac336aef52f8a5bf1d5a5b6697af2230203678303818da159
SERVER_HANDSHAKE_TRAFFIC_SECRET 2c8302557309ead356075e4fe3917cbb6ae8e1e3fcebc03c40670dfc247335a8 f9b90617bc1d3d8db95f5b0a45f4213995027e8846ae56c76ff441ff281e4cf5
CLIENT_TRAFFIC_SECRET_0 2c8302557309ead356075e4fe3917cbb6ae8e1e3fcebc03c40670dfc247335a8 b425d578b3b90559b0eb9498fd39a49adf46e39980b286c2ec132182459fe75f
SERVER_TRAFFIC_SECRET_0 2c8302557309ead356075e4fe3917cbb6ae8e1e3fcebc03c40670dfc247335a8 2c011217d374f7bb693a3f49a1e068d2dffc0baa3d46011ba4e99c1afdddeea1
EXPORTER_SECRET 2c8302557309ead356075e4fe3917cbb6ae8e1e3fcebc03c40670dfc247335a8 a80ed89d4741dd039ef407169b404dea687fb53ba24106b773efa6676a5eed2e
CLIENT_HANDSHAKE_TRAFFIC_SECRET e3a912f2287820252459478ae20b670c2e4c25745441dfd76598d5c84a15141a 05253c6564a9b061dc51af8e55951ab62f95097f35e4dd94170abb558d6e3e24
SERVER_HANDSHAKE_TRAFFIC_SECRET e3a912f2287820252459478ae20b670c2e4c25745441dfd76598d5c84a15141a 54590040f799fa55b2ecb2afb01996550acf8c74bdb3f69d7a13f9762479547d
CLIENT_TRAFFIC_SECRET_0 e3a912f2287820252459478ae20b670c2e4c25745441dfd76598d5c84a15141a 8357d7b4a09f6aca437b55bee349e936c930241d6717623c54161501441e7475
SERVER_TRAFFIC_SECRET_0 e3a912f2287820252459478ae20b670c2e4c25745441dfd76598d5c84a15141a 5ced2a34e6ec2b05c5b63b454f1b045997d6ae95630f0d1c5ada2c03ff9d3ce2
EXPORTER_SECRET e3a912f2287820252459478ae20b670c2e4c25745441dfd76598d5c84a15141a ba4182333ea7efcd84972b278c75305d809487f353e6b3211879920de285315c
CLIENT_HANDSHAKE_TRAFFIC_SECRET d2245995bb6dac5fca9913ac405d51175fbbb3974669637c46a29cf4f55cec78 4372fc2bce43cbec9c32de1e57e27dfb5809bea57988833170357e7aa3ec9c36
SERVER_HANDSHAKE_TRAFFIC_SECRET d2245995bb6dac5fca9913ac405d51175fbbb3974669637c46a29cf4f55cec78 0f33a8bf726b3e7aed8b6722f7316dc8d99dcd8333ed94c62fe7a44a91da1f52
CLIENT_TRAFFIC_SECRET_0 d2245995bb6dac5fca9913ac405d51175fbbb3974669637c46a29cf4f55cec78 b081d6242aabf9baff458122fe49d0cb9191b198ca9ff361fcba781281f63678
SERVER_TRAFFIC_SECRET_0 d2245995bb6dac5fca9913ac405d51175fbbb3974669637c46a29cf4f55cec78 d5eb7b5c740e173533dc979daede39715f1993e2e9377d3e8fd3eef21cddbd5a
EXPORTER_SECRET d2245995bb6dac5fca9913ac405d51175fbbb3974669637c46a29cf4f55cec78 aca360a507f432160561ef59a643d4f51540955f930d918b4b99662f432e75e3
CLIENT_HANDSHAKE_TRAFFIC_SECRET 37d613e24257c69aeda09c810c6be0cba2b96afc9352bc180e28a74a3409c02b 77e42e4a4ce3fbf971f00399536b0d0884ab28155a58954755816fdd27701c96
SERVER_HANDSHAKE_TRAFFIC_SECRET 37d613e24257c69aeda09c810c6be0cba2b96afc9352bc180e28a74a3409c02b d4951fca8b923380141594e1450834d27d31b346ec9d7d175a8d0ccaaf751ef4
CLIENT_TRAFFIC_SECRET_0 37d613e24257c69aeda09c810c6be0cba2b96afc9352bc180e28a74a3409c02b 32ed514b0e1f27520883c9d4a4e85787c3db11a9fd0b252047ee9adf18270d4d
SERVER_TRAFFIC_SECRET_0 37d613e24257c69aeda09c810c6be0cba2b96afc9352bc180e28a74a3409c02b 405ad399be7952e0a172802812c8a0f5c63972d2907f61f946cc934d2a9990a4
EXPORTER_SECRET 37d613e24257c69aeda09c810c6be0cba2b96afc9352bc180e28a74a3409c02b 319d13a4c812bcda67c3a93b264ece8b4e8765a766657fc06d54c5972e33b8d3
CLIENT_HANDSHAKE_TRAFFIC_SECRET efdc7819a9fb1bfc5d68b954cc69609b29078402cf7c52ed7b31e818410e1eba f0ac857bdc11431bbcf903945d32138cd007c7496781482c1ed3bc2abd23f7c6
SERVER_HANDSHAKE_TRAFFIC_SECRET efdc7819a9fb1bfc5d68b954cc69609b29078402cf7c52ed7b31e818410e1eba e13db236ffbb68ed9275ac4c54422c26a1d932dc0abf29196f8d305f056e6ea7
CLIENT_TRAFFIC_SECRET_0 efdc7819a9fb1bfc5d68b954cc69609b29078402cf7c52ed7b31e818410e1eba b57a7b0905c83baf75fa80ece29ad5bc3f1cc9a1ab435cbbdfba19c08a41f213
SERVER_TRAFFIC_SECRET_0 efdc7819a9fb1bfc5d68b954cc69609b29078402cf7c52ed7b31e818410e1eba d0863c632dfc6fd53999b02f11f624e89377c5643847d43dd65bcaa4c449b29b
EXPORTER_SECRET efdc7819a9fb1bfc5d68b954cc69609b29078402cf7c52ed7b31e818410e1eba 6c3afa93cd600b95339471587496f66df29fdef4b0b5c5c67df9caed30f88e8b
CLIENT_HANDSHAKE_TRAFFIC_SECRET 427aaf2a68e1a94faa6e8b14f118bcbc2a2922b482379ba85b4e080ab88575ea f97465862042449963c18d4a3071070664c911860287aaf69bb45b43d205a1ce
SERVER_HANDSHAKE_TRAFFIC_SECRET 427aaf2a68e1a94faa6e8b14f118bcbc2a2922b482379ba85b4e080ab88575ea 5dfd75bdea5ebc34e879dd6d745400bf7129ac0b2b6e029be95a06f4323c9926
CLIENT_TRAFFIC_SECRET_0 427aaf2a68e1a94faa6e8b14f118bcbc2a2922b482379ba85b4e080ab88575ea 2a1bd6c09c3761304942f1494c00041b005c077794eb59033761514af84a20c0
SERVER_TRAFFIC_SECRET_0 427aaf2a68e1a94faa6e8b14f118bcbc2a2922b482379ba85b4e080ab88575ea fa769b1008d4f3b1b18c8accc124dc572356b0b6c0f8d883a6844abc73f5f87b
EXPORTER_SECRET 427aaf2a68e1a94faa6e8b14f118bcbc2a2922b482379ba85b4e080ab88575ea c3c5ab11b10b75cef9eeb92388e1123412cd78f588963f04c24717526ef1d702
CLIENT_HANDSHAKE_TRAFFIC_SECRET 43b82a4b32d49905bad5a140b161fd2fdf351696b14ef172266f953e25815153 06a32b0a9bc65ea236f8c87995140443e51a53c68f217019f35cb58d929fb98a
SERVER_HANDSHAKE_TRAFFIC_SECRET 43b82a4b32d49905bad5a140b161fd2fdf351696b14ef172266f953e25815153 e3646b72c1b5efa048278c3a9d539441473b7dd22d1307351f33435f843c0494
CLIENT_TRAFFIC_SECRET_0 43b82a4b32d49905bad5a140b161fd2fdf351696b14ef172266f953e25815153 a86138141efcb36fdc93035fa897d9733a1c1d66778b251f0fc86a6572a0065a
SERVER_TRAFFIC_SECRET_0 43b82a4b32d49905bad5a140b161fd2fdf351696b14ef172266f953e25815153 bccf3143d086beb2d6623ca5e8e9f308370f25ebc09b9e55610011ee6aa1a52d
EXPORTER_SECRET 43b82a4b32d49905bad5a140b161fd2fdf351696b14ef172266f953e25815153 91bc241c064f30eaf45a3bdb395dd2b3d1a595f634f0a045955fbf551fddd8e3
CLIENT_HANDSHAKE_TRAFFIC_SECRET da97d1330261c59a1e24879b2b89f24a6f12968a9726c413e737353737085558 edb878c67042c3873d0ac1b7d0419ff99a409c3fea29676b5eb7dfbf196dc428
SERVER_HANDSHAKE_TRAFFIC_SECRET da97d1330261c59a1e24879b2b89f24a6f12968a9726c413e737353737085558 f1f13c978c5b408857b983e363696fd98b0821fbc1925bca2dc2b13d320a6902
CLIENT_TRAFFIC_SECRET_0 da97d1330261c59a1e24879b2b89f24a6f12968a9726c413e737353737085558 378d3e8d61ef5f432596e7345438a32922fb1e673f3ee358ac174d3350f5f2dd
SERVER_TRAFFIC_SECRET_0 da97d1330261c59a1e24879b2b89f24a6f12968a9726c413e737353737085558 d81134ee4ccc80fdd8f86de09af0b4c666dce93f8836d269f26d5e2580f137e8
EXPORTER_SECRET da97d1330261c59a1e24879b2b89f24a6f12968a9726c413e737353737085558 708651dbdc0db70060cbafe2128f913a4fbbce3da8a91b05d1ee841418cd59b2
CLIENT_HANDSHAKE_TRAFFIC_SECRET f0095246e46dea45dd53a754933da8d420e8e8c685460f7dfaa13338ace59d4f aade183dd0cc8bb05a386598429455e744b9b5c891c42f59eed257f22ddf16ae
SERVER_HANDSHAKE_TRAFFIC_SECRET f0095246e46dea45dd53a754933da8d420e8e8c685460f7dfaa13338ace59d4f 4b149e3fe0c774005dfce64836474d5db526f22e60cdd5245b5e706cce032033
CLIENT_TRAFFIC_SECRET_0 f0095246e46dea45dd53a754933da8d420e8e8c685460f7dfaa13338ace59d4f 580669cde00c08883f9a909205d595d1906c58c9487e222f09404d21f87ddff0
SERVER_TRAFFIC_SECRET_0 f0095246e46dea45dd53a754933da8d420e8e8c685460f7dfaa13338ace59d4f 7614b2e4e84a6404e71b34cdfefc72d92ad02e263337c32331e6c5af10fb9c91
EXPORTER_SECRET f0095246e46dea45dd53a754933da8d420e8e8c685460f7dfaa13338ace59d4f 597e1373000ed13cb71dc9306f7cdf2080414b13b226a1171dd07d952f7d0328
CLIENT_HANDSHAKE_TRAFFIC_SECRET 11eb008b98a94eae8e342c9bde05143515c93a24894e675549eac22b1d04241f 11242fe020058e93c671c99b81f3a23ddded4c7f19cef04455564d1c835c56c2
SERVER_HANDSHAKE_TRAFFIC_SECRET 11eb008b98a94eae8e342c9bde05143515c93a24894e675549eac22b1d04241f d62c4ac94f3801e25bc52964ee6f0c46aabff6f758dae82127a6649efde11de0
CLIENT_TRAFFIC_SECRET_0 11eb008b98a94eae8e342c9bde05143515c93a24894e675549eac22b1d04241f ef7acc31524704f54d33b4952221ae57f560e7a36785c0efe333f7ec563832f0
SERVER_TRAFFIC_SECRET_0 11eb008b98a94eae8e342c9bde05143515c93a24894e675549eac22b1d04241f b71bb9b4b7466d223afae6f5ce3848f8ecfe7baadbddf0a0f1cb8cc4a4bf251a
EXPORTER_SECRET 11eb008b98a94eae8e342c9bde05143515c93a24894e675549eac22b1d04241f 79f7f598ec59de5596b4137bab0c174daa7e1043479a8cb5b156c3de7f93a04f
CLIENT_HANDSHAKE_TRAFFIC_SECRET 5c118624d5d83196b5136cbc0440431822ae66b13213ced4cabde628982b62e9 1cebd83a7d9e4e39986960959d6e351cabd43735866d9e6b91a6cfd97ea53428
SERVER_HANDSHAKE_TRAFFIC_SECRET 5c118624d5d83196b5136cbc0440431822ae66b13213ced4cabde628982b62e9 801f2f0c7612d82875d095f93b7394af3b77b3766eda2c73d8a975149425f4f7
CLIENT_TRAFFIC_SECRET_0 5c118624d5d83196b5136cbc0440431822ae66b13213ced4cabde628982b62e9 8c38268aacd993f308d98e14516388d6fda61a5a85ba9ca71241c0a33213185d
SERVER_TRAFFIC_SECRET_0 5c118624d5d83196b5136cbc0440431822ae66b13213ced4cabde628982b62e9 4845d55361b0d2804c575344f115f240b8d0b743d12a0d73c0b7d28227da5131
EXPORTER_SECRET 5c118624d5d83196b5136cbc0440431822ae66b13213ced4cabde628982b62e9 a833be91c7e31a2938a633c6025f6e6c7f89b2ef7cd256414f07e44a1df6cd94
CLIENT_HANDSHAKE_TRAFFIC_SECRET ccba2baed21d187b7f5a116029a6b0103a12c1e355c7f2226e65eacb3ece5f08 5c3077e9074aa3883a4eb8b5ae1435ac4cfb1cd2b27334a908af641dd99265a3
SERVER_HANDSHAKE_TRAFFIC_SECRET ccba2baed21d187b7f5a116029a6b0103a12c1e355c7f2226e65eacb3ece5f08 ef9dec48edde97c7b878686e6aed791a4428cd3749a2e0f4074fd27a86dfd9a5
CLIENT_TRAFFIC_SECRET_0 ccba2baed21d187b7f5a116029a6b0103a12c1e355c7f2226e65eacb3ece5f08 fe9e09f1999c2947dfea1787e489a11947fd7dd540271eab8964e7e6ea94049c
SERVER_TRAFFIC_SECRET_0 ccba2baed21d187b7f5a116029a6b0103a12c1e355c7f2226e65eacb3ece5f08 fcea6cacfa1a92c38f54a6782267099c600c66d2fda27b42cd0af9d5cdb05078
EXPORTER_SECRET ccba2baed21d187b7f5a116029a6b0103a12c1e355c7f2226e65eacb3ece5f08 5e714392d85b7af01b2336392cc07298a1a3df5e900cf70beedc5c83db374371
CLIENT_HANDSHAKE_TRAFFIC_SECRET cc5839933cc949c2bfbf81c3f42091308c2915430b01dbebf4d9c49de577a749 299456e3b105decd0be266d53bcba3443c460182368c3c2f62d62010e3e74b9c
SERVER_HANDSHAKE_TRAFFIC_SECRET cc5839933cc949c2bfbf81c3f42091308c2915430b01dbebf4d9c49de577a749 8af49308d8be34d24e964edcad7ea7e9b7743e8a8737fb98df96664821bcc57d
CLIENT_TRAFFIC_SECRET_0 cc5839933cc949c2bfbf81c3f42091308c2915430b01dbebf4d9c49de577a749 82cd9b2b2bca0c226d26c7cb840047251c9d979cec0cad0c0cd30a7d7e44e66c
SERVER_TRAFFIC_SECRET_0 cc5839933cc949c2bfbf81c3f42091308c2915430b01dbebf4d9c49de577a749 d482a49fbd7269b1df0d3349f9c65a7918a238db19ffa3d48cedcafc5201f6ba
EXPORTER_SECRET cc5839933cc949c2bfbf81c3f42091308c2915430b01dbebf4d9c49de577a749 ac21591c587acbd0ef56ff68e653b47f3c17ba434b56a4b5bffa992af63c177c
CLIENT_HANDSHAKE_TRAFFIC_SECRET 1efb8649faf27e8bdb05e68eb041c7bff3e6504e12f1e9f36fdaef8a9abffb87 314e91ef91e92f4308baebbfaf5c66f6da5cb499169201a1aaa3a7a43f4031b6
SERVER_HANDSHAKE_TRAFFIC_SECRET 1efb8649faf27e8bdb05e68eb041c7bff3e6504e12f1e9f36fdaef8a9abffb87 f92683e2cd7c73eb22cef13087a49205082403b2200388d0aaa95f40de23f1bb
CLIENT_TRAFFIC_SECRET_0 1efb8649faf27e8bdb05e68eb041c7bff3e6504e12f1e9f36fdaef8a9abffb87 d221beecdba6c906dab70049da6bba4eac1d0484deca22b19420ec6eb9aee6b3
SERVER_TRAFFIC_SECRET_0 1efb8649faf27e8bdb05e68eb041c7bff3e6504e12f1e9f36fdaef8a9abffb87 f3b6b31e75084d0078b6e506f5ba9d8843a54f817e7a40ffd5404bb68acfb369
EXPORTER_SECRET 1efb8649faf27e8bdb05e68eb041c7bff3e6504e12f1e9f36fdaef8a9abffb87 3bc3015b8c92596cde7706e4146cd37d24b3a5c396ab626a31c8b54b7f77375f
CLIENT_HANDSHAKE_TRAFFIC_SECRET 5d4409d360469219e5e8a989746528a50b3476cd0134e553cb781283db1e1ca8 19d1922e8adbaa4aa108e0a0c29d3eec1beffbf37bb2c81485ec238bc0e26335
SERVER_HANDSHAKE_TRAFFIC_SECRET 5d4409d360469219e5e8a989746528a50b3476cd0134e553cb781283db1e1ca8 5cd9e9eed10f30acc4c4a75893ed1ccc83eb853cecd1ee240d6631f4ebd9854e
CLIENT_TRAFFIC_SECRET_0 5d4409d360469219e5e8a989746528a50b3476cd0134e553cb781283db1e1ca8 3bb56caf5a39ceca6a557504ef1e4b50212e60d669b789f296726d78df2f27c7
SERVER_TRAFFIC_SECRET_0 5d4409d360469219e5e8a989746528a50b3476cd0134e553cb781283db1e1ca8 0f540cf47ad84e72931773090c639a07008f7753ca43645dc66692e265843773
EXPORTER_SECRET 5d4409d360469219e5e8a989746528a50b3476cd0134e553cb781283db1e1ca8 fcfb217c0f12ac42fef785540e112e354cebe8421ed4414840a0e31d1f40a733
CLIENT_HANDSHAKE_TRAFFIC_SECRET 1f25d786b6a533821b53aa71ba608478a7ac15cea89683b96f83254d77d84002 9572f7aa9e1c55e180a6fcb3125bf146586d91fbd079f8342e101e710c4aa9b6
SERVER_HANDSHAKE_TRAFFIC_SECRET 1f25d786b6a533821b53aa71ba608478a7ac15cea89683b96f83254d77d84002 652abb279d9f7a484eec776a3a8ab4e71d2810fbd8bce7d3cc0d6bd32aaef647
CLIENT_TRAFFIC_SECRET_0 1f25d786b6a533821b53aa71ba608478a7ac15cea89683b96f83254d77d84002 49b43ad913241e528797ef23ab1e477ccfec511eab8fdb7423849e3e64628749
SERVER_TRAFFIC_SECRET_0 1f25d786b6a533821b53aa71ba608478a7ac15cea89683b96f83254d77d84002 6d3c3e63aea99798ad9adc9693ed78e4b3e60fa5cbd879fd364d647d958393a2
EXPORTER_SECRET 1f25d786b6a533821b53aa71ba608478a7ac15cea89683b96f83254d77d84002 903f6fd288cb820e9238d63a1b72f305b712159500b45b3c55d574883a49220c
CLIENT_HANDSHAKE_TRAFFIC_SECRET 1f5ca972723ffc8b39039fe2c8ed895204a0a12bfd93a4f89c9c2f7f73fb2bd1 a3c6b1ea60605afd27ca64c1f6a16550df81fb4263f98846464075b8c600994a
SERVER_HANDSHAKE_TRAFFIC_SECRET 1f5ca972723ffc8b39039fe2c8ed895204a0a12bfd93a4f89c9c2f7f73fb2bd1 5a07e0c7f3c87a0ebf3f765d3f165629be57c2b079915796272fec02796d7383
CLIENT_TRAFFIC_SECRET_0 1f5ca972723ffc8b39039fe2c8ed895204a0a12bfd93a4f89c9c2f7f73fb2bd1 7272eab28b238a9b8fbfcf5c17934b17880aa2a13c2e984ddc2e5c4e5d176982
SERVER_TRAFFIC_SECRET_0 1f5ca972723ffc8b39039fe2c8ed895204a0a12bfd93a4f89c9c2f7f73fb2bd1 076746c60b554f05a1c01188675354319a15988b63ae05a00d9b3bea025c0730
EXPORTER_SECRET 1f5ca972723ffc8b39039fe2c8ed895204a0a12bfd93a4f89c9c2f7f73fb2bd1 f47e39ddb759bc1a5618ba648528204278af65f319100803346ffc9452506039
CLIENT_HANDSHAKE_TRAFFIC_SECRET c954938d6f142b2daf29da35696f95cb7c96b1c6c4fce2748e52162ec20304bd 24ea058fa9040855289600849cea1a51d21ba4de2ba396be43829d3c6ebde45f
SERVER_HANDSHAKE_TRAFFIC_SECRET c954938d6f142b2daf29da35696f95cb7c96b1c6c4fce2748e52162ec20304bd 12326bda19f0411ced7f81b92785be0b897289608551eda4791d38371c42f4be
CLIENT_TRAFFIC_SECRET_0 c954938d6f142b2daf29da35696f95cb7c96b1c6c4fce2748e52162ec20304bd 70cbbe0fa4bd37bedbd458e3bedd1f8abf4c60bfd589cdf903936513a86b9df4
SERVER_TRAFFIC_SECRET_0 c954938d6f142b2daf29da35696f95cb7c96b1c6c4fce2748e52162ec20304bd 2fa2df66100521b67cbe4c7db0902fa8db9a4162ac8332f586f7915df627d9a2
EXPORTER_SECRET c954938d6f142b2daf29da35696f95cb7c96b1c6c4fce2748e52162ec20304bd f354a8818359bca67d060ba2e60d7b1ec4d46b8c6a4050d6d6ebef1804675806
CLIENT_HANDSHAKE_TRAFFIC_SECRET cbbdfe6b40ba7200b418e64fd98af3b58b01ccb796ed466b5cc18e43b89f3786 bd30bdfa91b87081155258d1ddd97455a8334e48fc6a32fb3c275b527d962648
SERVER_HANDSHAKE_TRAFFIC_SECRET cbbdfe6b40ba7200b418e64fd98af3b58b01ccb796ed466b5cc18e43b89f3786 e0cbb194d07b9432df263f929d2b11c437bc93dd3b15d5e68d1429e05b155860
CLIENT_TRAFFIC_SECRET_0 cbbdfe6b40ba7200b418e64fd98af3b58b01ccb796ed466b5cc18e43b89f3786 29ce9a583e92bbce808c9cc7f66b8ec9ee82e2b31e69afefdb71d583b525d595
SERVER_TRAFFIC_SECRET_0 cbbdfe6b40ba7200b418e64fd98af3b58b01ccb796ed466b5cc18e43b89f3786 bf36f0791c7f44b103e8e2c3b49bdafbe97d724c988e8eb1762b121323227b82
EXPORTER_SECRET cbbdfe6b40ba7200b418e64fd98af3b58b01ccb796ed466b5cc18e43b89f3786 3c38e2748deabd365bdce9c5844b7fea5acbd7fd028dd301ec14ca122dd88e3d
CLIENT_HANDSHAKE_TRAFFIC_SECRET 4f7ab390dc022de32f93cd4e64a9d77c25f56f88ab0831fd54f4c150608794cd 789fc5038208b233f0855cffb754295a5cc1fb7a371dbc3633a513e73f44ea33
SERVER_HANDSHAKE_TRAFFIC_SECRET 4f7ab390dc022de32f93cd4e64a9d77c25f56f88ab0831fd54f4c150608794cd 8da3ee110c9dd7518e4a6479f02ce198f17c2e78efc6d37e2b6c6ca9647faf63
CLIENT_TRAFFIC_SECRET_0 4f7ab390dc022de32f93cd4e64a9d77c25f56f88ab0831fd54f4c150608794cd 5197dc908df482bd79a90321e01f94843b8d7948dc0d78013748e790b636d56c
SERVER_TRAFFIC_SECRET_0 4f7ab390dc022de32f93cd4e64a9d77c25f56f88ab0831fd54f4c150608794cd f317e6a43241e78f41ad98e65450b760e374725b64dd62f94bd17c523fd3a05a
EXPORTER_SECRET 4f7ab390dc022de32f93cd4e64a9d77c25f56f88ab0831fd54f4c150608794cd 9f8f65802c8f39f21fa76af30cc82923163ce1b96815b9cca15b9e340b139d97
CLIENT_HANDSHAKE_TRAFFIC_SECRET a63f2ca4cfc58eebe42fd7ca1c663017467771ca61d27d6a77bd4276e15a85fa 408e58d6c9a28324abe19147d09f140ff8bdbc8980967c281088d8a1b71dbd02
SERVER_HANDSHAKE_TRAFFIC_SECRET a63f2ca4cfc58eebe42fd7ca1c663017467771ca61d27d6a77bd4276e15a85fa 4beaee84856505539d852bcf7be1e2926d51fbb0f9bf27ca2aab39380ccc07e7
CLIENT_TRAFFIC_SECRET_0 a63f2ca4cfc58eebe42fd7ca1c663017467771ca61d27d6a77bd4276e15a85fa 1fdf6f132b03340a80d79da0f4a149198504d901480c2e7d7b197f3ccd48781c
SERVER_TRAFFIC_SECRET_0 a63f2ca4cfc58eebe42fd7ca1c663017467771ca61d27d6a77bd4276e15a85fa 7d1126b512946de98ae5f13e256ba7d204dc5b53eea0d99448273476a462f9bd
EXPORTER_SECRET a63f2ca4cfc58eebe42fd7ca1c663017467771ca61d27d6a77bd4276e15a85fa 1432091991f0cd513397eb0fb60adb1f9034242cf748d7d7388b9b299f385244
CLIENT_HANDSHAKE_TRAFFIC_SECRET 9e88100523b8ab32ef59c825ef9544ee6c8181ee1aee70a205c07d086284cfe4 c3c736e81d5e7764c21567a7deceb027c3941b842c070e426e802eb51bf66800
SERVER_HANDSHAKE_TRAFFIC_SECRET 9e88100523b8ab32ef59c825ef9544ee6c8181ee1aee70a205c07d086284cfe4 55f9e9417dd8c74a3b8f6e20041585897b459f38332ded44971d94b13b6dc25c
CLIENT_TRAFFIC_SECRET_0 9e88100523b8ab32ef59c825ef9544ee6c8181ee1aee70a205c07d086284cfe4 a7e85e3c82b9270b33fec5ac73ab079ab7f0bfab16e225c93d0ce1d1335fdccd
SERVER_TRAFFIC_SECRET_0 9e88100523b8ab32ef59c825ef9544ee6c8181ee1aee70a205c07d086284cfe4 8fb3e97e5e44edaf2508a47dd8db44c52bd131d89edee41e434670173d251aad
EXPORTER_SECRET 9e88100523b8ab32ef59c825ef9544ee6c8181ee1aee70a205c07d086284cfe4 7f67ce49dfff9b9b792de903e7692ff48965940fa1597805fc294bef6d96c23f
CLIENT_HANDSHAKE_TRAFFIC_SECRET cdfe665a0ea9eaa9efe81a0912103fd2e1c5e1acd40fac404c29b2c52f1a2e60 1a7dff633f57b1e24b574addd0fa142cfda8a816ccd8d60c50eabd8fe207288e
SERVER_HANDSHAKE_TRAFFIC_SECRET cdfe665a0ea9eaa9efe81a0912103fd2e1c5e1acd40fac404c29b2c52f1a2e60 f0551ee58d46e31e5c1a9a22ae53cab51f5f480ca1e2ab2b4194453575cae38a
CLIENT_TRAFFIC_SECRET_0 cdfe665a0ea9eaa9efe81a0912103fd2e1c5e1acd40fac404c29b2c52f1a2e60 885b3a61abe089420be0f9861606a12c41e1f8f5a4fb8a4eb2f5b779d3a27e1c
SERVER_TRAFFIC_SECRET_0 cdfe665a0ea9eaa9efe81a0912103fd2e1c5e1acd40fac404c29b2c52f1a2e60 363c579a81c0a6a4d44e69c1ad43e39b7bc1ffe399a5e1c46ec85c252dfa1ba0
EXPORTER_SECRET cdfe665a0ea9eaa9efe81a0912103fd2e1c5e1acd40fac404c29b2c52f1a2e60 e41d6c73e160ce94574774fc0ef1eb8791a9df077c4014766abea1ff166ff359
CLIENT_HANDSHAKE_TRAFFIC_SECRET 8c2747b78ef76fae03b23ef541a5f8f52a85e5b9a81d0c557cb45b6674edd4b3 8a395073a20a1d20ac40da310ff7077ab03f9f51b88a9497938d853b790a8529
SERVER_HANDSHAKE_TRAFFIC_SECRET 8c2747b78ef76fae03b23ef541a5f8f52a85e5b9a81d0c557cb45b6674edd4b3 8699dbf6957d952c9a3806298e7c8ca8aa2977a5160bcdc0dc026b24b229d371
CLIENT_TRAFFIC_SECRET_0 8c2747b78ef76fae03b23ef541a5f8f52a85e5b9a81d0c557cb45b6674edd4b3 13f406a46076252e21a125d85fc0e455c9d4fc12150ec70f98fac1c49195758b
SERVER_TRAFFIC_SECRET_0 8c2747b78ef76fae03b23ef541a5f8f52a85e5b9a81d0c557cb45b6674edd4b3 166ec708fbcb6d2fddfc0a878f49707c56eeb5284fe775f06509ebfe885ef3d7
EXPORTER_SECRET 8c2747b78ef76fae03b23ef541a5f8f52a85e5b9a81d0c557cb45b6674edd4b3 88b6a8eafa48e41d6be8b25efc91e0da7132b08821900b1522fc9c10bbd07d7e
CLIENT_HANDSHAKE_TRAFFIC_SECRET e6128353f15fc3f24fed358336428ed8d053e89463a90a0b36eb58ebe1c9a04c 98101a5b5d622d4f231ed78f553ccbca1e30b251e51b17baaed0e10ba79e30ec
SERVER_HANDSHAKE_TRAFFIC_SECRET e6128353f15fc3f24fed358336428ed8d053e89463a90a0b36eb58ebe1c9a04c f97dd218ed3ece527d57e21b56f22260a506026371f8a17abc3681e186405be8
CLIENT_TRAFFIC_SECRET_0 e6128353f15fc3f24fed358336428ed8d053e89463a90a0b36eb58ebe1c9a04c 21319c704a57799b8be0b28e00d2775a7ed051a66fc5df35598bc65187f6250a
SERVER_TRAFFIC_SECRET_0 e6128353f15fc3f24fed358336428ed8d053e89463a90a0b36eb58ebe1c9a04c b2414eb81cf93848c3b8c81d8d3cf3551a472a48fdcd1a38293b15557d5a0cb3
EXPORTER_SECRET e6128353f15fc3f24fed358336428ed8d053e89463a90a0b36eb58ebe1c9a04c c49635a96be14918ec29a42c8965157cd13672788e3fc1d8c13ce18259fde0c6
CLIENT_HANDSHAKE_TRAFFIC_SECRET a357a4fdab013077f7fb79c79845b3606b3f47ddd863b0a7acad4b0ac6673db6 ab96f3f30e5657b6eff15b34c743917c7a040f628ce53c662e1cd1a108f1c2dc
SERVER_HANDSHAKE_TRAFFIC_SECRET a357a4fdab013077f7fb79c79845b3606b3f47ddd863b0a7acad4b0ac6673db6 a24bfd0f03142b19f303fd83f623592c4e901fc598e0b917816ee3efb4c5a3b8
CLIENT_TRAFFIC_SECRET_0 a357a4fdab013077f7fb79c79845b3606b3f47ddd863b0a7acad4b0ac6673db6 0ed229581efdaa564bab1309e973e5245a6294859475ef4033e39c759e39363e
SERVER_TRAFFIC_SECRET_0 a357a4fdab013077f7fb79c79845b3606b3f47ddd863b0a7acad4b0ac6673db6 5f06c7b18da3a37a65e9713df93ca1d68888be8282742c04de28e8fa5c122f17
EXPORTER_SECRET a357a4fdab013077f7fb79c79845b3606b3f47ddd863b0a7acad4b0ac6673db6 3fa87ae09c3059f8e852a49b036e1d36a42cffed320772af061b197b2c61ba39
CLIENT_HANDSHAKE_TRAFFIC_SECRET 04ecb68c85f96ba6e9051a3c47ced9dff728d53aef0a70ab4cf839a491f92529 4bcd2a7b5c1a359da765c135e507083f1b805adbd21fb88945c9637d83450b8e
SERVER_HANDSHAKE_TRAFFIC_SECRET 04ecb68c85f96ba6e9051a3c47ced9dff728d53aef0a70ab4cf839a491f92529 b55c498ec81252ddfcc2441aad2cb3503994822c39d53535cb919c6459ff0c6f
CLIENT_TRAFFIC_SECRET_0 04ecb68c85f96ba6e9051a3c47ced9dff728d53aef0a70ab4cf839a491f92529 3af181e1f5424a59589fe3f85f91649379c834ca22ef946361ac384a897a1dcb
SERVER_TRAFFIC_SECRET_0 04ecb68c85f96ba6e9051a3c47ced9dff728d53aef0a70ab4cf839a491f92529 4eb3e9fd04a426cd00ec32b364d7abc3f42fe463659a831e48f69530ace17422
EXPORTER_SECRET 04ecb68c85f96ba6e9051a3c47ced9dff728d53aef0a70ab4cf839a491f92529 e6ecaffef51d9750b7fcfd353b077c04a9230621c31e6eaf5b7eb50fde6d4abc
CLIENT_HANDSHAKE_TRAFFIC_SECRET a3d940e7d3cd0f08637f7ca57c469dd1f357e4e65dd4ed33651e2470ac124b39 06b265b549970caf56a81c35b100d50b53804f7a0e09e2a3fbb2738a3d400d8f
SERVER_HANDSHAKE_TRAFFIC_SECRET a3d940e7d3cd0f08637f7ca57c469dd1f357e4e65dd4ed33651e2470ac124b39 ebe5ecacbc8bd915c5f27f60f40e63448086f63daf8de166fc2aadcf5d52cb1c
CLIENT_TRAFFIC_SECRET_0 a3d940e7d3cd0f08637f7ca57c469dd1f357e4e65dd4ed33651e2470ac124b39 9338b83f84ff0d66627c1927baee665a39ba516d2897f25c65f5ff0f05cc36d7
SERVER_TRAFFIC_SECRET_0 a3d940e7d3cd0f08637f7ca57c469dd1f357e4e65dd4ed33651e2470ac124b39 ea51bb6e30f95785db756d25e214b3f4cd4f8a6461934584e9e794645499740e
EXPORTER_SECRET a3d940e7d3cd0f08637f7ca57c469dd1f357e4e65dd4ed33651e2470ac124b39 af540a9d43771967934136c77a172e22a3a33e6bddae679b1ba95e8e92d5b5df
CLIENT_HANDSHAKE_TRAFFIC_SECRET 3a1ed7cf59012cef5f105c08cf11244f6ddce5ba65df17e0473556a77e632fd5 1bf4e8089edffceac179c0be9c16bd7ee3f80e29f29c7c0207b7ed1067ab20db
SERVER_HANDSHAKE_TRAFFIC_SECRET 3a1ed7cf59012cef5f105c08cf11244f6ddce5ba65df17e0473556a77e632fd5 e8d136be0742f7db4653c64d466f87f57e84dfd4cec9b24be5a232a4b684c9bc
CLIENT_TRAFFIC_SECRET_0 3a1ed7cf59012cef5f105c08cf11244f6ddce5ba65df17e0473556a77e632fd5 281c4a1eda11f6202c24e27d9510ef562fde0828d481d7f99d9127f112c27ab4
SERVER_TRAFFIC_SECRET_0 3a1ed7cf59012cef5f105c08cf11244f6ddce5ba65df17e0473556a77e632fd5 da9d4c572b4ab5e32fe37574b53910eb0e8e069291cf1758a7b834c82655ed05
EXPORTER_SECRET 3a1ed7cf59012cef5f105c08cf11244f6ddce5ba65df17e0473556a77e632fd5 6700d5be535c20e25f832b47df3840e8c8d9b4a9d37f631ea89c8da782c7a41d
