CLIENT_HANDSHAKE_TRAFFIC_SECRET 9843e01cccfca5bf481ca97bec10111c9f628ae68bae7308bffc6420c906c1cf 9605ca8f0297ef778e4bf552ca283f9968a84e0fa578856b2129d9f787916f30
SERVER_HANDSHAKE_TRAFFIC_SECRET 9843e01cccfca5bf481ca97bec10111c9f628ae68bae7308bffc6420c906c1cf 23521c823f68a526e5aede0f3d66e5a0b8ec9e367e0a35ea52a3c965427ffc81
CLIENT_TRAFFIC_SECRET_0 9843e01cccfca5bf481ca97bec10111c9f628ae68bae7308bffc6420c906c1cf 6350ae33e6ad6fbd8a26b2e76d349292d71bc4ee0073ea44fd3e7f3c44c49735
SERVER_TRAFFIC_SECRET_0 9843e01cccfca5bf481ca97bec10111c9f628ae68bae7308bffc6420c906c1cf 469514b3a934c3529134be1ee700febcdfa2dedd7e69e3f15e4dd3b1d3164c34
EXPORTER_SECRET 9843e01cccfca5bf481ca97bec10111c9f628ae68bae7308bffc6420c906c1cf 4b2d6d6887f64bf38a7abcddf2b55b53141a5f37697ce3db30105a2f28577223
CLIENT_HANDSHAKE_TRAFFIC_SECRET 487bfd2e99c881d21f9c79716a93c9d861c0ae5602e8f6ccfb0b497d634f0820 e2dda86973bd5073acfbdd531dbeda890257ca03b09483a84ef4e64b90a72a1e
SERVER_HANDSHAKE_TRAFFIC_SECRET 487bfd2e99c881d21f9c79716a93c9d861c0ae5602e8f6ccfb0b497d634f0820 129c0f2430b775a9301cd7eb6ba236fef636726dc8a03f8195bddc505c93d725
CLIENT_TRAFFIC_SECRET_0 487bfd2e99c881d21f9c79716a93c9d861c0ae5602e8f6ccfb0b497d634f0820 c0814c457d54eaa7fcd2ade08a48299a16a1b6e3e386ba7e78c41dca96a8e618
SERVER_TRAFFIC_SECRET_0 487bfd2e99c881d21f9c79716a93c9d861c0ae5602e8f6ccfb0b497d634f0820 5c130df4eb0038475e376eec3ce1b742c1893218d8c6039dc0539914e09e294f
EXPORTER_SECRET 487bfd2e99c881d21f9c79716a93c9d861c0ae5602e8f6ccfb0b497d634f0820 a1ec55bcdad06b8afac486fd9d74e92348091fb9449c387050750d7178219fab
CLIENT_HANDSHAKE_TRAFFIC_SECRET a9d0ba0be8d7fd82cba1b24228b3c06cf7125b4648a355afe04a31f12d1be84a e42d02c3ed90179fa45d70d7185481a2db720064cde70753ec9bca73f5b98096
SERVER_HANDSHAKE_TRAFFIC_SECRET a9d0ba0be8d7fd82cba1b24228b3c06cf7125b4648a355afe04a31f12d1be84a 752c611d22d472ae13afc80d1670a5cef831a89f5f73d4048532da3cd0faf79e
CLIENT_TRAFFIC_SECRET_0 a9d0ba0be8d7fd82cba1b24228b3c06cf7125b4648a355afe04a31f12d1be84a 421282cc929e2da28f5f741edb85a4bdf3634ba82f5ded33e8e80419e429248b
SERVER_TRAFFIC_SECRET_0 a9d0ba0be8d7fd82cba1b24228b3c06cf7125b4648a355afe04a31f12d1be84a bf653ca7dc61d586ad6ce8f198a6ee50500771ed1ffc368c8e0c0baad436e4cb
EXPORTER_SECRET a9d0ba0be8d7fd82cba1b24228b3c06cf7125b4648a355afe04a31f12d1be84a 5460a7c0f0fc815274134b0d16675cece57d4e6e1ae8bf85b646ab1d5cff0c70
CLIENT_HANDSHAKE_TRAFFIC_SECRET f37a775669610ccbb1297c9d181ea08b5434f1acbc7eda333520e3f15bc48d9b b1717c0772ee1d940ddf40b4cd12221bcfdd41a098b18e1eedf0bade778764d9
SERVER_HANDSHAKE_TRAFFIC_SECRET f37a775669610ccbb1297c9d181ea08b5434f1acbc7eda333520e3f15bc48d9b b41e8b915f721a8adce6e399491e489913df72f4d97af89ee8d6e0c176340dbe
CLIENT_TRAFFIC_SECRET_0 f37a775669610ccbb1297c9d181ea08b5434f1acbc7eda333520e3f15bc48d9b 28b3e8804f141487668fd7cc76931c04277ac9c8db888e1eec14f06a4f3b9127
SERVER_TRAFFIC_SECRET_0 f37a775669610ccbb1297c9d181ea08b5434f1acbc7eda333520e3f15bc48d9b cd7597f90abd40971f5be6a6dc6a25c66dc62b4a48463788a4b3623fa410d9bf
EXPORTER_SECRET f37a775669610ccbb1297c9d181ea08b5434f1acbc7eda333520e3f15bc48d9b 26745afc9cb83c5a393a18fee237c2604691db62ffb7d3f0148a3cb357c3ddad
