CLIENT_HANDSHAKE_TRAFFIC_SECRET b6abfeafc9c54ee8c13520b4eaac7db1126e04f2f2be2ecd6f6ec4dd80b7f602 455d327f4a31813a7a0f0f7c4df41c902a661f1ee64604170c8658ccb42765e6
SERVER_HANDSHAKE_TRAFFIC_SECRET b6abfeafc9c54ee8c13520b4eaac7db1126e04f2f2be2ecd6f6ec4dd80b7f602 30124e9950ed1100c662980e421b86db9a0728164e8952f4d955fddf5f014849
CLIENT_TRAFFIC_SECRET_0 b6abfeafc9c54ee8c13520b4eaac7db1126e04f2f2be2ecd6f6ec4dd80b7f602 7c4af0933d28c3cf9a7639a1915141b039ffd72cdf6c9ba899785b1ab2b22f74
SERVER_TRAFFIC_SECRET_0 b6abfeafc9c54ee8c13520b4eaac7db1126e04f2f2be2ecd6f6ec4dd80b7f602 148d4e0072e67e764e743098c96cbdce476fa87820886ee8de2336f17d9896d0
EXPORTER_SECRET b6abfeafc9c54ee8c13520b4eaac7db1126e04f2f2be2ecd6f6ec4dd80b7f602 4ee9a53939187a2fb56b849895517989c6e1ac44fda6dfcc2815ffec118c252f
CLIENT_HANDSHAKE_TRAFFIC_SECRET e8bd301f7d9d598a7d3a440ac8e47a7aa0f296929a68b51f35cb3f45612e9d53 7554619fc2e24f348e91dda6009a6b79aa71c486d5264455eb549dd8acb1ed4b
SERVER_HANDSHAKE_TRAFFIC_SECRET e8bd301f7d9d598a7d3a440ac8e47a7aa0f296929a68b51f35cb3f45612e9d53 1f6718ae8568721e738ea98f4a94029cca6f69b1e1a101b07994689b7609ba99
CLIENT_TRAFFIC_SECRET_0 e8bd301f7d9d598a7d3a440ac8e47a7aa0f296929a68b51f35cb3f45612e9d53 46696edecb6529c203501b5946e34af523eb05b5ec0d575dfaff346566e5d05f
SERVER_TRAFFIC_SECRET_0 e8bd301f7d9d598a7d3a440ac8e47a7aa0f296929a68b51f35cb3f45612e9d53 f3ce4d15932c832007674ba38c12ef895230224506cf4c8ad7a64e3082277fbd
EXPORTER_SECRET e8bd301f7d9d598a7d3a440ac8e47a7aa0f296929a68b51f35cb3f45612e9d53 dbf1c6bc1625f5639ceb0481a1a5acc9c96a2ffd23e7b704515af2f4e65c5e31
CLIENT_HANDSHAKE_TRAFFIC_SECRET 3da0c2304fb5175cf7c92cacb8a2448d76a4f31fe53461c9bfec9897e3b4f356 085ebdc8c759c6e1a010dc47fcb1bbf03d3cf8c2c99ed7b87b400b82cc43d586
SERVER_HANDSHAKE_TRAFFIC_SECRET 3da0c2304fb5175cf7c92cacb8a2448d76a4f31fe53461c9bfec9897e3b4f356 fac4e5a30a4353c24b0a0867d8cd352fbf51e077c81ffd1db35132e00f1469cf
CLIENT_TRAFFIC_SECRET_0 3da0c2304fb5175cf7c92cacb8a2448d76a4f31fe53461c9bfec9897e3b4f356 5b0221f31e1ea6e541c2b1e99fd093393587344e7a6abfb9e844b0e97347e3b9
SERVER_TRAFFIC_SECRET_0 3da0c2304fb5175cf7c92cacb8a2448d76a4f31fe53461c9bfec9897e3b4f356 21388198df80a49ebcf4313efdd8b6f7c1faa6c661844220896cb5fddc559be7
EXPORTER_SECRET 3da0c2304fb5175cf7c92cacb8a2448d76a4f31fe53461c9bfec9897e3b4f356 2ce955feb81126677684d420b14652a4ab908a524ed1ab694ed41fafcf1a9598
CLIENT_HANDSHAKE_TRAFFIC_SECRET ae997901adbfffe15a47d12c6cae469eb26bdc8c02508714840fa4ad9bc7f00a 97219c1821f1e556a5b7fb84a5b12c223459b8bc32a5e5f0012dd7026f03b547
SERVER_HANDSHAKE_TRAFFIC_SECRET ae997901adbfffe15a47d12c6cae469eb26bdc8c02508714840fa4ad9bc7f00a 286901dbb20c203dcf23fdae482eb102cea4075c7e359c9291b1f29045f76878
CLIENT_TRAFFIC_SECRET_0 ae997901adbfffe15a47d12c6cae469eb26bdc8c02508714840fa4ad9bc7f00a c65ce171ecb0a87a6dbe69af6d20f8983f11eca415d19660ae5b77a98b16bdca
SERVER_TRAFFIC_SECRET_0 ae997901adbfffe15a47d12c6cae469eb26bdc8c02508714840fa4ad9bc7f00a 049b93a6aa38718514d02370eaa8147b844cd3bab2228757e61ede5eda10bb5b
EXPORTER_SECRET ae997901adbfffe15a47d12c6cae469eb26bdc8c02508714840fa4ad9bc7f00a e50dc925c322827534872108fee3b23fcd4563804206c4abf31d050c0caf454b
CLIENT_HANDSHAKE_TRAFFIC_SECRET f4c604297d0b17ab8839d6f91caf05cd712e3233dbe21bd93bf873067065c792 9531d9903312037758826ae1f02a878db0b4d5d7591fbf37b467d1b302055fd9
SERVER_HANDSHAKE_TRAFFIC_SECRET f4c604297d0b17ab8839d6f91caf05cd712e3233dbe21bd93bf873067065c792 a6beaa1f2fddcd287024f295d05b51dc6fa5e8fd08ee43dfc7271052f11c93ec
CLIENT_TRAFFIC_SECRET_0 f4c604297d0b17ab8839d6f91caf05cd712e3233dbe21bd93bf873067065c792 5d4b8a43a4a98b212fdc1bd587c32706634864d00a87c56fb4559b718c62bc1d
SERVER_TRAFFIC_SECRET_0 f4c604297d0b17ab8839d6f91caf05cd712e3233dbe21bd93bf873067065c792 97824dfcf7008cfd37f124e6ee17fa955b618bfe4e0265e4c2a09edec00122d0
EXPORTER_SECRET f4c604297d0b17ab8839d6f91caf05cd712e3233dbe21bd93bf873067065c792 b63aa4b813cf25b7d5fda47c1fa493bf3ba5868189a75a6adf43f6e643529122
CLIENT_HANDSHAKE_TRAFFIC_SECRET 20ef7c2508a17101daa3d000dde992ade5b19078526d06725fda558d8d671979 9021431ec1f7ef1effb8d9fb162481726286baf136e19b2e93190dfb892d504b
SERVER_HANDSHAKE_TRAFFIC_SECRET 20ef7c2508a17101daa3d000dde992ade5b19078526d06725fda558d8d671979 f84c80eae3dc3fb319a71c7a282e15fb1b73fa9078444da29589758a63f99379
CLIENT_TRAFFIC_SECRET_0 20ef7c2508a17101daa3d000dde992ade5b19078526d06725fda558d8d671979 a47756a9cbaade7e5f11d5a2c7246830407082a2d2eae91aa86a8d5f4a850262
SERVER_TRAFFIC_SECRET_0 20ef7c2508a17101daa3d000dde992ade5b19078526d06725fda558d8d671979 a33a48cdcb0779e80274b09e20d820535140ca54ea8f789ab40ea639f06f92a5
EXPORTER_SECRET 20ef7c2508a17101daa3d000dde992ade5b19078526d06725fda558d8d671979 bcc9caaf15ac24dfbf8fd77274ff626175d0ddd78a2454a15853326f7a2048c9
CLIENT_HANDSHAKE_TRAFFIC_SECRET cd84a84c5c826680ac705f06ed502bee55bfea6bdecd106784c5065a6df6eb2c 76da19bbd9bccdd94b249464ea34dde018a18196328dcda6be9006a588a32522
SERVER_HANDSHAKE_TRAFFIC_SECRET cd84a84c5c826680ac705f06ed502bee55bfea6bdecd106784c5065a6df6eb2c 3221a5a8cdb73ad0f7aa91601c4866942642195143218ea78224ecc9a81239bf
CLIENT_TRAFFIC_SECRET_0 cd84a84c5c826680ac705f06ed502bee55bfea6bdecd106784c5065a6df6eb2c 956339939d85aa6fc1997078dc12b4417ebd0d89876185bff8355330438f7dc5
SERVER_TRAFFIC_SECRET_0 cd84a84c5c826680ac705f06ed502bee55bfea6bdecd106784c5065a6df6eb2c 0030faceca9c8e8baf3fa601a23f7a62fa1df67932f6f64a961f12984f7a21a3
EXPORTER_SECRET cd84a84c5c826680ac705f06ed502bee55bfea6bdecd106784c5065a6df6eb2c e67be1f6558e92e177ddf88ad3dc38add535e4e870a7d3f1f9d852bcde6c5d00
CLIENT_HANDSHAKE_TRAFFIC_SECRET 7f936de427ce46b77596b46ed7803510d49d220f9629018d7cf02e8b1d425537 8db27b52a1f7e7f6f7aa1efbfb76e6f4d8dcf55c3591b95d6b00eabe3e9dbe87
SERVER_HANDSHAKE_TRAFFIC_SECRET 7f936de427ce46b77596b46ed7803510d49d220f9629018d7cf02e8b1d425537 5c0266492243e34c873ef70b4b8cb22608e26eff9cf828dabc15f2e4d4a7a817
CLIENT_TRAFFIC_SECRET_0 7f936de427ce46b77596b46ed7803510d49d220f9629018d7cf02e8b1d425537 fb019b313edbbf9c9e8d8767fdb9675939bff73447bd92a30946a3e984597e4f
SERVER_TRAFFIC_SECRET_0 7f936de427ce46b77596b46ed7803510d49d220f9629018d7cf02e8b1d425537 b0b19eff8986b6ed81f869a5a04bfd052af673a53e21ea8ce3e3d4b7baa40ed1
EXPORTER_SECRET 7f936de427ce46b77596b46ed7803510d49d220f9629018d7cf02e8b1d425537 379a8fc5dbf48a9afd65842a4b78bcdc6085abe0b4fc6032194e81db73f453b2
CLIENT_HANDSHAKE_TRAFFIC_SECRET 76b06b003de544e1265dba4c32167cb1daa638d69c99513397c21d3a68420db7 5ffafda3f0b87f644b610483afca8fd0c5152b91b738d4e7a7165aebca3293bd
SERVER_HANDSHAKE_TRAFFIC_SECRET 76b06b003de544e1265dba4c32167cb1daa638d69c99513397c21d3a68420db7 0fe28b6998a7668e604f4163fe0bc42e54279d690a4d7a77c38f9f3abd5381ea
CLIENT_TRAFFIC_SECRET_0 76b06b003de544e1265dba4c32167cb1daa638d69c99513397c21d3a68420db7 f5ece1ae35ba88d70aa093d547df1e17f66609fbd24128abd4d3faff4afafb65
SERVER_TRAFFIC_SECRET_0 76b06b003de544e1265dba4c32167cb1daa638d69c99513397c21d3a68420db7 6ed2246bef2f1d747bb0eae49e0ac996acd7ae890b4f622c94884a74af8ca501
EXPORTER_SECRET 76b06b003de544e1265dba4c32167cb1daa638d69c99513397c21d3a68420db7 93e3318c2ee0569a777bb7ef0ae061f247714af590da987b3a27d2e895546cff
CLIENT_HANDSHAKE_TRAFFIC_SECRET 51abc25dd8719f3bd224c0167702a0df2e35f472c0bd89e219f59b641d8925c6 a684c2efc8ba384eb8a7d935a703880517e6513e9910c41a587883a828edb803
SERVER_HANDSHAKE_TRAFFIC_SECRET 51abc25dd8719f3bd224c0167702a0df2e35f472c0bd89e219f59b641d8925c6 a7e17930477263f8303f7d92c476af0a09fc39f0338da073b5256bf26b3d0410
CLIENT_TRAFFIC_SECRET_0 51abc25dd8719f3bd224c0167702a0df2e35f472c0bd89e219f59b641d8925c6 5282b6143ceb5564c5ea101e82725c04c0549951a10a1962c78a1e47277ec8af
SERVER_TRAFFIC_SECRET_0 51abc25dd8719f3bd224c0167702a0df2e35f472c0bd89e219f59b641d8925c6 638779f0ec9731ac81c134058401033677ea18f02b46c6dbe06c9011b02e0288
EXPORTER_SECRET 51abc25dd8719f3bd224c0167702a0df2e35f472c0bd89e219f59b641d8925c6 404658e9f199ddb5401898c8757edbe1ea30b493b18ecbd055f16e3bb41f34c8
CLIENT_HANDSHAKE_TRAFFIC_SECRET 54770c1a774d2c0108555589e1e009f4d99e4710922265fe1b4202bc14225236 f3a2b0de68da3a91a8ce3d11035e81772dcf1ea9a97e98806ded063763d7889f
SERVER_HANDSHAKE_TRAFFIC_SECRET 54770c1a774d2c0108555589e1e009f4d99e4710922265fe1b4202bc14225236 456f11b136213f8aacb602cebf4002d99840ac68630d41ae9e3b3ae21ec069c1
CLIENT_TRAFFIC_SECRET_0 54770c1a774d2c0108555589e1e009f4d99e4710922265fe1b4202bc14225236 0d24bff0447e02a3908f773e5a5caa08c3081c6fea0df715f713b0b27957ff10
SERVER_TRAFFIC_SECRET_0 54770c1a774d2c0108555589e1e009f4d99e4710922265fe1b4202bc14225236 76dac2f32542890b67f11c7d7d234b38b3cc538af078328b3462ee7a6e6e3f84
EXPORTER_SECRET 54770c1a774d2c0108555589e1e009f4d99e4710922265fe1b4202bc14225236 586498cbb2cf00bcc9fe4d42257192777410d82ab22aa51749dbbf9ac511f0d7
CLIENT_HANDSHAKE_TRAFFIC_SECRET 55b0e55e7f85bfb384d5cfe6d974087d93d64f4e570d903f1d6ceb5e74ed9e93 45338c12cade8e3cec93ed9b77b3f0d1a38d8fee5c3c10696d6fb3e078785d4d
SERVER_HANDSHAKE_TRAFFIC_SECRET 55b0e55e7f85bfb384d5cfe6d974087d93d64f4e570d903f1d6ceb5e74ed9e93 3d44345192a3337fd67d60a0b29f55d74c221e5de1ca9928118ce26ce08a007f
CLIENT_TRAFFIC_SECRET_0 55b0e55e7f85bfb384d5cfe6d974087d93d64f4e570d903f1d6ceb5e74ed9e93 ace13f17406ced6a6ce00b95e1025f8f7d6a6c19cf90b52d3119b447c9377916
SERVER_TRAFFIC_SECRET_0 55b0e55e7f85bfb384d5cfe6d974087d93d64f4e570d903f1d6ceb5e74ed9e93 2c63b6b1899dbfe765e227742bb6ca21c4eae8983da2dcad5cc4b908b698444c
EXPORTER_SECRET 55b0e55e7f85bfb384d5cfe6d974087d93d64f4e570d903f1d6ceb5e74ed9e93 d1fd8fadbbcba4b9b16aa5649a5cd3e62469ee9c1fd135909f62c88411d836de
CLIENT_HANDSHAKE_TRAFFIC_SECRET 4ec2c5daf9ac604bbffffce4a344978ef542d4dbcd867931831d2a60fe08ee56 18cf0f1d38099a151f736eabe1b2dc4375560d3f9e18b89dfa5d36efd4af6b18
SERVER_HANDSHAKE_TRAFFIC_SECRET 4ec2c5daf9ac604bbffffce4a344978ef542d4dbcd867931831d2a60fe08ee56 6f2cd5b980955f8912bc64f7302ea4a963ff4ab05e47046c09368588ad05bc99
CLIENT_TRAFFIC_SECRET_0 4ec2c5daf9ac604bbffffce4a344978ef542d4dbcd867931831d2a60fe08ee56 0549013b6720337aa8a60fed05127007734bdb82d14fbd0c5a6f23c4ff17a5a9
SERVER_TRAFFIC_SECRET_0 4ec2c5daf9ac604bbffffce4a344978ef542d4dbcd867931831d2a60fe08ee56 b548c4b27cc53fa80f5bbdd72b0973d53dc7cb3739b6df51e9e61b8765be2ef1
EXPORTER_SECRET 4ec2c5daf9ac604bbffffce4a344978ef542d4dbcd867931831d2a60fe08ee56 cd31d488a18832a5d937525c655fcc2f5ec8d356da141389306f061c46c36ab3
CLIENT_HANDSHAKE_TRAFFIC_SECRET f3a382fa3ec6711eb0ef037f2d2030e4ddc0ed5e4cdee0300a9e15fe70fc002b 235598d3fca8ea89e033501d2fe5a0c14c59a691eeb006cd1cb560814fd5fb8e
SERVER_HANDSHAKE_TRAFFIC_SECRET f3a382fa3ec6711eb0ef037f2d2030e4ddc0ed5e4cdee0300a9e15fe70fc002b 8694bca258788a58c902ba6090424687749cda5dfbe4b38b4c8b726a4b01a620
CLIENT_TRAFFIC_SECRET_0 f3a382fa3ec6711eb0ef037f2d2030e4ddc0ed5e4cdee0300a9e15fe70fc002b 9ef883cda7b8d7faa45d3df0dbd756c7b62a7d04d214e910fbd527e16a15cd0b
SERVER_TRAFFIC_SECRET_0 f3a382fa3ec6711eb0ef037f2d2030e4ddc0ed5e4cdee0300a9e15fe70fc002b fd16747ce17bf117e8d4526ac360870b45bfae797ba876479b4058744850d1a3
EXPORTER_SECRET f3a382fa3ec6711eb0ef037f2d2030e4ddc0ed5e4cdee0300a9e15fe70fc002b 006c040f846b1e8b6f0eedc7d71fe915b080b7dbc259ecf1a913ce6e9d03676d
CLIENT_HANDSHAKE_TRAFFIC_SECRET f941c048ec3ed667ceb89bdc4bbf81494c069a31258eb5ff28490fc349d3f628 b3c1c2c526c5f511f40e64ce92ce098bcffccdcb2927b2bad112ebd5597964a3
SERVER_HANDSHAKE_TRAFFIC_SECRET f941c048ec3ed667ceb89bdc4bbf81494c069a31258eb5ff28490fc349d3f628 c434f2a555656745a880834bbb23079f83245562caef79e9d8fae79e9846c1c5
CLIENT_TRAFFIC_SECRET_0 f941c048ec3ed667ceb89bdc4bbf81494c069a31258eb5ff28490fc349d3f628 608f77eb5d6e983af1d3d82acc224eba6bbe3dcf08dca22740f44202b9676155
SERVER_TRAFFIC_SECRET_0 f941c048ec3ed667ceb89bdc4bbf81494c069a31258eb5ff28490fc349d3f628 c81c80e7a510d8b7779ece5c6f9906500a72f6a067c24edf93297827fd8715f5
EXPORTER_SECRET f941c048ec3ed667ceb89bdc4bbf81494c069a31258eb5ff28490fc349d3f628 782899c254184c9eb70eb5181da4a38497b7e7a772697f6f1fe896ce617fbbc2
CLIENT_HANDSHAKE_TRAFFIC_SECRET 7a101d56134c64aac869b73567a42ac6912cf4f73f7013c7179163c2965adb8a a264184d1feb03e0628ad0d56782631f255952aaa0749f1791692a598aa684a9
SERVER_HANDSHAKE_TRAFFIC_SECRET 7a101d56134c64aac869b73567a42ac6912cf4f73f7013c7179163c2965adb8a 01e5eb608b93c9892cbd0c4d11faadaaa3ae4116dd9e18c459d3db588cf210d9
CLIENT_TRAFFIC_SECRET_0 7a101d56134c64aac869b73567a42ac6912cf4f73f7013c7179163c2965adb8a 1453eb7729a542819b56d7eec860fc222b7428feadc88c65467c6e843403aaed
SERVER_TRAFFIC_SECRET_0 7a101d56134c64aac869b73567a42ac6912cf4f73f7013c7179163c2965adb8a 73bea0a812f698f28a4b6148cdf52f81f9dfd74a56ff0a78bd572319127edadf
EXPORTER_SECRET 7a101d56134c64aac869b73567a42ac6912cf4f73f7013c7179163c2965adb8a 172f380927511cc4dec2441454fcdc1ba844005872018313966a4f1fab3775c6
CLIENT_HANDSHAKE_TRAFFIC_SECRET 1e61f559a16852bb0104e3ba22e6cd61a7f6359992cc8106059e28aec4ea1345 5c64d46d49f78d7cd299c4ca6dbe719b75ccf84396d28a86786122cb02fc1bce
SERVER_HANDSHAKE_TRAFFIC_SECRET 1e61f559a16852bb0104e3ba22e6cd61a7f6359992cc8106059e28aec4ea1345 d332b48459b443a94762fd927fe232eee0954a0a2d0d318895014058e9554930
CLIENT_TRAFFIC_SECRET_0 1e61f559a16852bb0104e3ba22e6cd61a7f6359992cc8106059e28aec4ea1345 119dbce269b91af98b81e98018b5625a061cd4bfb64fcf29689cbe5d58dd23ad
SERVER_TRAFFIC_SECRET_0 1e61f559a16852bb0104e3ba22e6cd61a7f6359992cc8106059e28aec4ea1345 6acfdeb954c9592a9a9e1381f84754b753e4bf935ac71ab5665d5600a722e85c
EXPORTER_SECRET 1e61f559a16852bb0104e3ba22e6cd61a7f6359992cc8106059e28aec4ea1345 763de8b0cb16719d03cefc5b652b66250c52759d1b5d5e13586f55e26cc35209
CLIENT_HANDSHAKE_TRAFFIC_SECRET d2545f7ff45d9e22107eb4638c3ad11f126e4da2ef38eff0e32fad435c4ff842 b77baab6e7401b10ba00a3e439ff3587f034cf745d3c180e30fab85edbd5bc8a
SERVER_HANDSHAKE_TRAFFIC_SECRET d2545f7ff45d9e22107eb4638c3ad11f126e4da2ef38eff0e32fad435c4ff842 0c312b8287e05149d54ac9ac31cdb93a52441e9733545873d069937f9d4b4fe4
CLIENT_TRAFFIC_SECRET_0 d2545f7ff45d9e22107eb4638c3ad11f126e4da2ef38eff0e32fad435c4ff842 9993981c7b8f9e53219d46eb952130e44833aed2d817554670ba9ebe2e38639a
SERVER_TRAFFIC_SECRET_0 d2545f7ff45d9e22107eb4638c3ad11f126e4da2ef38eff0e32fad435c4ff842 9ae3af5047763dfd398aa608e260f0075b67cc01ddf7ce96b9faa060f0b210c9
EXPORTER_SECRET d2545f7ff45d9e22107eb4638c3ad11f126e4da2ef38eff0e32fad435c4ff842 f1c960b777b09d8dc13d0ba52172e0d0f5cf9bfae99bdcb163639f161ce3951c
CLIENT_HANDSHAKE_TRAFFIC_SECRET 2676e0d30b8c8c603dba702ef472ab4c41f07cbccb40d65edf666eb84a297360 4f9b109690c5e3fe11b52b10a53d45cb94c5f923127c260fbba9d1b5f7f51cc7
SERVER_HANDSHAKE_TRAFFIC_SECRET 2676e0d30b8c8c603dba702ef472ab4c41f07cbccb40d65edf666eb84a297360 329a32ffc2b5ef88319b0e002292c8aef33d3adf7771bb2d455b683d1c6ce090
CLIENT_TRAFFIC_SECRET_0 2676e0d30b8c8c603dba702ef472ab4c41f07cbccb40d65edf666eb84a297360 6a8baec11de0a5b5e8e4b3dcb4540e45a11356ff4b188f21536407b81bbede1d
SERVER_TRAFFIC_SECRET_0 2676e0d30b8c8c603dba702ef472ab4c41f07cbccb40d65edf666eb84a297360 262a644458d8ce4352255068ae73ee00ada00a58509167c4ce6e70dea8a23b86
EXPORTER_SECRET 2676e0d30b8c8c603dba702ef472ab4c41f07cbccb40d65edf666eb84a297360 7df9631aaeb09bc5720d3344f89d9a0f48a068ace34ac7077192647588038810
CLIENT_HANDSHAKE_TRAFFIC_SECRET a55fe5b2a89bf5b04f6e42e412f3c7946b91fe45d9c4519c10d0f3477d81e969 feece38084ae9676b60c18c42ea0b1bb408ff437f9c5c942fc66d4ac2c1dbe40
SERVER_HANDSHAKE_TRAFFIC_SECRET a55fe5b2a89bf5b04f6e42e412f3c7946b91fe45d9c4519c10d0f3477d81e969 04b5f8107443393c1a3b000996334be07164140b9b90871279e8d293013ded34
CLIENT_TRAFFIC_SECRET_0 a55fe5b2a89bf5b04f6e42e412f3c7946b91fe45d9c4519c10d0f3477d81e969 0013345b59c97e542755c90000b4ec97a2abdc4fbfb63530444f88dc651a118e
SERVER_TRAFFIC_SECRET_0 a55fe5b2a89bf5b04f6e42e412f3c7946b91fe45d9c4519c10d0f3477d81e969 4d1571ba897c0c570d25e698c1ca1ed008e519f2ca04559aab177bdee1e617de
EXPORTER_SECRET a55fe5b2a89bf5b04f6e42e412f3c7946b91fe45d9c4519c10d0f3477d81e969 e619bba9c9fa169d8a6dff2a41ecc928c0d3089f201b9b50b1aef6b9b4487626
CLIENT_HANDSHAKE_TRAFFIC_SECRET cf75336d110d58bfbe9f98a8b74c9d89c216b7809f1f7518a9804effd5503195 646d4c6ef3472ff2fb931bb09ec4cf532fbbc8634f67a498f93fa5ea4b9b7301
SERVER_HANDSHAKE_TRAFFIC_SECRET cf75336d110d58bfbe9f98a8b74c9d89c216b7809f1f7518a9804effd5503195 e390583e0b15b815aff7da2ca3f5e5949b7763f23f168856823a645abf34b703
CLIENT_TRAFFIC_SECRET_0 cf75336d110d58bfbe9f98a8b74c9d89c216b7809f1f7518a9804effd5503195 7018cccbf95a2cada9e90e5307cc081ef61bd37fb6dbe9a20c49b17d762622ef
SERVER_TRAFFIC_SECRET_0 cf75336d110d58bfbe9f98a8b74c9d89c216b7809f1f7518a9804effd5503195 5c33fdf8e7278659c7e31e4ca3fc349e65106938c92584328442c1e3dcbd0e50
EXPORTER_SECRET cf75336d110d58bfbe9f98a8b74c9d89c216b7809f1f7518a9804effd5503195 87248a41bad98571af8d92f424cb0f14c67971c3198ba6711789ca129c0b98e2
CLIENT_HANDSHAKE_TRAFFIC_SECRET 11acd4173e1bc35b022494bd6201d11455b31b8cfd6f0d1a78f3f934802f8d45 663e5e5880cc1f8ac4bb0deca7870b16048d9a4900be309d5b147261475434aa
SERVER_HANDSHAKE_TRAFFIC_SECRET 11acd4173e1bc35b022494bd6201d11455b31b8cfd6f0d1a78f3f934802f8d45 69a4f0bec015483db7d95f35176a91e0cead036b5f9610d834c21417a2b69fe5
CLIENT_TRAFFIC_SECRET_0 11acd4173e1bc35b022494bd6201d11455b31b8cfd6f0d1a78f3f934802f8d45 08701236e8311472cc5b5d6405cb054b0c1adc2ab20f8db1050e999feea2dbe1
SERVER_TRAFFIC_SECRET_0 11acd4173e1bc35b022494bd6201d11455b31b8cfd6f0d1a78f3f934802f8d45 b4a9931d47fd156b1e2a75de7a48458b5f91dbead614f2039f5129c84d92f3b2
EXPORTER_SECRET 11acd4173e1bc35b022494bd6201d11455b31b8cfd6f0d1a78f3f934802f8d45 e6c3eead3058219a64e6f227590050e0403d0fc776b747fbb618c0024b2b059e
CLIENT_HANDSHAKE_TRAFFIC_SECRET a354e444e7cdcf35b1279ca74e46511fdad0df362d7f6f0ca602dabda4a8a777 bba4e66e4114f359c566c7b21bc93b6e628f5674be5c81f31f44d7ee1ff0362f
SERVER_HANDSHAKE_TRAFFIC_SECRET a354e444e7cdcf35b1279ca74e46511fdad0df362d7f6f0ca602dabda4a8a777 b3edefc17003fd9b831ea59bd84b81759094170db5f4b1e82b9fc1f9535e74ba
CLIENT_TRAFFIC_SECRET_0 a354e444e7cdcf35b1279ca74e46511fdad0df362d7f6f0ca602dabda4a8a777 200ae316e6b4228896686a404149d34d74f8072dfb9d9696e4c7458587aafb93
SERVER_TRAFFIC_SECRET_0 a354e444e7cdcf35b1279ca74e46511fdad0df362d7f6f0ca602dabda4a8a777 1850c88e0748da5579acc0ab1c9403b96c6f6c5b2ff5b5239b0400cca369b003
EXPORTER_SECRET a354e444e7cdcf35b1279ca74e46511fdad0df362d7f6f0ca602dabda4a8a777 aae43265938ec2752602d49ad1ae5b36529f2daf8487fd2ef76541710b3417ee
CLIENT_HANDSHAKE_TRAFFIC_SECRET 582c2eda61249155cab0888b691f4264b9b68867ec6f2729863a74503cf30d73 6c53b53ae9ffced2ac4b32b196bf9e8f67c954cad02ed3b9ed5f0949c295dfeb
SERVER_HANDSHAKE_TRAFFIC_SECRET 582c2eda61249155cab0888b691f4264b9b68867ec6f2729863a74503cf30d73 7d7b5aa574a64325e875178291016cc41341f09462b29833cf104e120e3fad22
CLIENT_TRAFFIC_SECRET_0 582c2eda61249155cab0888b691f4264b9b68867ec6f2729863a74503cf30d73 290220eb0d0aa218a0710fa6fab1a05857fee3b657a8e057b0000d8904c05c3b
SERVER_TRAFFIC_SECRET_0 582c2eda61249155cab0888b691f4264b9b68867ec6f2729863a74503cf30d73 762e28bb510a2724fb61c3fb5ffae05c2d2664015e2a7254ca5253687195e02e
EXPORTER_SECRET 582c2eda61249155cab0888b691f4264b9b68867ec6f2729863a74503cf30d73 8dc4be24be5f6653d2efb1d75020bbb884815e8725b8e910f2b56b50aface4c9
CLIENT_HANDSHAKE_TRAFFIC_SECRET 866caae70eeb612bd9aba38a4b762ef1a91467431d8565d2fdef9f10f548b1dc 373b4c63c1826d190c02378d15a9a6966ff869f917afb4a52f09e47c8497a760
SERVER_HANDSHAKE_TRAFFIC_SECRET 866caae70eeb612bd9aba38a4b762ef1a91467431d8565d2fdef9f10f548b1dc a48bc15b25ce3d55c98dcea6ec5659df0b60c3e2cda89ecf8b94222338187c64
CLIENT_TRAFFIC_SECRET_0 866caae70eeb612bd9aba38a4b762ef1a91467431d8565d2fdef9f10f548b1dc 7fd7c900a5028ebde4ff85ae2452b602686434158ac76387ad4c6d86f944057b
SERVER_TRAFFIC_SECRET_0 866caae70eeb612bd9aba38a4b762ef1a91467431d8565d2fdef9f10f548b1dc ecf4b7a10c250ff09d1f0e864822c105000dd64ed82b06a4a8ffb44a961f9810
EXPORTER_SECRET 866caae70eeb612bd9aba38a4b762ef1a91467431d8565d2fdef9f10f548b1dc 8914fdeea3861d2c134fd3b6ec4d6d9d143184c7fd50f959a9fe49d083ff15b8
CLIENT_HANDSHAKE_TRAFFIC_SECRET 5ec988e438c7f5cee8f78044bc40887c48373418ece93a55789ffc0bad313cc6 c1f1e3ee0f45d1dc08da0a3c2d5195ad4b5103b7e95dd3bab2570ef67dd5ae44
SERVER_HANDSHAKE_TRAFFIC_SECRET 5ec988e438c7f5cee8f78044bc40887c48373418ece93a55789ffc0bad313cc6 1aa0f133b666135f8451230f6a1fbf1fc25db6b660a0eee6844c34adc0dbefda
CLIENT_TRAFFIC_SECRET_0 5ec988e438c7f5cee8f78044bc40887c48373418ece93a55789ffc0bad313cc6 3c9d9520024ac7a10594be55aede75781ce11e3ad86e39aaaf62a08a0f1c7db1
SERVER_TRAFFIC_SECRET_0 5ec988e438c7f5cee8f78044bc40887c48373418ece93a55789ffc0bad313cc6 8e020b94738400abf1cbfe44a4e778d0b0e3f84482a84ede9ccd09207471955e
EXPORTER_SECRET 5ec988e438c7f5cee8f78044bc40887c48373418ece93a55789ffc0bad313cc6 749787aba6de2bbae62ffc8318e82c08f985a5f40fb4fbfd092f17d9b07b399e
CLIENT_HANDSHAKE_TRAFFIC_SECRET 6c8c99e77eea0adfb68f3bc83d2724c872a2a51338f4fc054a7f85f16cd122bb dbb037c6f3033eb0c65aac4e826a8c76b897646d47f6305d333c4645691c2a2b
SERVER_HANDSHAKE_TRAFFIC_SECRET 6c8c99e77eea0adfb68f3bc83d2724c872a2a51338f4fc054a7f85f16cd122bb 0ec629ec5489a5304f327c4ccffe78c1ecf91e8733c83cc71b487acbf528303a
CLIENT_TRAFFIC_SECRET_0 6c8c99e77eea0adfb68f3bc83d2724c872a2a51338f4fc054a7f85f16cd122bb 1e0f51eafa17ebbbb972bce78bab9b4e4182d16b49dd26e3aa0f58889eea2cde
SERVER_TRAFFIC_SECRET_0 6c8c99e77eea0adfb68f3bc83d2724c872a2a51338f4fc054a7f85f16cd122bb 9b5a9f3f4dd3b75646868ea0ad5874cb922f3d666adad982fd8bf745860a29fd
EXPORTER_SECRET 6c8c99e77eea0adfb68f3bc83d2724c872a2a51338f4fc054a7f85f16cd122bb 5914b6b3af31287ef724c04c59595afc79dabade452860b56618c09357215e40
CLIENT_HANDSHAKE_TRAFFIC_SECRET 043b88cae76647490d9248b4d888c2262487367a974823b2b8b7bacee0ad7862 b63696e7ad361ba6e742803cd7071257f0f9318a4764ecc233d82a98611136ce
SERVER_HANDSHAKE_TRAFFIC_SECRET 043b88cae76647490d9248b4d888c2262487367a974823b2b8b7bacee0ad7862 49cb1e84d850a162707c10643bcdd8d8bc04692812416a3f3dae20be015d21ee
CLIENT_TRAFFIC_SECRET_0 043b88cae76647490d9248b4d888c2262487367a974823b2b8b7bacee0ad7862 c4913d8894a6d7ed2c3224c084271b9f767e4648491965f5a24d3c67c2dee80f
SERVER_TRAFFIC_SECRET_0 043b88cae76647490d9248b4d888c2262487367a974823b2b8b7bacee0ad7862 b88b7bdef8a21ba0d05f7563af08ac4f00b9a35090f0bf6ea6a74fa90d87d8a5
EXPORTER_SECRET 043b88cae76647490d9248b4d888c2262487367a974823b2b8b7bacee0ad7862 98628e6f1154fcbabaa66134a10b0091335f72148115b88237a20596c9be0376
CLIENT_HANDSHAKE_TRAFFIC_SECRET 6f4f303a8f315d6b405b69532b9efcb1bc28207b8fa05d6f6e35d44a9ba645aa febf5f46469347b9ae32f808726cc0be770b09a2d351e6d1034ed786882156cb
SERVER_HANDSHAKE_TRAFFIC_SECRET 6f4f303a8f315d6b405b69532b9efcb1bc28207b8fa05d6f6e35d44a9ba645aa e88fd8345a7a831f0839cea43af910152a6e8f61a57b1777db65713e71bddcd9
CLIENT_TRAFFIC_SECRET_0 6f4f303a8f315d6b405b69532b9efcb1bc28207b8fa05d6f6e35d44a9ba645aa ff4fa77595865c46699d4f56ddddb89d5fa1d05c0f03a6d829a2ab43da1c24b3
SERVER_TRAFFIC_SECRET_0 6f4f303a8f315d6b405b69532b9efcb1bc28207b8fa05d6f6e35d44a9ba645aa 18f13dd1fc431bb73d45af083f61ce69ae514e63d62c755fea1539828c06b3a7
EXPORTER_SECRET 6f4f303a8f315d6b405b69532b9efcb1bc28207b8fa05d6f6e35d44a9ba645aa ee4ed0ddf67abdcd3308648d555e9fbfdc8a3ff7e2bef3989ae4972780207f40
CLIENT_HANDSHAKE_TRAFFIC_SECRET 09d64096e27dd68fe62c4ab828d1be2ce73d4b25e2f5455bc76d97894e8d25c9 27f0080e856d47b05d4aa69e235945736b94250014e214d53b41711e8a1b6dcb
SERVER_HANDSHAKE_TRAFFIC_SECRET 09d64096e27dd68fe62c4ab828d1be2ce73d4b25e2f5455bc76d97894e8d25c9 267cee14a02fb4be8768f375bbb04664340071d479c2a834c33d908a59544985
CLIENT_TRAFFIC_SECRET_0 09d64096e27dd68fe62c4ab828d1be2ce73d4b25e2f5455bc76d97894e8d25c9 b796309b087fa3be3c9faba898f0c14535f4884de47f1d66381231c811d4b577
SERVER_TRAFFIC_SECRET_0 09d64096e27dd68fe62c4ab828d1be2ce73d4b25e2f5455bc76d97894e8d25c9 ca947b512fc380148b7d8d2ee2194a0c9f4029de2e4cc1eb2f8d9b7ff19e12cb
EXPORTER_SECRET 09d64096e27dd68fe62c4ab828d1be2ce73d4b25e2f5455bc76d97894e8d25c9 32fe973f7949087ef4c12d410a6f67aab161574a3cd10ee632be9a86acb5dcde
CLIENT_HANDSHAKE_TRAFFIC_SECRET 7fef0356b2acbd7dc925ec14d60014fdea798c6094f49b06231be6720ba68024 28359c1c6ae6a03c7bef27a14139cf4a5c833f1057351ccad2031892f9a22a38
SERVER_HANDSHAKE_TRAFFIC_SECRET 7fef0356b2acbd7dc925ec14d60014fdea798c6094f49b06231be6720ba68024 77a603404017a50ebb6b4ef1b9af69b35099c62ebe2f4c6184b98b6e950c7eb1
CLIENT_TRAFFIC_SECRET_0 7fef0356b2acbd7dc925ec14d60014fdea798c6094f49b06231be6720ba68024 e8ef91fe9764a05983fddca60f438b05a5b0a8284e22e5f4e8fd23b9a2775142
SERVER_TRAFFIC_SECRET_0 7fef0356b2acbd7dc925ec14d60014fdea798c6094f49b06231be6720ba68024 0d624b1c6c58e0ed45142523b9d6f3d98b6ad32bfd9f23d0bcb372406795cd7a
EXPORTER_SECRET 7fef0356b2acbd7dc925ec14d60014fdea798c6094f49b06231be6720ba68024 cf50ea4ad2b7ba498b1bf2c0d33f4039778303ed38d4b2254edef4692e1a658a
CLIENT_HANDSHAKE_TRAFFIC_SECRET 1d8f67ebf480d348bf1632c6b9b460b43534c02fa1ffa9658faaf744b9228e33 7e647ed05c27e957d2d872fab0ee1d135540575183aff8434f87829ec949ef95
SERVER_HANDSHAKE_TRAFFIC_SECRET 1d8f67ebf480d348bf1632c6b9b460b43534c02fa1ffa9658faaf744b9228e33 7d45011dad808f37894bce3e86d79820a93b486ba35448271431d59030330f24
CLIENT_TRAFFIC_SECRET_0 1d8f67ebf480d348bf1632c6b9b460b43534c02fa1ffa9658faaf744b9228e33 717de8e17191c471c9fd1310a0bb57fd557ce9754be6da0528313736f275c4b9
SERVER_TRAFFIC_SECRET_0 1d8f67ebf480d348bf1632c6b9b460b43534c02fa1ffa9658faaf744b9228e33 17c1278b347e1a0cd3c379757dae80fa9cf6213e573d85e0fa5b23c8e071ee08
EXPORTER_SECRET 1d8f67ebf480d348bf1632c6b9b460b43534c02fa1ffa9658faaf744b9228e33 28d06b7331f753d7900af3b051bd1bd1d19b1e8a3caa2e1bfeb6806656be476f
CLIENT_HANDSHAKE_TRAFFIC_SECRET 91bcca6007f661ac1222189a771d011b8fc99f39abd1486b884796c6334a5857 923c0b71d728cbb06e1417ba1e3c5ea5b06154cd5c5eebb5d35bfc5f980af20b
SERVER_HANDSHAKE_TRAFFIC_SECRET 91bcca6007f661ac1222189a771d011b8fc99f39abd1486b884796c6334a5857 6e51e7f541f43b23e81ff44cecba0d251fb64d84e10b890a84f444c209a5c7e6
CLIENT_TRAFFIC_SECRET_0 91bcca6007f661ac1222189a771d011b8fc99f39abd1486b884796c6334a5857 7347e60aa2f34ccbc79cb14d95bf36a5d790daf76dc8f0173359f7ab20e6b30b
SERVER_TRAFFIC_SECRET_0 91bcca6007f661ac1222189a771d011b8fc99f39abd1486b884796c6334a5857 9a826153c6bdc9e9d813251413e71ca4994e3b715a1bdbc9f31f564800d6eafb
EXPORTER_SECRET 91bcca6007f661ac1222189a771d011b8fc99f39abd1486b884796c6334a5857 9ae39744ea524ee2970454dde247a10406b46d2fe12f7fcb3e15f22c615a057f
CLIENT_HANDSHAKE_TRAFFIC_SECRET 2eafdb2e31fe62f6d8eb2b49ed4202fd8459b1b5692e27b247ec28b1c626aee7 0cd2c377f838ef91c30b4137c06dda9a5e7d7fd0e822b1611cd3f5354f38af08
SERVER_HANDSHAKE_TRAFFIC_SECRET 2eafdb2e31fe62f6d8eb2b49ed4202fd8459b1b5692e27b247ec28b1c626aee7 f05c9d04aea1e19d3d9244e4094254e070ceb56c6c3af640abf19d036831fa1c
CLIENT_TRAFFIC_SECRET_0 2eafdb2e31fe62f6d8eb2b49ed4202fd8459b1b5692e27b247ec28b1c626aee7 a9ca7ae92b39ef4a4d7a4ff928e53582103b5b4aa5dd6db4ea9883cfd39aef49
SERVER_TRAFFIC_SECRET_0 2eafdb2e31fe62f6d8eb2b49ed4202fd8459b1b5692e27b247ec28b1c626aee7 ae1862ff6e4dba8288bb124c4e97290509c29636e189aba0385b5d2870dbe255
EXPORTER_SECRET 2eafdb2e31fe62f6d8eb2b49ed4202fd8459b1b5692e27b247ec28b1c626aee7 942c7e35672c5cf56d01a9a59ce6174276ca15f22f229e7921edf81194568f94
CLIENT_HANDSHAKE_TRAFFIC_SECRET 79975f8e0fa53aeceba76038f9823d20456cb153da889faefb3a2e0f00a46572 dc2f8ac78976fa002f1d8dd9efe9cc11c479a80f49c91026c7b313b745021297
SERVER_HANDSHAKE_TRAFFIC_SECRET 79975f8e0fa53aeceba76038f9823d20456cb153da889faefb3a2e0f00a46572 a7501d540dafc8ed2e2cfa40e79f8f21ce5a45baaeda17785c5f4b4db7775152
CLIENT_TRAFFIC_SECRET_0 79975f8e0fa53aeceba76038f9823d20456cb153da889faefb3a2e0f00a46572 38b9286d0a13c1649b7d36c0d25f8b232b844926fa40f1ced94c22a68e25c857
SERVER_TRAFFIC_SECRET_0 79975f8e0fa53aeceba76038f9823d20456cb153da889faefb3a2e0f00a46572 587b172edec9339ac620099e94b9154ce3cbf8556f6d82f5cbeecc71da5f9272
EXPORTER_SECRET 79975f8e0fa53aeceba76038f9823d20456cb153da889faefb3a2e0f00a46572 9daf97232e661035b989f81e630b3c12c8c9d8216cd01b819fd440320779c680
CLIENT_HANDSHAKE_TRAFFIC_SECRET c4c11613ab2567641cb57666c3b70f762b3307968b48b95bc6e38a33b46cd29f 9188f193c5a38ced2d6cbc992f31409ff46f988a2066bacbec4579525e771003
SERVER_HANDSHAKE_TRAFFIC_SECRET c4c11613ab2567641cb57666c3b70f762b3307968b48b95bc6e38a33b46cd29f 03a33ea27790b15506857095dce78929af391fe900a46c9add2c3add32b54d5a
CLIENT_TRAFFIC_SECRET_0 c4c11613ab2567641cb57666c3b70f762b3307968b48b95bc6e38a33b46cd29f 01dce3967995ad49b35b3ad2c0b73ee7c9b2342dde7cef2a3694c684ecc77228
SERVER_TRAFFIC_SECRET_0 c4c11613ab2567641cb57666c3b70f762b3307968b48b95bc6e38a33b46cd29f 347bb4a28c5372287313036c78bf5c3028d8d25f08d5d0f860282c5956ebe82b
EXPORTER_SECRET c4c11613ab2567641cb57666c3b70f762b3307968b48b95bc6e38a33b46cd29f a42febd27011eb8f0bac6cea78272923988c177c17dac841073448c659d1af1e
CLIENT_HANDSHAKE_TRAFFIC_SECRET 1f00162ebb12c4f2da8dbb261c94e0a790ca4a2e0e325ff454a31aaf0f3ff466 6fdae2d770b29072bacfc5fd6872e02148eefc23aeda4c69534d5925b772fd8d
SERVER_HANDSHAKE_TRAFFIC_SECRET 1f00162ebb12c4f2da8dbb261c94e0a790ca4a2e0e325ff454a31aaf0f3ff466 1897dd1ce1ddd40b017aaf2330a4c4e1a49879cb6ec0489b085bdbbc1766bfc3
CLIENT_TRAFFIC_SECRET_0 1f00162ebb12c4f2da8dbb261c94e0a790ca4a2e0e325ff454a31aaf0f3ff466 3f13df6101b1bd19071d203608496a2ef28ae3e9a4b71545ba8b3aaef7bad02d
SERVER_TRAFFIC_SECRET_0 1f00162ebb12c4f2da8dbb261c94e0a790ca4a2e0e325ff454a31aaf0f3ff466 8c0962158ca6b51f6894c39f95d37f5952ff9fd170e74a467da71494cd46f28d
EXPORTER_SECRET 1f00162ebb12c4f2da8dbb261c94e0a790ca4a2e0e325ff454a31aaf0f3ff466 e7e630a5b1648672f9ea4de694afa5484b80f0c356cb3157f8677aabf0a6c938
CLIENT_HANDSHAKE_TRAFFIC_SECRET 2a628895227e1335786806194f85bb442d27fbf33f4cb88c8aa92ce795297840 e6470f4d1ad76b9bb65546c40305cc314b76bc15d703861944f6de46ee974eb1
SERVER_HANDSHAKE_TRAFFIC_SECRET 2a628895227e1335786806194f85bb442d27fbf33f4cb88c8aa92ce795297840 736ddb857b77df9909985c810bd28174c35b73e7070b17bcdcbdd0a24ec9325e
CLIENT_TRAFFIC_SECRET_0 2a628895227e1335786806194f85bb442d27fbf33f4cb88c8aa92ce795297840 4fbd53c157276ae3f3fc3844b99f8ec79264489c672285b712923fcf7be1a59a
SERVER_TRAFFIC_SECRET_0 2a628895227e1335786806194f85bb442d27fbf33f4cb88c8aa92ce795297840 2f64115102ba8f7f97ad9620c2abefafab60707dc77bf98ebe5454b12080b223
EXPORTER_SECRET 2a628895227e1335786806194f85bb442d27fbf33f4cb88c8aa92ce795297840 801e07651308ed048e4e6c774d78bbd9fa9da0dc2cc1678f1d034894a4398309
CLIENT_HANDSHAKE_TRAFFIC_SECRET 848b4d828b6d95dea48b152b986880c1ed3e71ff9fef8ab6aa67c0d355d7d80b 61ab41a9e258d22c9c8e0d37c225843c23e9c45cec12c97a09ad88370fa46061
SERVER_HANDSHAKE_TRAFFIC_SECRET 848b4d828b6d95dea48b152b986880c1ed3e71ff9fef8ab6aa67c0d355d7d80b a0b61d66e634e1c674dd5b067d31ee7f3dea91ef75c26445bfac1df3ca172db4
CLIENT_TRAFFIC_SECRET_0 848b4d828b6d95dea48b152b986880c1ed3e71ff9fef8ab6aa67c0d355d7d80b 7e254df248688b0be28e3e7478ff2c98b9d8a04e8f68d693fc34489b4637db02
SERVER_TRAFFIC_SECRET_0 848b4d828b6d95dea48b152b986880c1ed3e71ff9fef8ab6aa67c0d355d7d80b c47ef42c03cbb7e331474da0b98e62530a9810b29af13a87ed0de54c253224f2
EXPORTER_SECRET 848b4d828b6d95dea48b152b986880c1ed3e71ff9fef8ab6aa67c0d355d7d80b a174cc6526e9ae0e44ddc16155208a79662f0fb5ac58e3e40ff02bac7cc12b58
CLIENT_HANDSHAKE_TRAFFIC_SECRET b942aba592d407a7e510c16ae162978e87890d8d198d5b5ae737c3228f75863e b687cc26af79398fd4ed021a3f28fa4567c205f9a92a347991f35597e83be905
SERVER_HANDSHAKE_TRAFFIC_SECRET b942aba592d407a7e510c16ae162978e87890d8d198d5b5ae737c3228f75863e b10a89ffee8760f23fe089c94611a1488bf165734db67d55e214e47b6b9e4987
CLIENT_TRAFFIC_SECRET_0 b942aba592d407a7e510c16ae162978e87890d8d198d5b5ae737c3228f75863e d4a1a754a361447b3757a2c758ceabf9029b8c319547539d30101a85a391bf7c
SERVER_TRAFFIC_SECRET_0 b942aba592d407a7e510c16ae162978e87890d8d198d5b5ae737c3228f75863e 583daf682b14401b89b377b7e681f3927a1f7871b5ef5eaeb09040a51604672d
EXPORTER_SECRET b942aba592d407a7e510c16ae162978e87890d8d198d5b5ae737c3228f75863e 153f2698f5b0fb15b521c3a8e4e76b4e8f93737892aed9c3f555c9189df3538e
CLIENT_HANDSHAKE_TRAFFIC_SECRET e64677b61b49daa70da9f60fbfea4a1d5cf9142d386f298e4d8b7d7ea4737c45 5360dcbc94e78ff895902c2037e2feb086af1f5b3cadd24d93f6932b699370ba
SERVER_HANDSHAKE_TRAFFIC_SECRET e64677b61b49daa70da9f60fbfea4a1d5cf9142d386f298e4d8b7d7ea4737c45 dc91706e5eed2208df8c58dae34ba5ed989176d6556eaf03a8aa069d5eb48106
CLIENT_TRAFFIC_SECRET_0 e64677b61b49daa70da9f60fbfea4a1d5cf9142d386f298e4d8b7d7ea4737c45 9deb6bfafe409f32eb04bf1025cfa90b9a43d5993a0e599e0e37174d78996336
SERVER_TRAFFIC_SECRET_0 e64677b61b49daa70da9f60fbfea4a1d5cf9142d386f298e4d8b7d7ea4737c45 cdc537065255167216ce8407f5bad09a003a7a8d83b1d26a91ef5547c396872d
EXPORTER_SECRET e64677b61b49daa70da9f60fbfea4a1d5cf9142d386f298e4d8b7d7ea4737c45 3be02088d7126f6be2a14d0a194a431d8e7cb83053d381a50ef914e4bf1ba4fa
CLIENT_HANDSHAKE_TRAFFIC_SECRET 1c0fed471435425a4576f4a1d4534a1d0d108c088a74dbb6d4283140f9ba57ec 855957bfb2ed41f03af8af075d5860ea219b3f8111b69f32ac3708348c10b282
SERVER_HANDSHAKE_TRAFFIC_SECRET 1c0fed471435425a4576f4a1d4534a1d0d108c088a74dbb6d4283140f9ba57ec f6cd4d5b41dfc5022dcc940f471314bbf9fe6e9fceda2fd87655086558447239
CLIENT_TRAFFIC_SECRET_0 1c0fed471435425a4576f4a1d4534a1d0d108c088a74dbb6d4283140f9ba57ec 0599ef2d81a1274c8544add298af7bf36a49b7bdc74411d337eda923ba2d01f9
SERVER_TRAFFIC_SECRET_0 1c0fed471435425a4576f4a1d4534a1d0d108c088a74dbb6d4283140f9ba57ec 86d3fe315b1c34bbbf569ba7b03d12cb07e30bd8bf015405fc45679bf8fb7219
EXPORTER_SECRET 1c0fed471435425a4576f4a1d4534a1d0d108c088a74dbb6d4283140f9ba57ec 63cd0e1c70a5179a2fad7a7f767767fd27ed13d07b0e2a7a1685e5420f288025
CLIENT_HANDSHAKE_TRAFFIC_SECRET 45c1e3f024a2006bffd3a07c491ba312af598ca5f221e76ee8b7b2e0865d0993 d0263d961db0d6119cf0546481c267353915c377d5311073af4ee3573a155e5b
SERVER_HANDSHAKE_TRAFFIC_SECRET 45c1e3f024a2006bffd3a07c491ba312af598ca5f221e76ee8b7b2e0865d0993 a849f40325408da652f1c9e47cf52a7e4d8d9163749b2482e023592ec70f7e65
CLIENT_TRAFFIC_SECRET_0 45c1e3f024a2006bffd3a07c491ba312af598ca5f221e76ee8b7b2e0865d0993 e08f767abefccff9a1cee54587dce93f75a68020f3f14f908b845cc77dc2e039
SERVER_TRAFFIC_SECRET_0 45c1e3f024a2006bffd3a07c491ba312af598ca5f221e76ee8b7b2e0865d0993 57b0394be28542a2636238919723343f1dcb924cde53a62e50ce2adbef99e2a0
EXPORTER_SECRET 45c1e3f024a2006bffd3a07c491ba312af598ca5f221e76ee8b7b2e0865d0993 2bf50770e5d78f3f7d0db77c567233e2ed7772085987f93d4c49c6fc3c9d6633
CLIENT_HANDSHAKE_TRAFFIC_SECRET 4b314f0b3b171c488c50dd59e53392c760e87b870fe5c23e06388b46e3d9fad4 5a0f2dd82652fa7e1e81f540e735c69f1ea98295adf6b8eb20e3a46dc5e16f71
SERVER_HANDSHAKE_TRAFFIC_SECRET 4b314f0b3b171c488c50dd59e53392c760e87b870fe5c23e06388b46e3d9fad4 b4208691d0d4eac4abf27f1f1d1f7b3ad03b10532c91418aa79f73dfb1086b56
CLIENT_TRAFFIC_SECRET_0 4b314f0b3b171c488c50dd59e53392c760e87b870fe5c23e06388b46e3d9fad4 331e1a4153a7be9a39543fe17d73403ba69469a5b562d287d383213679202790
SERVER_TRAFFIC_SECRET_0 4b314f0b3b171c488c50dd59e53392c760e87b870fe5c23e06388b46e3d9fad4 c33711618be55cecef404a6f41397da751b5b745792ee253fc813838ee7bd997
EXPORTER_SECRET 4b314f0b3b171c488c50dd59e53392c760e87b870fe5c23e06388b46e3d9fad4 3dab53cf6185de5b21efaa42d4a83cf5bd7856cc28cf6ae51a0c5a0784f986a4
